05-11 18:25:46.877 I/Capacitor/Console(28067): File:  - Line 333 - Msg: {"status":200,"headers":{"Accept-Ranges":"bytes","Age":"2092","alt-svc":"h3=\":443\";ma=86400,h3-29=\":443\";ma=86400,h3-27=\":443\";ma=86400","Connection":"keep-alive","content-type":"application/json; charset=utf-8","Date":"Mon, 11 May 2026 16:25:44 GMT","server":"gunicorn/asgi","Strict-Transport-Security":"max-age=300","Vary":"accept-language, Accept-Encoding","Via":"1.1 varnish","X-Android-Received-Millis":"1778516746151","X-Android-Response-Source":"NETWORK 200","X-Android-Selected-Protocol":"http/1.1","X-Android-Sent-Millis":"1778516746110","X-Cache":"MISS, HIT","X-Cache-Hits":"0, 0","x-nominatim-server":"dulcy.openstreetmap.org","X-Served-By":"cache-fra-etou8220131-FRA, cache-fra-eddf8230224-FRA","X-Timer":"S1778516744.327293,VS0,VE2"},"url":"https://nominatim.openstreetmap.org/search?format=jsonv2&q=Berlin&featureType=city&countrycodes=de&limit=50&addressdetails=1&extratags=1&polygon_geojson=1&accept-language=en","data":[{"place_id":144602669,"licence":"Data -® OpenStreetMap contributors, ODbL 1.0. http://osm.org/copyright","osm_type":"relation","osm_id":62422,"lat":"52.5173885","lon":"13.3951309","category":"boundary","type":"administrative","place_rank":7,"importance":0.8522196536088086,"addresstype":"city","name":"Berlin","display_name":"Berlin, Germany","address":{"city":"Berlin","ISO3166-2-lvl4":"DE-BE","country":"Germany","country_code":"de"},"extratags":{"ele":"35","flag":"File:Flag of Berlin.svg","email":"info@berlin.de","capital":"yes","website":"https://www.berlin.de","de:place":"city","ref:nuts":"DE3;DE30;DE300","timezone":"Europe/Berlin","wikidata":"Q64","wikipedia":"de:Berlin","population":"3769962","ref:LOCODE":"DE BER","ref:nuts:1":"DE3","ref:nuts:2":"DE30","ref:nuts:3":"DE300","name:prefix":"Land und Kreisfreie Stadt","coat_of_arms":"File:Coat of arms of Berlin.svg","linked_place":"city","official_status":"Land","contact:facebook":"http://www.facebook.com/Berlin","name:prefix:city":"Kreisfreie Stadt","capital_ISO3166-1":"yes","name:prefix:state":"Land","license_plate_code":"B","official_status:de":"Land","official_status:en":"State","official_status:ru":"đŔđÁđ+đ+ĐĹ","geographical_region":"Barnim;Berliner Urstromtal;Teltow;Nauener Platte","blind:description:de":"Auf www.berlinfuerblinde.de gibt es einen kostenlosen Audioguide und weitere Informationen.","de:regionalschluessel":"110000000000","report_problems:website":"https://ordnungsamt.berlin.de/","TMC:cid_58:tabcd_1:Class":"Area","TMC:cid_58:tabcd_1:LCLversion":"12.0","TMC:cid_58:tabcd_1:LocationCode":"266","de:amtlicher_gemeindeschluessel":"11000000","admin_level":"4"},"boundingbox":["52.3382448","52.6755087","13.0883450","13.7611609"],"geojson":{"type":"MultiPolygon","coordinates":[[[[13.088345,52.4196325],[13.0902086,52.4135513],[13.0902096,52.4133864],[13.0901879,52.4127306],[13.090275,52.4122142],[13.0907635,52.4115602],[13.0914423,52.4114007],[13.0921238,52.4112421],[13.0923549,52.4111158],[13.0934123,52.4105371],[13.0973918,52.4094186],[13.0979823,52.4098803],[13.0979771,52.4099395],[13.0983331,52.4100623],[13.0984081,52.410105],[13.0986134,52.4102707],[13.0986387,52.4102608],[13.0987017,52.4103302],[13.0985466,52.410389],[13.0985821,52.4104246],[13.0985744,52.410427],[13.0985674,52.4104301],[13.0985614,52.4104339],[13.0985565,52.4104382],[13.0985529,52.410443],[13.0985507,52.4104482],[13.0985499,52.4104536],[13.0985507,52.410459],[13.098553,52.4104642],[13.0985566,52.4104691],[13.0985942,52.4105055],[13.0985998,52.4105096],[13.0986065,52.4105131],[13.0986141,52.4105159],[13.0986223,52.4105178],[13.0986309,52.4105188],[13.0986382,52.410519],[13.0986454,52.4105186],[13.0986524,52.4105175],[13.0986591,52.4105158],[13.0986653,52.4105135],[13.0986708,52.4105106],[13.0987739,52.4106098],[13.0988504,52.410683],[13.0988945,52.4107249],[13.0989217,52.4107537],[13.0989441,52.4107839],[13.0989665,52.4108264],[13.0989797,52.4108704],[13.0989833,52.410915],[13.0989774,52.4109595],[13.0989621,52.4110034],[13.0989358,52.4110452],[13.0988991,52.4110841],[13.0988531,52.411119],[13.0
05-11 18:25:46.892 D/AOC     ( 1198): A3:MSG: icm456xy_device.cc, 443: USF: Device: type: 3, p/l: 0 ns/ 9223372036854775807 ns, O/WM/I: 50/3/17
05-11 18:25:46.892 D/AOC     ( 1198): A3:MSG: usf_sensor.cc, 1866: USF: Received start sampling request for ICM45631 Stationary Detect (active:1).
05-11 18:25:46.892 D/AOC     ( 1198): A3:MSG: icm456xy_device.cc, 443: USF: Device: type: 4, p/l: 640000000 ns/ 0 ns, O/WM/I: 50/3/17
05-11 18:25:46.892 D/AOC     ( 1198): CHRE: DRAM vote count begins
05-11 18:25:46.892 D/AOC     ( 1198): A3:MSG: motion_state_sensor.cc, 328: USF: MoSt: StationaryDetect sampling started with sampling ID 48242.
05-11 18:25:46.892 D/AOC     ( 1198): A3:MSG: usf_sensor.cc, 1866: USF: Received start sampling request for ICM45631 Accelerometer (active:6).
05-11 18:25:46.893 D/AOC     ( 1198): A3:MSG: icm456xy_device.cc, 443: USF: Device: type: 0, p/l: 20000000 ns/ 86666666 ns, O/WM/I: 50/3/17
05-11 18:25:46.893 D/AOC     ( 1198): A3:MSG: usf_sensor.cc, 1866: USF: Received start sampling request for ICM45631 Accelerometer (active:6).
05-11 18:25:46.893 D/AOC     ( 1198): A3:MSG: usf_sensor.cc, 1866: USF: Received start sampling request for ICM45631 Accelerometer (active:7).
05-11 18:25:46.894 D/AOC     ( 1198): CHRE: DRAM vote count ends: 0 ms
05-11 18:25:46.895 I/CHRE    (  955): @ 418354.417: [AR] IDLE => ON
05-11 18:25:46.895 D/AOC     ( 1198): A3:MSG: usf_sensor.cc, 1866: USF: Received start sampling request for ICM45631 Stationary Detect (active:2).
05-11 18:25:46.895 D/AOC     ( 1198): A3:MSG: usf_sensor.cc, 1866: USF: Received start sampling request for ICM45631 Accelerometer (active:7).
05-11 18:25:46.896 D/AOC     ( 1198): A3:MSG: icm456xy_device.cc, 443: USF: Device: type: 0, p/l: 2500000 ns/ 86666666 ns, O/WM/I: 50/3/17
05-11 18:25:46.897 D/AOC     ( 1198): CHRE: DRAM vote count begins
05-11 18:25:46.898 D/AOC     ( 1198): CHRE: DRAM vote count ends: 0 ms
05-11 18:25:46.898 I/CHRE    (  955): @ 418354.424: [COLUMBUS_LITE] Unblocked: stationary vs motion
05-11 18:25:46.900 D/AOC     ( 1198): A3:MSG: usf_sensor.cc, 1866: USF: Received start sampling request for ICM45631 Gyroscope (active:2).
05-11 18:25:46.901 D/AOC     ( 1198): A3:MSG: icm456xy_device.cc, 443: USF: Device: type: 1, p/l: 2500000 ns/ 66666666 ns, O/WM/I: 400/26/16
05-11 18:25:46.903 D/AOC     ( 1198): A3:MSG: usf_sensor.cc, 1866: USF: Received start sampling request for ICM45631 FreeFall Detect (active:1).
05-11 18:25:46.905 D/AOC     ( 1198): A3:MSG: icm456xy_device.cc, 443: USF: Device: type: 5, p/l: 640000000 ns/ 0 ns, O/WM/I: 400/26/16
05-11 18:25:46.910 D/CHRE.HAL(  955): Received a nanoapp message from 0x476f6f676c001019 endpoint 0x3: Type 0x1f4 size 12 
05-11 18:25:46.911 D/CHRE.HAL(  955): Received a nanoapp message from 0x476f6f676c001019 endpoint 0x3: Type 0x1f4 size 12 
05-11 18:25:46.921 D/Capacitor(28067): Handling local request: https://localhost/city-style.json
05-11 18:25:47.027 D/BoundBrokerSvc(24477): onRebind: Intent { act=com.google.android.gms.libs.gmscorelogger.service.START dat=chimera-action:/... xflg=0x4 cmp=com.google.android.gms/.chimera.PersistentDirectBootAwareApiService }
05-11 18:25:47.035 D/AOC     ( 1198): CHRE: DRAM vote count begins
05-11 18:25:47.036 I/CHRE    (  955): @ 418354.564: [COLUMBUS_LITE] AppManager: Timeout waiting for data, resetting, latency: 66416054481
05-11 18:25:47.036 D/AOC     ( 1198): CHRE: DRAM vote count ends: 0 ms
05-11 18:25:47.037 E/ashmem  (28140): readlink(/proc/self/fd/133) failed: Operation not permitted
05-11 18:25:47.081 E/ashmem  (28140): readlink(/proc/self/fd/132) failed: Operation not permitted
05-11 18:25:47.113 E/ashmem  (28140): readlink(/proc/self/fd/130) failed: Operation not permitted
05-11 18:25:47.114 E/ashmem  (28140): readlink(/proc/self/fd/132) failed: Operation not permitted
05-11 18:25:47.114 E/ashmem  (28140): readlink(/proc/self/fd/135) failed: Operation not permitted
05-11 18:25:47.329 W/Capacitor/Console(28067): File: blob:https://localhost/0bc041a9-d9fe-43ed-b36d-d7822558cb6e - Line 1 - Msg: Expected value to be of type number, but found null instead.
05-11 18:25:47.332 W/Capacitor/Console(28067): File: blob:https://localhost/0bc041a9-d9fe-43ed-b36d-d7822558cb6e - Line 1 - Msg: Expected value to be of type number, but found null instead.
05-11 18:25:47.335 W/Capacitor/Console(28067): File: blob:https://localhost/0bc041a9-d9fe-43ed-b36d-d7822558cb6e - Line 1 - Msg: Expected value to be of type number, but found null instead.
05-11 18:25:47.338 W/Capacitor/Console(28067): File: blob:https://localhost/0bc041a9-d9fe-43ed-b36d-d7822558cb6e - Line 1 - Msg: Expected value to be of type number, but found null instead.
05-11 18:25:47.343 W/Capacitor/Console(28067): File: blob:https://localhost/0bc041a9-d9fe-43ed-b36d-d7822558cb6e - Line 1 - Msg: Expected value to be of type number, but found null instead.
05-11 18:25:47.346 W/Capacitor/Console(28067): File: blob:https://localhost/0bc041a9-d9fe-43ed-b36d-d7822558cb6e - Line 1 - Msg: Expected value to be of type number, but found null instead.
05-11 18:25:47.348 W/Capacitor/Console(28067): File: blob:https://localhost/0bc041a9-d9fe-43ed-b36d-d7822558cb6e - Line 1 - Msg: Expected value to be of type number, but found null instead.
05-11 18:25:47.351 W/Capacitor/Console(28067): File: blob:https://localhost/0bc041a9-d9fe-43ed-b36d-d7822558cb6e - Line 1 - Msg: Expected value to be of type number, but found null instead.
05-11 18:25:47.353 W/Capacitor/Console(28067): File: blob:https://localhost/0bc041a9-d9fe-43ed-b36d-d7822558cb6e - Line 1 - Msg: Expected value to be of type number, but found null instead.
05-11 18:25:47.356 W/Capacitor/Console(28067): File: blob:https://localhost/0bc041a9-d9fe-43ed-b36d-d7822558cb6e - Line 1 - Msg: Expected value to be of type number, but found null instead.
05-11 18:25:47.359 W/Capacitor/Console(28067): File: blob:https://localhost/0bc041a9-d9fe-43ed-b36d-d7822558cb6e - Line 1 - Msg: Expected value to be of type number, but found null instead.
05-11 18:25:47.362 W/Capacitor/Console(28067): File: blob:https://localhost/0bc041a9-d9fe-43ed-b36d-d7822558cb6e - Line 1 - Msg: Expected value to be of type number, but found null instead.
05-11 18:25:47.364 W/Capacitor/Console(28067): File: blob:https://localhost/0bc041a9-d9fe-43ed-b36d-d7822558cb6e - Line 1 - Msg: Expected value to be of type number, but found null instead.
05-11 18:25:47.367 W/Capacitor/Console(28067): File: blob:https://localhost/0bc041a9-d9fe-43ed-b36d-d7822558cb6e - Line 1 - Msg: Expected value to be of type number, but found null instead.
05-11 18:25:47.368 W/Capacitor/Console(28067): File: blob:https://localhost/0bc041a9-d9fe-43ed-b36d-d7822558cb6e - Line 1 - Msg: Expected value to be of type number, but found null instead.
05-11 18:25:47.370 W/Capacitor/Console(28067): File: blob:https://localhost/0bc041a9-d9fe-43ed-b36d-d7822558cb6e - Line 1 - Msg: Expected value to be of type number, but found null instead.
05-11 18:25:47.372 W/Capacitor/Console(28067): File: blob:https://localhost/0bc041a9-d9fe-43ed-b36d-d7822558cb6e - Line 1 - Msg: Expected value to be of type number, but found null instead.
05-11 18:25:47.376 W/Capacitor/Console(28067): File: blob:https://localhost/0bc041a9-d9fe-43ed-b36d-d7822558cb6e - Line 1 - Msg: Expected value to be of type number, but found null instead.
05-11 18:25:47.417 W/Capacitor/Console(28067): File: blob:https://localhost/0bc041a9-d9fe-43ed-b36d-d7822558cb6e - Line 1 - Msg: Expected value to be of type number, but found string instead.
05-11 18:25:47.495 W/Capacitor/Console(28067): File: blob:https://localhost/0bc041a9-d9fe-43ed-b36d-d7822558cb6e - Line 1 - Msg: Expected value to be of type number, but found string instead.
05-11 18:25:47.537 D/CHRE.HAL(  955): Received a nanoapp message from 0x476f6f676c001019 endpoint 0x3: Type 0x1f4 size 12 
05-11 18:25:47.545 D/CHRE.HAL(  955): Received a nanoapp message from 0x476f6f676c001019 endpoint 0x3: Type 0x1f4 size 12 
05-11 18:25:47.695 E/ashmem  (28140): readlink(/proc/self/fd/134) failed: Operation not permitted
05-11 18:25:47.957 E/ashmem  (28140): readlink(/proc/self/fd/131) failed: Operation not permitted
05-11 18:25:47.961 E/ashmem  (28140): readlink(/proc/self/fd/136) failed: Operation not permitted
05-11 18:25:47.980 I/Capacitor/Console(28067): File: https://localhost/assets/index-nMfHsVdT.js - Line 9 - Msg: [atlas-fog] boundary ready {"cityKey":"13.08835:52.33824:13.76116:52.67551","hasBounds":true,"fogCells":0}
05-11 18:25:47.990 I/Capacitor/Console(28067): File: https://localhost/assets/index-nMfHsVdT.js - Line 9 - Msg: [atlas-fog] reveal {"progress":0,"revealedPoints":1,"fogCells":0,"cityKey":"13.08835:52.33824:13.76116:52.67551"}
05-11 18:25:48.227 I/ContentProtectionServic(10090): CP service destroyed
05-11 18:25:48.227 I/RemoteContentProtectionService( 1498): Connection status for: ComponentInfo{com.google.android.odad/com.google.android.apps.miphone.odad.contentprotection.ContentProtectionService} changed to: disconnected
05-11 18:25:48.258 E/ashmem  (28140): readlink(/proc/self/fd/131) failed: Operation not permitted
05-11 18:25:48.812 I/grilcallback( 1009): Updating HandGrip status
05-11 18:25:48.814 D/AOC     ( 1198): CHRE: DRAM vote count begins
05-11 18:25:48.814 D/AOC     ( 1198): CHRE: DRAM vote count ends: 0 ms
05-11 18:25:48.815 D/CHRE    (  955): @ 418356.341: Parsed nanoapp message from host: app ID 0x476f6f676c00103b endpoint 0x8005 msgType 1 payload size 7
05-11 18:25:48.857 I/grilcallback( 1009): HandGrip status updated successfully
05-11 18:25:48.865 I/WifiHAL ( 1024): Creating message to get link statistics; iface = 47
05-11 18:25:48.890 D/AOC     ( 1198): CHRE: DRAM vote count begins
05-11 18:25:48.890 D/AOC     ( 1198): CHRE: DRAM vote count ends: 0 ms
05-11 18:25:48.890 D/CHRE    (  955): @ 418356.417: Parsed nanoapp message from host: app ID 0x476f6f676c00103b endpoint 0x8005 msgType 1 payload size 5
05-11 18:25:48.888 I/deeptouch( 2160): I0000 00:00:1778516748.887940    2161 tf_lite_classifier.cc:415] Event stream classified as kNone
05-11 18:25:48.984 I/pixel-thermal( 1746): disp_therm:31.349 raw data: disp_therm:31349 
05-11 18:25:48.985 E/libbinder.IPCThreadState( 1024): binder thread pool (1 threads) starved for 120 ms
05-11 18:25:48.985 I/WifiHAL ( 1024): Getting cached scan results, iface handle = 0xb400007808dac6d0
05-11 18:25:48.985 E/WifiHAL ( 1024): Creating message to get cached scan results
05-11 18:25:48.987 I/pixel-thermal( 1746): cellular-emergency:32.1712 raw data: VIRTUAL-SKIN:32171.2 VIRTUAL-SKIN-SUB-0:31447.6 VIRTUAL-SKIN-SUB-1:28679.6 VIRTUAL-SKIN-SUB-10:30483.5 VIRTUAL-SKIN-SUB-2:30445.3 VIRTUAL-SKIN-SUB-3:29929.2 VIRTUAL-SKIN-SUB-4:31043.6 VIRTUAL-SKIN-SUB-5:30733.7 VIRTUAL-SKIN-SUB-6:29194.1 VIRTUAL-SKIN-SUB-7:32171.2 VIRTUAL-SKIN-SUB-8:31321.7 VIRTUAL-SKIN-SUB-9:31904.8 battery:31900 cam_therm:31594 cellular-emergency:32171.2 charge_therm:34555 disp_therm:31349 neutral_therm:33375 north_therm:31416 quiet_therm:31972 soc_therm:34109 usb_pwr_therm:32195 
05-11 18:25:48.987 I/pixel-thermal( 1746): VIRTUAL-SKIN-HINT:32.1712 raw data: VIRTUAL-SKIN:32171.2 VIRTUAL-SKIN-HINT:32171.2 
05-11 18:25:48.987 I/pixel-thermal( 1746): VIRTUAL-SKIN-CPU-LIGHT-ODPM:32.1712 raw data: VIRTUAL-SKIN:32171.2 VIRTUAL-SKIN-CPU-LIGHT-ODPM:32171.2 
05-11 18:25:48.987 I/pixel-thermal( 1746): VIRTUAL-SKIN-CPU-MID:32.1712 raw data: VIRTUAL-SKIN:32171.2 VIRTUAL-SKIN-CPU-MID:32171.2 
05-11 18:25:48.988 I/pixel-thermal( 1746): VIRTUAL-SKIN-CPU-HIGH:32.1712 raw data: VIRTUAL-SKIN:32171.2 VIRTUAL-SKIN-CPU-HIGH:32171.2 
05-11 18:25:48.988 I/pixel-thermal( 1746): VIRTUAL-SKIN-SOC:32.1712 raw data: VIRTUAL-SKIN:32171.2 VIRTUAL-SKIN-SOC:32171.2 
05-11 18:25:48.988 I/pixel-thermal( 1746): VIRTUAL-SKIN-GPU:32.1712 raw data: VIRTUAL-SKIN:32171.2 VIRTUAL-SKIN-GPU:32171.2 
05-11 18:25:48.988 I/pixel-thermal( 1746): VIRTUAL-SKIN:32.1712 raw data: VIRTUAL-SKIN:32171.2 
05-11 18:25:48.989 I/WifiHAL ( 1024): In GetCachedScanResultsCommand::handleResponse
05-11 18:25:48.997 W/chromium(28067): [WARNING:net/spdy/spdy_session.cc:3093] Received HEADERS for invalid stream 17
05-11 18:25:49.014 D/WifiHAL ( 1024): Start debug command: mType GET_FEATURE
05-11 18:25:49.014 I/WifiHAL ( 1024): CreateRequest mType = GET_FEATURE
05-11 18:25:49.014 D/WifiHAL ( 1024): In DebugCommand::handleResponse, mType:GET_FEATURE
05-11 18:25:49.014 D/WifiHAL ( 1024): len = 4, expected len = 4
05-11 18:25:49.039 W/chromium(28067): [WARNING:net/spdy/spdy_session.cc:3093] Received HEADERS for invalid stream 27
05-11 18:25:49.059 W/chromium(28067): [WARNING:net/spdy/spdy_session.cc:3093] Received HEADERS for invalid stream 29
05-11 18:25:49.212 D/SatelliteController( 2452): isInCarrierRoamingNbIotNtn: satellite is disabled
05-11 18:25:49.212 D/SatelliteController( 2452): getCarrierRoamingNtnConnectType: Checking connect type from PLMN config for subId: 2
05-11 18:25:49.212 D/SatelliteController( 2452): getCarrierRoamingNtnConnectType: config: null
05-11 18:25:49.213 D/SatelliteController( 2452): getCarrierRoamingNtnConnectType: Falling back to global carrier config connect type: 0
05-11 18:25:49.213 D/SatelliteController( 2452): updateLastNotifiedCarrierRoamingNtnSignalStrengthAndNotify(2)
05-11 18:25:49.213 D/SatelliteController( 2452): updateLastNotifiedCarrierRoamingNtnSignalStrengthAndNotify(2) lastNotifiedSignalStrength level: 0
05-11 18:25:49.213 D/SatelliteController( 2452): updateLastNotifiedCarrierRoamingNtnSignalStrengthAndNotify(2) currSignalStrength level: 0
05-11 18:25:49.217 I/SHANNON_IMS( 2386): 0709 [PROX] Received onSignalStrengthsChanged [CellSignalStrengthLte: rssi=-77 rsrp=-107 rsrq=-12 rssnr=10 cqiTableIndex=1 cqi=7 ta=4 level=3 parametersUseForLevel=0] [SLID:0 APM:false] (ImsConnectivityProxyListener$ImsPhoneStateListener%onSignalStrengthsChanged:413)
05-11 18:25:49.360 W/Capacitor/Console(28067): File: blob:https://localhost/0bc041a9-d9fe-43ed-b36d-d7822558cb6e - Line 1 - Msg: Expected value to be of type number, but found null instead.
05-11 18:25:49.360 W/Capacitor/Console(28067): File: blob:https://localhost/0bc041a9-d9fe-43ed-b36d-d7822558cb6e - Line 1 - Msg: Expected value to be of type number, but found null instead.
05-11 18:25:49.360 W/Capacitor/Console(28067): File: blob:https://localhost/0bc041a9-d9fe-43ed-b36d-d7822558cb6e - Line 1 - Msg: Expected value to be of type number, but found null instead.
05-11 18:25:49.360 W/Capacitor/Console(28067): File: blob:https://localhost/0bc041a9-d9fe-43ed-b36d-d7822558cb6e - Line 1 - Msg: Expected value to be of type number, but found null instead.
05-11 18:25:49.360 W/Capacitor/Console(28067): File: blob:https://localhost/0bc041a9-d9fe-43ed-b36d-d7822558cb6e - Line 1 - Msg: Expected value to be of type number, but found null instead.
05-11 18:25:49.373 W/Capacitor/Console(28067): File: blob:https://localhost/0bc041a9-d9fe-43ed-b36d-d7822558cb6e - Line 1 - Msg: Expected value to be of type number, but found null instead.
05-11 18:25:49.380 W/Capacitor/Console(28067): File: blob:https://localhost/0bc041a9-d9fe-43ed-b36d-d7822558cb6e - Line 1 - Msg: Expected value to be of type number, but found null instead.
05-11 18:25:49.421 W/Capacitor/Console(28067): File: blob:https://localhost/0bc041a9-d9fe-43ed-b36d-d7822558cb6e - Line 1 - Msg: Expected value to be of type number, but found string instead.
05-11 18:25:49.421 W/Capacitor/Console(28067): File: blob:https://localhost/0bc041a9-d9fe-43ed-b36d-d7822558cb6e - Line 1 - Msg: Expected value to be of type number, but found string instead.
05-11 18:25:49.441 I/pixel-thermal( 1746): VIRTUAL-SKIN-SPEAKER:28.8451 raw data: VIRTUAL-SKIN-SPEAKER:28845.1 VIRTUAL-SKIN-SPEAKER-SUB-0:25991.8 VIRTUAL-SKIN-SPEAKER-SUB-1:28845.1 VIRTUAL-SKIN-SPEAKER-SUB-2:28744.1 battery:31900 cam_therm:31594 charge_therm:34555 disp_therm:31349 neutral_therm:33375 north_therm:31416 quiet_therm:31972 soc_therm:34109 usb_pwr_therm:32195 
05-11 18:25:49.442 I/pixel-thermal( 1746): VIRTUAL-SKIN-CHARGE-WIRED:31.3217 raw data: NO_WLC:1 VIRTUAL-SKIN-CHARGE:31321.7 VIRTUAL-SKIN-CHARGE-SUB-0:30837.6 VIRTUAL-SKIN-CHARGE-SUB-1:30376.8 VIRTUAL-SKIN-CHARGE-SUB-2:29881.9 VIRTUAL-SKIN-CHARGE-SUB-3:31321.7 VIRTUAL-SKIN-CHARGE-WIRED:31321.7 WLC_CHECK:1 battery:31900 cam_therm:31594 charge_therm:34555 disp_therm:31349 neutral_therm:33375 north_therm:31416 quiet_therm:31972 soc_therm:34109 thb_hda:54 usb_pwr_therm:32195 
05-11 18:25:49.442 I/pixel-thermal( 1746): VIRTUAL-SKIN-CHARGE-PERSIST:31.3217 raw data: VIRTUAL-SKIN-CHARGE:31321.7 VIRTUAL-SKIN-CHARGE-PERSIST:31321.7 
05-11 18:25:49.548 D/AOC     ( 1198): CHRE: DRAM vote count begins
05-11 18:25:49.548 D/AOC     ( 1198): CHRE: DRAM vote count ends: 0 ms
05-11 18:25:49.548 D/CHRE    (  955): @ 418357.077: Parsed nanoapp message from host: app ID 0x476f6f676c00103b endpoint 0x8005 msgType 1 payload size 7
05-11 18:25:49.616 I/deeptouch( 2160): I0000 00:00:1778516749.616759    2161 tf_lite_classifier.cc:415] Event stream classified as kNone
05-11 18:25:49.617 D/AOC     ( 1198): CHRE: DRAM vote count begins
05-11 18:25:49.618 D/AOC     ( 1198): CHRE: DRAM vote count ends: 0 ms
05-11 18:25:49.618 D/CHRE    (  955): @ 418357.146: Parsed nanoapp message from host: app ID 0x476f6f676c00103b endpoint 0x8005 msgType 1 payload size 5
05-11 18:25:49.624 I/Capacitor/Console(28067): File: https://localhost/assets/index-nMfHsVdT.js - Line 9 - Msg: [atlas-fog] reveal {"progress":0,"revealedPoints":1,"fogCells":0,"cityKey":"13.08835:52.33824:13.76116:52.67551"}
05-11 18:25:49.691 D/AOC     ( 1198): CHRE: DRAM vote count begins
05-11 18:25:49.692 D/AOC     ( 1198): CHRE: DRAM vote count ends: 0 ms
05-11 18:25:49.693 D/CHRE    (  955): @ 418357.220: Parsed nanoapp message from host: app ID 0x476f6f676c00103b endpoint 0x8005 msgType 1 payload size 7
05-11 18:25:49.768 I/deeptouch( 2160): I0000 00:00:1778516749.768234    2161 tf_lite_classifier.cc:415] Event stream classified as kNone
05-11 18:25:49.769 D/AOC     ( 1198): CHRE: DRAM vote count begins
05-11 18:25:49.770 D/CHRE    (  955): @ 418357.298: Parsed nanoapp message from host: app ID 0x476f6f676c00103b endpoint 0x8005 msgType 1 payload size 5
05-11 18:25:49.770 D/AOC     ( 1198): CHRE: DRAM vote count ends: 0 ms
05-11 18:25:49.771 I/Capacitor/Console(28067): File: https://localhost/assets/index-nMfHsVdT.js - Line 9 - Msg: [atlas-fog] reveal {"progress":0,"revealedPoints":1,"fogCells":0,"cityKey":"13.08835:52.33824:13.76116:52.67551"}
05-11 18:25:49.837 I/grilcallback( 1009): Updating HandGrip status
05-11 18:25:49.839 D/AOC     ( 1198): CHRE: DRAM vote count begins
05-11 18:25:49.839 D/AOC     ( 1198): CHRE: DRAM vote count ends: 0 ms
05-11 18:25:49.840 D/CHRE    (  955): @ 418357.367: Parsed nanoapp message from host: app ID 0x476f6f676c00103b endpoint 0x8005 msgType 1 payload size 7
05-11 18:25:49.875 I/grilcallback( 1009): HandGrip status updated successfully
05-11 18:25:49.921 I/deeptouch( 2160): I0000 00:00:1778516749.921165    2161 tf_lite_classifier.cc:415] Event stream classified as kNone
05-11 18:25:49.923 D/AOC     ( 1198): CHRE: DRAM vote count begins
05-11 18:25:49.923 D/CHRE    (  955): @ 418357.451: Parsed nanoapp message from host: app ID 0x476f6f676c00103b endpoint 0x8005 msgType 1 payload size 5
05-11 18:25:49.923 D/AOC     ( 1198): CHRE: DRAM vote count ends: 0 ms
05-11 18:25:49.931 I/Capacitor/Console(28067): File: https://localhost/assets/index-nMfHsVdT.js - Line 9 - Msg: [atlas-fog] reveal {"progress":0,"revealedPoints":1,"fogCells":0,"cityKey":"13.08835:52.33824:13.76116:52.67551"}
05-11 18:25:49.982 D/AOC     ( 1198): CHRE: DRAM vote count begins
05-11 18:25:49.982 D/CHRE    (  955): @ 418357.511: Parsed nanoapp message from host: app ID 0x476f6f676c00103b endpoint 0x8005 msgType 1 payload size 7
05-11 18:25:49.982 D/AOC     ( 1198): CHRE: DRAM vote count ends: 0 ms
05-11 18:25:50.071 D/AOC     ( 1198): CHRE: DRAM vote count begins
05-11 18:25:50.071 I/deeptouch( 2160): I0000 00:00:1778516750.071528    2161 tf_lite_classifier.cc:415] Event stream classified as kNone
05-11 18:25:50.072 D/CHRE    (  955): @ 418357.599: Parsed nanoapp message from host: app ID 0x476f6f676c00103b endpoint 0x8005 msgType 1 payload size 5
05-11 18:25:50.072 D/AOC     ( 1198): CHRE: DRAM vote count ends: 0 ms
05-11 18:25:50.072 I/Capacitor/Console(28067): File: https://localhost/assets/index-nMfHsVdT.js - Line 9 - Msg: [atlas-fog] reveal {"progress":0,"revealedPoints":2,"fogCells":0,"cityKey":"13.08835:52.33824:13.76116:52.67551"}
05-11 18:25:50.133 D/AOC     ( 1198): CHRE: DRAM vote count begins
05-11 18:25:50.136 D/AOC     ( 1198): CHRE: DRAM vote count ends: 0 ms
05-11 18:25:50.137 D/CHRE    (  955): @ 418357.661: Parsed nanoapp message from host: app ID 0x476f6f676c00103b endpoint 0x8005 msgType 1 payload size 7
05-11 18:25:50.160 D/AOC     ( 1198): CHRE: DRAM vote count begins
05-11 18:25:50.160 D/CHRE    (  955): @ 418357.689: [ActivityPlatform] type 4, confidence 90
05-11 18:25:50.160 D/AOC     ( 1198): CHRE: DRAM vote count ends: 0 ms
05-11 18:25:50.160 D/CHRE    (  955): @ 418357.689: [ActivityPlatform] type 4, confidence 93
05-11 18:25:50.160 D/AOC     ( 1198): CHRE: DRAM vote count begins
05-11 18:25:50.160 D/AOC     ( 1198): CHRE: DRAM vote count ends: 0 ms
05-11 18:25:50.213 I/deeptouch( 2160): I0000 00:00:1778516750.213619    2161 tf_lite_classifier.cc:415] Event stream classified as kNone
05-11 18:25:50.215 D/AOC     ( 1198): CHRE: DRAM vote count begins
05-11 18:25:50.215 D/CHRE    (  955): @ 418357.743: Parsed nanoapp message from host: app ID 0x476f6f676c00103b endpoint 0x8005 msgType 1 payload size 5
05-11 18:25:50.216 D/AOC     ( 1198): CHRE: DRAM vote count ends: 0 ms
05-11 18:25:50.221 I/Capacitor/Console(28067): File: https://localhost/assets/index-nMfHsVdT.js - Line 9 - Msg: [atlas-fog] reveal {"progress":0,"revealedPoints":2,"fogCells":0,"cityKey":"13.08835:52.33824:13.76116:52.67551"}
05-11 18:25:50.325 D/AOC     ( 1198): CHRE: DRAM vote count begins
05-11 18:25:50.325 D/AOC     ( 1198): CHRE: DRAM vote count ends: 0 ms
05-11 18:25:50.325 D/CHRE    (  955): @ 418357.853: Parsed nanoapp message from host: app ID 0x476f6f676c00103b endpoint 0x8005 msgType 1 payload size 7
05-11 18:25:50.417 I/deeptouch( 2160): I0000 00:00:1778516750.417122    2161 tf_lite_classifier.cc:415] Event stream classified as kNone
05-11 18:25:50.418 D/AOC     ( 1198): CHRE: DRAM vote count begins
05-11 18:25:50.419 D/CHRE    (  955): @ 418357.947: Parsed nanoapp message from host: app ID 0x476f6f676c00103b endpoint 0x8005 msgType 1 payload size 5
05-11 18:25:50.419 D/AOC     ( 1198): CHRE: DRAM vote count ends: 0 ms
05-11 18:25:50.422 I/Capacitor/Console(28067): File: https://localhost/assets/index-nMfHsVdT.js - Line 9 - Msg: [atlas-fog] reveal {"progress":0,"revealedPoints":2,"fogCells":0,"cityKey":"13.08835:52.33824:13.76116:52.67551"}
05-11 18:25:50.466 D/AOC     ( 1198): CHRE: DRAM vote count begins
05-11 18:25:50.466 D/AOC     ( 1198): CHRE: DRAM vote count ends: 0 ms
05-11 18:25:50.467 D/CHRE    (  955): @ 418357.995: Parsed nanoapp message from host: app ID 0x476f6f676c00103b endpoint 0x8005 msgType 1 payload size 7
05-11 18:25:50.561 I/deeptouch( 2160): I0000 00:00:1778516750.561607    2161 tf_lite_classifier.cc:415] Event stream classified as kNone
05-11 18:25:50.562 D/AOC     ( 1198): CHRE: DRAM vote count begins
05-11 18:25:50.562 D/CHRE    (  955): @ 418358.091: Parsed nanoapp message from host: app ID 0x476f6f676c00103b endpoint 0x8005 msgType 1 payload size 5
05-11 18:25:50.563 D/AOC     ( 1198): CHRE: DRAM vote count ends: 0 ms
05-11 18:25:50.564 I/Capacitor/Console(28067): File: https://localhost/assets/index-nMfHsVdT.js - Line 9 - Msg: [atlas-fog] reveal {"progress":0,"revealedPoints":2,"fogCells":0,"cityKey":"13.08835:52.33824:13.76116:52.67551"}
05-11 18:25:50.618 D/ProfileInstaller(28067): Installing profile for com.cityprint.app
05-11 18:25:50.621 D/AOC     ( 1198): CHRE: DRAM vote count begins
05-11 18:25:50.621 D/AOC     ( 1198): CHRE: DRAM vote count ends: 0 ms
05-11 18:25:50.621 D/CHRE    (  955): @ 418358.150: Parsed nanoapp message from host: app ID 0x476f6f676c00103b endpoint 0x8005 msgType 1 payload size 7
05-11 18:25:50.707 D/AOC     ( 1198): CHRE: DRAM vote count begins
05-11 18:25:50.707 D/CHRE    (  955): @ 418358.235: Parsed nanoapp message from host: app ID 0x476f6f676c00103b endpoint 0x8005 msgType 1 payload size 5
05-11 18:25:50.707 D/AOC     ( 1198): CHRE: DRAM vote count ends: 0 ms
05-11 18:25:50.707 I/deeptouch( 2160): I0000 00:00:1778516750.707873    2161 tf_lite_classifier.cc:415] Event stream classified as kNone
05-11 18:25:50.716 I/Capacitor/Console(28067): File: https://localhost/assets/index-nMfHsVdT.js - Line 9 - Msg: [atlas-fog] reveal {"progress":0,"revealedPoints":2,"fogCells":0,"cityKey":"13.08835:52.33824:13.76116:52.67551"}
05-11 18:25:50.772 D/CHRE    (  955): @ 418358.299: Parsed nanoapp message from host: app ID 0x476f6f676c00103b endpoint 0x8005 msgType 1 payload size 7
05-11 18:25:50.772 D/AOC     ( 1198): CHRE: DRAM vote count begins
05-11 18:25:50.772 D/AOC     ( 1198): CHRE: DRAM vote count ends: 0 ms
05-11 18:25:50.789 D/InetDiagMessage( 1498): Destroyed 0 sockets, proto=IPPROTO_TCP, family=AF_INET, states=14
05-11 18:25:50.791 D/InetDiagMessage( 1498): Destroyed 0 sockets, proto=IPPROTO_TCP, family=AF_INET6, states=14
05-11 18:25:50.791 D/InetDiagMessage( 1498): Destroyed live tcp sockets for uids={10268} in 2ms
05-11 18:25:50.791 D/InetDiagMessage( 1498): Destroyed 0 sockets, proto=IPPROTO_TCP, family=AF_INET, states=14
05-11 18:25:50.796 D/InetDiagMessage( 1498): Destroyed 0 sockets, proto=IPPROTO_TCP, family=AF_INET6, states=14
05-11 18:25:50.796 D/InetDiagMessage( 1498): Destroyed live tcp sockets for uids={20268} in 6ms
05-11 18:25:50.839 I/grilcallback( 1009): Updating HandGrip status
05-11 18:25:50.856 I/deeptouch( 2160): I0000 00:00:1778516750.856770    2161 tf_lite_classifier.cc:415] Event stream classified as kNone
05-11 18:25:50.857 D/AOC     ( 1198): CHRE: DRAM vote count begins
05-11 18:25:50.857 D/AOC     ( 1198): CHRE: DRAM vote count ends: 0 ms
05-11 18:25:50.858 D/CHRE    (  955): @ 418358.386: Parsed nanoapp message from host: app ID 0x476f6f676c00103b endpoint 0x8005 msgType 1 payload size 5
05-11 18:25:50.865 I/Capacitor/Console(28067): File: https://localhost/assets/index-nMfHsVdT.js - Line 9 - Msg: [atlas-fog] reveal {"progress":0,"revealedPoints":3,"fogCells":0,"cityKey":"13.08835:52.33824:13.76116:52.67551"}
05-11 18:25:50.881 I/grilcallback( 1009): HandGrip status updated successfully
05-11 18:25:50.900 D/AOC     ( 1198): CHRE: DRAM vote count begins
05-11 18:25:50.900 D/CHRE    (  955): @ 418358.429: Parsed nanoapp message from host: app ID 0x476f6f676c00103b endpoint 0x8005 msgType 1 payload size 7
05-11 18:25:50.901 D/AOC     ( 1198): CHRE: DRAM vote count ends: 0 ms
05-11 18:25:50.927 I/AF::TrackHandle( 1026): opChanged OP_PLAY_AUDIO callback received for 
05-11 18:25:50.927 I/AF::TrackHandle( 1026): opChanged OP_PLAY_AUDIO callback received for 
05-11 18:25:50.928 I/AF::TrackHandle( 1026): opChanged OP_PLAY_AUDIO callback received for 
05-11 18:25:50.951 E/TaskManager( 2266): <DWB> Alarm scheduled for PT-6740H-25M-50.95S from now
05-11 18:25:50.960 D/TileServices( 2170): Couldn't find tile for ComponentInfo{com.google.android.apps.wellbeing/com.google.android.apps.wellbeing.screen.ui.GrayscaleTileService}(0)
05-11 18:25:50.966 I/WM-WorkerWrapper( 2266): Worker result SUCCESS for Work [ id=4d69b041-ead9-4135-b54f-2104817c9684, tags={ com.google.apps.tiktok.contrib.work.TikTokListenableWorker,task_manager_work,TikTokWorker#com.google.android.apps.wellbeing.task.Task } ]
05-11 18:25:50.987 I/deeptouch( 2160): I0000 00:00:1778516750.987699    2161 tf_lite_classifier.cc:415] Event stream classified as kNone
05-11 18:25:50.989 D/CHRE    (  955): @ 418358.517: Parsed nanoapp message from host: app ID 0x476f6f676c00103b endpoint 0x8005 msgType 1 payload size 5
05-11 18:25:50.990 D/AOC     ( 1198): CHRE: DRAM vote count begins
05-11 18:25:50.990 D/AOC     ( 1198): CHRE: DRAM vote count ends: 0 ms
05-11 18:25:50.994 I/Capacitor/Console(28067): File: https://localhost/assets/index-nMfHsVdT.js - Line 9 - Msg: [atlas-fog] reveal {"progress":0,"revealedPoints":3,"fogCells":0,"cityKey":"13.08835:52.33824:13.76116:52.67551"}
05-11 18:25:51.052 D/AOC     ( 1198): CHRE: DRAM vote count begins
05-11 18:25:51.053 D/AOC     ( 1198): CHRE: DRAM vote count ends: 0 ms
05-11 18:25:51.054 D/CHRE    (  955): @ 418358.581: Parsed nanoapp message from host: app ID 0x476f6f676c00103b endpoint 0x8005 msgType 1 payload size 7
05-11 18:25:51.135 I/deeptouch( 2160): I0000 00:00:1778516751.135586    2161 tf_lite_classifier.cc:415] Event stream classified as kNone
05-11 18:25:51.139 D/AOC     ( 1198): CHRE: DRAM vote count begins
05-11 18:25:51.139 D/AOC     ( 1198): CHRE: DRAM vote count ends: 0 ms
05-11 18:25:51.140 I/Capacitor/Console(28067): File: https://localhost/assets/index-nMfHsVdT.js - Line 9 - Msg: [atlas-fog] reveal {"progress":0,"revealedPoints":3,"fogCells":0,"cityKey":"13.08835:52.33824:13.76116:52.67551"}
05-11 18:25:51.140 D/CHRE    (  955): @ 418358.668: Parsed nanoapp message from host: app ID 0x476f6f676c00103b endpoint 0x8005 msgType 1 payload size 5
05-11 18:25:51.251 D/AOC     ( 1198): CHRE: DRAM vote count begins
05-11 18:25:51.251 D/AOC     ( 1198): CHRE: DRAM vote count ends: 0 ms
05-11 18:25:51.251 D/CHRE    (  955): @ 418358.780: Parsed nanoapp message from host: app ID 0x476f6f676c00103b endpoint 0x8005 msgType 1 payload size 7
05-11 18:25:51.325 I/deeptouch( 2160): I0000 00:00:1778516751.325606    2161 tf_lite_classifier.cc:415] Event stream classified as kNone
05-11 18:25:51.326 D/AOC     ( 1198): CHRE: DRAM vote count begins
05-11 18:25:51.327 D/AOC     ( 1198): CHRE: DRAM vote count ends: 0 ms
05-11 18:25:51.327 D/CHRE    (  955): @ 418358.855: Parsed nanoapp message from host: app ID 0x476f6f676c00103b endpoint 0x8005 msgType 1 payload size 5
05-11 18:25:51.332 I/Capacitor/Console(28067): File: https://localhost/assets/index-nMfHsVdT.js - Line 9 - Msg: [atlas-fog] reveal {"progress":0,"revealedPoints":3,"fogCells":0,"cityKey":"13.08835:52.33824:13.76116:52.67551"}
05-11 18:25:51.399 D/AOC     ( 1198): CHRE: DRAM vote count begins
05-11 18:25:51.399 D/AOC     ( 1198): CHRE: DRAM vote count ends: 0 ms
05-11 18:25:51.402 D/CHRE    (  955): @ 418358.927: Parsed nanoapp message from host: app ID 0x476f6f676c00103b endpoint 0x8005 msgType 1 payload size 7
05-11 18:25:51.478 I/deeptouch( 2160): I0000 00:00:1778516751.478466    2161 tf_lite_classifier.cc:415] Event stream classified as kNone
05-11 18:25:51.481 D/AOC     ( 1198): CHRE: DRAM vote count begins
05-11 18:25:51.481 D/AOC     ( 1198): CHRE: DRAM vote count ends: 0 ms
05-11 18:25:51.482 D/CHRE    (  955): @ 418359.010: Parsed nanoapp message from host: app ID 0x476f6f676c00103b endpoint 0x8005 msgType 1 payload size 5
05-11 18:25:51.488 I/Capacitor/Console(28067): File: https://localhost/assets/index-nMfHsVdT.js - Line 9 - Msg: [atlas-fog] reveal {"progress":0,"revealedPoints":3,"fogCells":0,"cityKey":"13.08835:52.33824:13.76116:52.67551"}
05-11 18:25:51.517 D/AOC     ( 1198): CHRE: DRAM vote count begins
05-11 18:25:51.519 D/AOC     ( 1198): CHRE: DRAM vote count ends: 0 ms
05-11 18:25:51.520 D/CHRE    (  955): @ 418359.046: Parsed nanoapp message from host: app ID 0x476f6f676c00103b endpoint 0x8005 msgType 1 payload size 7
05-11 18:25:51.606 D/AOC     ( 1198): CHRE: DRAM vote count begins
05-11 18:25:51.607 D/AOC     ( 1198): CHRE: DRAM vote count ends: 0 ms
05-11 18:25:51.607 D/CHRE    (  955): @ 418359.135: Parsed nanoapp message from host: app ID 0x476f6f676c00103b endpoint 0x8005 msgType 1 payload size 5
05-11 18:25:51.608 I/deeptouch( 2160): I0000 00:00:1778516751.608118    2161 tf_lite_classifier.cc:415] Event stream classified as kNone
05-11 18:25:51.614 I/Capacitor/Console(28067): File: https://localhost/assets/index-nMfHsVdT.js - Line 9 - Msg: [atlas-fog] reveal {"progress":0,"revealedPoints":4,"fogCells":0,"cityKey":"13.08835:52.33824:13.76116:52.67551"}
05-11 18:25:51.721 D/AOC     ( 1198): CHRE: DRAM vote count begins
05-11 18:25:51.721 D/AOC     ( 1198): CHRE: DRAM vote count ends: 0 ms
05-11 18:25:51.722 D/CHRE    (  955): @ 418359.249: Parsed nanoapp message from host: app ID 0x476f6f676c00103b endpoint 0x8005 msgType 1 payload size 7
05-11 18:25:51.790 I/deeptouch( 2160): I0000 00:00:1778516751.790629    2161 tf_lite_classifier.cc:415] Event stream classified as kNone
05-11 18:25:51.792 D/AOC     ( 1198): CHRE: DRAM vote count begins
05-11 18:25:51.792 D/AOC     ( 1198): CHRE: DRAM vote count ends: 0 ms
05-11 18:25:51.794 D/CHRE    (  955): @ 418359.321: Parsed nanoapp message from host: app ID 0x476f6f676c00103b endpoint 0x8005 msgType 1 payload size 5
05-11 18:25:51.798 I/Capacitor/Console(28067): File: https://localhost/assets/index-nMfHsVdT.js - Line 9 - Msg: [atlas-fog] reveal {"progress":0,"revealedPoints":4,"fogCells":0,"cityKey":"13.08835:52.33824:13.76116:52.67551"}
05-11 18:25:51.855 I/grilcallback( 1009): Updating HandGrip status
05-11 18:25:51.858 D/CHRE    (  955): @ 418359.386: Parsed nanoapp message from host: app ID 0x476f6f676c00103b endpoint 0x8005 msgType 1 payload size 7
05-11 18:25:51.858 D/AOC     ( 1198): CHRE: DRAM vote count begins
05-11 18:25:51.858 D/AOC     ( 1198): CHRE: DRAM vote count ends: 0 ms
05-11 18:25:51.899 I/grilcallback( 1009): HandGrip status updated successfully
05-11 18:25:51.944 D/AOC     ( 1198): CHRE: DRAM vote count begins
05-11 18:25:51.945 D/AOC     ( 1198): CHRE: DRAM vote count ends: 0 ms
05-11 18:25:51.945 D/CHRE    (  955): @ 418359.473: Parsed nanoapp message from host: app ID 0x476f6f676c00103b endpoint 0x8005 msgType 1 payload size 5
05-11 18:25:51.946 I/deeptouch( 2160): I0000 00:00:1778516751.946809    2161 tf_lite_classifier.cc:415] Event stream classified as kNone
05-11 18:25:51.947 I/Capacitor/Console(28067): File: https://localhost/assets/index-nMfHsVdT.js - Line 9 - Msg: [atlas-fog] reveal {"progress":0,"revealedPoints":4,"fogCells":0,"cityKey":"13.08835:52.33824:13.76116:52.67551"}
05-11 18:25:52.000 D/AOC     ( 1198): CHRE: DRAM vote count begins
05-11 18:25:52.000 D/AOC     ( 1198): CHRE: DRAM vote count ends: 0 ms
05-11 18:25:52.002 D/CHRE    (  955): @ 418359.528: Parsed nanoapp message from host: app ID 0x476f6f676c00103b endpoint 0x8005 msgType 1 payload size 7
05-11 18:25:52.016 I/WifiHAL ( 1024): Creating message to get link statistics; iface = 47
05-11 18:25:52.091 I/deeptouch( 2160): I0000 00:00:1778516752.091826    2161 tf_lite_classifier.cc:415] Event stream classified as kNone
05-11 18:25:52.092 D/AOC     ( 1198): CHRE: DRAM vote count begins
05-11 18:25:52.093 D/AOC     ( 1198): CHRE: DRAM vote count ends: 0 ms
05-11 18:25:52.093 D/CHRE    (  955): @ 418359.621: Parsed nanoapp message from host: app ID 0x476f6f676c00103b endpoint 0x8005 msgType 1 payload size 5
05-11 18:25:52.102 I/Capacitor/Console(28067): File: https://localhost/assets/index-nMfHsVdT.js - Line 9 - Msg: [atlas-fog] reveal {"progress":0,"revealedPoints":4,"fogCells":0,"cityKey":"13.08835:52.33824:13.76116:52.67551"}
05-11 18:25:52.103 I/Capacitor/Console(28067): File:  - Line 349 - Msg: [object Object]
05-11 18:25:52.104 V/Capacitor/Plugin(28067): To native (Capacitor plugin): callbackId: 39419171, pluginId: CapacitorHttp, methodName: request
05-11 18:25:52.104 V/Capacitor(28067): callback: 39419171, pluginId: CapacitorHttp, methodName: request, methodData: {"url":"https:\/\/nominatim.openstreetmap.org\/search?format=jsonv2&q=Dresden&featureType=city&countrycodes=de&limit=50&addressdetails=1&extratags=1&polygon_geojson=1&accept-language=en","method":"GET","headers":{"Accept":"application\/json","User-Agent":"CityApp\/1.0 (Capacitor)"},"responseType":"json","connectTimeout":10000,"readTimeout":10000}
05-11 18:25:52.105 I/CapacitorCookies(28067): Getting cookies at: 'https://nominatim.openstreetmap.org/search?format=jsonv2&q=Dresden&featureType=city&countrycodes=de&limit=50&addressdetails=1&extratags=1&polygon_geojson=1&accept-language=en'
05-11 18:25:52.109 E/ashmem  (28140): readlink(/proc/self/fd/122) failed: Operation not permitted
05-11 18:25:52.109 E/ashmem  (28140): readlink(/proc/self/fd/126) failed: Operation not permitted
05-11 18:25:52.110 E/ashmem  (28140): readlink(/proc/self/fd/124) failed: Operation not permitted
05-11 18:25:52.128 I/WifiHAL ( 1024): Getting cached scan results, iface handle = 0xb400007808dac6d0
05-11 18:25:52.128 E/WifiHAL ( 1024): Creating message to get cached scan results
05-11 18:25:52.131 I/WifiHAL ( 1024): In GetCachedScanResultsCommand::handleResponse
05-11 18:25:52.131 E/libbinder.IPCThreadState( 1024): binder thread pool (1 threads) starved for 115 ms
05-11 18:25:52.152 D/WifiHAL ( 1024): Start debug command: mType GET_FEATURE
05-11 18:25:52.152 I/WifiHAL ( 1024): CreateRequest mType = GET_FEATURE
05-11 18:25:52.152 D/WifiHAL ( 1024): In DebugCommand::handleResponse, mType:GET_FEATURE
05-11 18:25:52.152 D/WifiHAL ( 1024): len = 4, expected len = 4
05-11 18:25:52.170 D/AOC     ( 1198): CHRE: DRAM vote count begins
05-11 18:25:52.170 D/AOC     ( 1198): CHRE: DRAM vote count ends: 0 ms
05-11 18:25:52.171 D/CHRE    (  955): @ 418359.699: Parsed nanoapp message from host: app ID 0x476f6f676c00103b endpoint 0x8005 msgType 1 payload size 7
05-11 18:25:52.245 E/ashmem  (28140): readlink(/proc/self/fd/134) failed: Operation not permitted
05-11 18:25:52.247 I/deeptouch( 2160): I0000 00:00:1778516752.247644    2161 tf_lite_classifier.cc:415] Event stream classified as kNone
05-11 18:25:52.248 D/AOC     ( 1198): CHRE: DRAM vote count begins
05-11 18:25:52.248 D/AOC     ( 1198): CHRE: DRAM vote count ends: 0 ms
05-11 18:25:52.249 D/CHRE    (  955): @ 418359.776: Parsed nanoapp message from host: app ID 0x476f6f676c00103b endpoint 0x8005 msgType 1 payload size 5
05-11 18:25:52.252 I/Capacitor/Console(28067): File:  - Line 333 - Msg: {"status":200,"headers":{"Accept-Ranges":"bytes","Age":"854","alt-svc":"h3=\":443\";ma=86400,h3-29=\":443\";ma=86400,h3-27=\":443\";ma=86400","Connection":"keep-alive","content-type":"application/json; charset=utf-8","Date":"Mon, 11 May 2026 16:25:50 GMT","server":"gunicorn/asgi","Strict-Transport-Security":"max-age=300","Vary":"accept-language, Accept-Encoding","Via":"1.1 varnish","X-Android-Received-Millis":"1778516752139","X-Android-Response-Source":"NETWORK 200","X-Android-Selected-Protocol":"http/1.1","X-Android-Sent-Millis":"1778516752106","X-Cache":"MISS, HIT","X-Cache-Hits":"0, 0","x-nominatim-server":"vhagar.openstreetmap.org","X-Served-By":"cache-fra-etou8220197-FRA, cache-fra-eddf8230224-FRA","X-Timer":"S1778516750.312960,VS0,VE1"},"url":"https://nominatim.openstreetmap.org/search?format=jsonv2&q=Dresden&featureType=city&countrycodes=de&limit=50&addressdetails=1&extratags=1&polygon_geojson=1&accept-language=en","data":[{"place_id":134499711,"licence":"Data -® OpenStreetMap contributors, ODbL 1.0. http://osm.org/copyright","osm_type":"relation","osm_id":191645,"lat":"51.0493286","lon":"13.7381437","category":"boundary","type":"administrative","place_rank":12,"importance":0.7441063589631615,"addresstype":"city","name":"Dresden","display_name":"Dresden, Saxony, Germany","address":{"city":"Dresden","state":"Saxony","ISO3166-2-lvl4":"DE-SN","country":"Germany","country_code":"de"},"extratags":{"ele":"112","capital":"4","de:place":"city","wikidata":"Q1731","wikipedia":"de:Dresden","population":"556780","ref:LOCODE":"DEDRS","ref:nuts:3":"DED21","admin_title":"independent town","name:prefix":"Kreisfreie Stadt","linked_place":"city","contact:email":"presse@dresden.de","contact:phone":"+49 351 4882390","admin_title:de":"Kreisfreie Stadt","contact:website":"https://www.dresden.de","openGeoDB:loc_id":"15827","wikimedia_commons":"File:Dresden-nightpanorama-dri.jpg","license_plate_code":"DD","de:regionalschluessel":"146120000000","TMC:cid_58:tabcd_1:Class":"Area","TMC:cid_58:tabcd_1:LCLversion":"8.00","TMC:cid_58:tabcd_1:LocationCode":"390","de:amtlicher_gemeindeschluessel":"14612000","admin_level":"6"},"boundingbox":["50.9749370","51.1777202","13.5793237","13.9660626"],"geojson":{"type":"Polygon","coordinates":[[[13.5793237,51.050579],[13.5803849,51.0504491],[13.5807395,51.0503741],[13.58101,51.0503087],[13.5816961,51.0500949],[13.5835605,51.0494882],[13.5839832,51.0493822],[13.5850393,51.0491412],[13.5862493,51.0488015],[13.5863035,51.0488077],[13.5860731,51.0484281],[13.5859262,51.0481831],[13.5858212,51.0479492],[13.5857801,51.0478671],[13.5856667,51.047559],[13.585587,51.047317],[13.5855084,51.0470327],[13.585472,51.0469071],[13.5854764,51.046835],[13.585364,51.0464697],[13.5853252,51.0463041],[13.585282,51.0460813],[13.5851605,51.0454759],[13.5850932,51.0450977],[13.585021,51.0447574],[13.5849649,51.044521],[13.5849351,51.0443462],[13.5849229,51.044257],[13.5849311,51.0441987],[13.5849412,51.0441483],[13.5849514,51.0441059],[13.585038,51.0440837],[13.5851993,51.0440828],[13.5871016,51.0438265],[13.5876942,51.0437111],[13.5880537,51.043644],[13.5887662,51.0435486],[13.5892832,51.0434679],[13.58957,51.0434283],[13.589941,51.0433913],[13.5900239,51.0433965],[13.5901953,51.0434073],[13.5904162,51.0434216],[13.5905075,51.0434635],[13.5907276,51.0434673],[13.5909711,51.0434215],[13.5911492,51.0433839],[13.591349,51.0433374],[13.5918104,51.0432363],[13.5917605,51.0436573],[13.5915895,51.0439814],[13.591667,51.0439982],[13.5917385,51.0439351],[13.5918221,51.043838],[13.5919233,51.0436559],[13.5919841,51.0435928],[13.5921209,51.0435574],[13.5924281,51.0434833],[13.5926912,51.0434235],[13.5931345,51.0432983],[13.5935869,51.0431668],[13.5939463,51.0430612],[13.5942826,51.0429682],[13.5941114,51.0426221],[13.5946579,51.0425319],[13.5949345,51.0422139],[13.5955695,51.0421914],[13.5958895,51.0421999],[13.5960137,51.0421642],[13.5962177,51.0421807],[13.5963995,51.0421754],[13.5966026,51.0421277],[13.5967214,51.0421246],[13.5967721,51.0421449],[13.5968675,51.042
05-11 18:25:52.281 E/ashmem  (28140): readlink(/proc/self/fd/128) failed: Operation not permitted
05-11 18:25:52.282 E/ashmem  (28140): readlink(/proc/self/fd/129) failed: Operation not permitted
05-11 18:25:52.282 E/ashmem  (28140): readlink(/proc/self/fd/133) failed: Operation not permitted
05-11 18:25:52.287 E/ashmem  (28140): readlink(/proc/self/fd/131) failed: Operation not permitted
05-11 18:25:52.302 D/Capacitor(28067): Handling local request: https://localhost/city-style.json
05-11 18:25:52.310 D/AOC     ( 1198): CHRE: DRAM vote count begins
05-11 18:25:52.311 D/AOC     ( 1198): CHRE: DRAM vote count ends: 0 ms
05-11 18:25:52.311 D/CHRE    (  955): @ 418359.839: Parsed nanoapp message from host: app ID 0x476f6f676c00103b endpoint 0x8005 msgType 1 payload size 7
05-11 18:25:52.369 E/ashmem  (28140): readlink(/proc/self/fd/134) failed: Operation not permitted
05-11 18:25:52.395 E/ashmem  (28140): readlink(/proc/self/fd/136) failed: Operation not permitted
05-11 18:25:52.403 D/AOC     ( 1198): CHRE: DRAM vote count begins
05-11 18:25:52.404 D/AOC     ( 1198): CHRE: DRAM vote count ends: 0 ms
05-11 18:25:52.404 I/deeptouch( 2160): I0000 00:00:1778516752.404110    2161 tf_lite_classifier.cc:415] Event stream classified as kNone
05-11 18:25:52.405 D/CHRE    (  955): @ 418359.932: Parsed nanoapp message from host: app ID 0x476f6f676c00103b endpoint 0x8005 msgType 1 payload size 5
05-11 18:25:52.439 D/AOC     ( 1198): CHRE: DRAM vote count begins
05-11 18:25:52.440 D/AOC     ( 1198): CHRE: DRAM vote count ends: 0 ms
05-11 18:25:52.440 D/CHRE    (  955): @ 418359.968: Parsed nanoapp message from host: app ID 0x476f6f676c00103b endpoint 0x8005 msgType 1 payload size 7
05-11 18:25:52.462 W/Capacitor/Console(28067): File: blob:https://localhost/0bc041a9-d9fe-43ed-b36d-d7822558cb6e - Line 1 - Msg: Expected value to be of type number, but found null instead.
05-11 18:25:52.462 W/Capacitor/Console(28067): File: blob:https://localhost/0bc041a9-d9fe-43ed-b36d-d7822558cb6e - Line 1 - Msg: Expected value to be of type number, but found null instead.
05-11 18:25:52.462 W/Capacitor/Console(28067): File: blob:https://localhost/0bc041a9-d9fe-43ed-b36d-d7822558cb6e - Line 1 - Msg: Expected value to be of type number, but found null instead.
05-11 18:25:52.468 W/Capacitor/Console(28067): File: blob:https://localhost/0bc041a9-d9fe-43ed-b36d-d7822558cb6e - Line 1 - Msg: Expected value to be of type number, but found null instead.
05-11 18:25:52.468 W/Capacitor/Console(28067): File: blob:https://localhost/0bc041a9-d9fe-43ed-b36d-d7822558cb6e - Line 1 - Msg: Expected value to be of type number, but found null instead.
05-11 18:25:52.469 W/Capacitor/Console(28067): File: blob:https://localhost/0bc041a9-d9fe-43ed-b36d-d7822558cb6e - Line 1 - Msg: Expected value to be of type number, but found null instead.
05-11 18:25:52.476 W/Capacitor/Console(28067): File: blob:https://localhost/0bc041a9-d9fe-43ed-b36d-d7822558cb6e - Line 1 - Msg: Expected value to be of type number, but found null instead.
05-11 18:25:52.476 W/Capacitor/Console(28067): File: blob:https://localhost/0bc041a9-d9fe-43ed-b36d-d7822558cb6e - Line 1 - Msg: Expected value to be of type number, but found null instead.
05-11 18:25:52.477 W/Capacitor/Console(28067): File: blob:https://localhost/0bc041a9-d9fe-43ed-b36d-d7822558cb6e - Line 1 - Msg: Expected value to be of type number, but found null instead.
05-11 18:25:52.483 W/Capacitor/Console(28067): File: blob:https://localhost/0bc041a9-d9fe-43ed-b36d-d7822558cb6e - Line 1 - Msg: Expected value to be of type number, but found null instead.
05-11 18:25:52.483 W/Capacitor/Console(28067): File: blob:https://localhost/0bc041a9-d9fe-43ed-b36d-d7822558cb6e - Line 1 - Msg: Expected value to be of type number, but found null instead.
