--------- beginning of main
05-11 18:25:19.299 D/AOC     ( 1198): CHRE: DRAM vote count begins
05-11 18:25:19.299 D/AOC     ( 1198): CHRE: DRAM vote count ends: 0 ms
05-11 18:25:19.302 D/CHRE    (  955): @ 418326.826: [ActivityPlatform] type 4, confidence 95
05-11 18:25:19.585 I/pixel-thermal( 1746): cam_therm:31.661 raw data: cam_therm:31661 
05-11 18:25:19.866 I/pixel-thermal( 1746): usb_pwr_therm:32.217 raw data: usb_pwr_therm:32217 
05-11 18:25:20.173 I/WifiHAL ( 1024): Creating message to get link statistics; iface = 47
05-11 18:25:20.244 I/WifiHAL ( 1024): Getting cached scan results, iface handle = 0xb400007808dac6d0
05-11 18:25:20.244 E/WifiHAL ( 1024): Creating message to get cached scan results
05-11 18:25:20.252 I/WifiHAL ( 1024): In GetCachedScanResultsCommand::handleResponse
05-11 18:25:20.299 D/WifiHAL ( 1024): Start debug command: mType GET_FEATURE
05-11 18:25:20.299 I/WifiHAL ( 1024): CreateRequest mType = GET_FEATURE
05-11 18:25:20.299 D/WifiHAL ( 1024): In DebugCommand::handleResponse, mType:GET_FEATURE
05-11 18:25:20.299 D/WifiHAL ( 1024): len = 4, expected len = 4
05-11 18:25:20.915 I/pixel-thermal( 1746): disp_therm:31.438 raw data: disp_therm:31438 
05-11 18:25:20.922 I/pixel-thermal( 1746): cellular-emergency:32.1748 raw data: VIRTUAL-SKIN:32174.8 VIRTUAL-SKIN-SUB-0:31341.5 VIRTUAL-SKIN-SUB-1:28642.7 VIRTUAL-SKIN-SUB-10:30416.7 VIRTUAL-SKIN-SUB-2:30461.5 VIRTUAL-SKIN-SUB-3:29774.9 VIRTUAL-SKIN-SUB-4:31169.1 VIRTUAL-SKIN-SUB-5:30563 VIRTUAL-SKIN-SUB-6:29215.4 VIRTUAL-SKIN-SUB-7:32174.8 VIRTUAL-SKIN-SUB-8:31283.1 VIRTUAL-SKIN-SUB-9:31755 battery:31900 cam_therm:31661 cellular-emergency:32174.8 charge_therm:34466 disp_therm:31438 neutral_therm:33353 north_therm:31594 quiet_therm:31995 soc_therm:33419 usb_pwr_therm:32217 
05-11 18:25:20.922 I/pixel-thermal( 1746): VIRTUAL-SKIN-HINT:32.1748 raw data: VIRTUAL-SKIN:32174.8 VIRTUAL-SKIN-HINT:32174.8 
05-11 18:25:20.922 I/pixel-thermal( 1746): VIRTUAL-SKIN-CPU-LIGHT-ODPM:32.1748 raw data: VIRTUAL-SKIN:32174.8 VIRTUAL-SKIN-CPU-LIGHT-ODPM:32174.8 
05-11 18:25:20.923 I/pixel-thermal( 1746): VIRTUAL-SKIN-CPU-MID:32.1748 raw data: VIRTUAL-SKIN:32174.8 VIRTUAL-SKIN-CPU-MID:32174.8 
05-11 18:25:20.923 I/pixel-thermal( 1746): VIRTUAL-SKIN-CPU-HIGH:32.1748 raw data: VIRTUAL-SKIN:32174.8 VIRTUAL-SKIN-CPU-HIGH:32174.8 
05-11 18:25:20.923 I/pixel-thermal( 1746): VIRTUAL-SKIN-SOC:32.1748 raw data: VIRTUAL-SKIN:32174.8 VIRTUAL-SKIN-SOC:32174.8 
05-11 18:25:20.924 I/pixel-thermal( 1746): VIRTUAL-SKIN-GPU:32.1748 raw data: VIRTUAL-SKIN:32174.8 VIRTUAL-SKIN-GPU:32174.8 
05-11 18:25:20.925 I/pixel-thermal( 1746): VIRTUAL-SKIN:32.1748 raw data: VIRTUAL-SKIN:32174.8 
05-11 18:25:21.087 D/AOC     ( 1198): A3:MSG: usf_vsc_log.cc, 69: VSC: [Auto Brightness] Retune sensor-0 (tout:1 drop:0): avg 26.793 -> 26.793 [wm:27.876]
05-11 18:25:21.088 D/AOC     ( 1198): A3:MSG: usf_vsc_log.cc, 69: VSC: [Auto Brightness] Retune sensor-3 (tout:1 drop:0): avg 26.577 -> 26.577 [wm:27.757]
05-11 18:25:21.383 I/pixel-thermal( 1746): VIRTUAL-SKIN-SPEAKER:28.8668 raw data: VIRTUAL-SKIN-SPEAKER:28866.8 VIRTUAL-SKIN-SPEAKER-SUB-0:26008 VIRTUAL-SKIN-SPEAKER-SUB-1:28866.8 VIRTUAL-SKIN-SPEAKER-SUB-2:28760 battery:31900 cam_therm:31661 charge_therm:34466 disp_therm:31438 neutral_therm:33353 north_therm:31594 quiet_therm:31995 soc_therm:33419 usb_pwr_therm:32217 
05-11 18:25:21.383 I/pixel-thermal( 1746): VIRTUAL-SKIN-CHARGE-WIRED:31.2831 raw data: NO_WLC:1 VIRTUAL-SKIN-CHARGE:31283.1 VIRTUAL-SKIN-CHARGE-SUB-0:30730.5 VIRTUAL-SKIN-CHARGE-SUB-1:30386.3 VIRTUAL-SKIN-CHARGE-SUB-2:29825.8 VIRTUAL-SKIN-CHARGE-SUB-3:31283.1 VIRTUAL-SKIN-CHARGE-WIRED:31283.1 WLC_CHECK:1 battery:31900 cam_therm:31661 charge_therm:34466 disp_therm:31438 neutral_therm:33353 north_therm:31594 quiet_therm:31995 soc_therm:33419 thb_hda:54 usb_pwr_therm:32217 
05-11 18:25:21.383 I/pixel-thermal( 1746): VIRTUAL-SKIN-CHARGE-PERSIST:31.2831 raw data: VIRTUAL-SKIN-CHARGE:31283.1 VIRTUAL-SKIN-CHARGE-PERSIST:31283.1 
05-11 18:25:22.501 D/AOC     ( 1198): A3:MSG: usf_sensor.cc, 1866: USF: Received start sampling request for ICM45631 Accelerometer (active:6).
05-11 18:25:22.503 I/CHRE    (  955): @ 418330.028: [AR] ON => IDLE
05-11 18:25:22.504 D/CHRE    (  955): @ 418330.031: [ActivityPlatform] type 4, confidence 90
05-11 18:25:22.505 D/AOC     ( 1198): CHRE: DRAM vote count begins
05-11 18:25:22.505 D/AOC     ( 1198): CHRE: DRAM vote count ends: 0 ms
05-11 18:25:22.505 D/AOC     ( 1198): CHRE: DRAM vote count begins
05-11 18:25:22.505 D/AOC     ( 1198): CHRE: DRAM vote count ends: 0 ms
05-11 18:25:23.310 I/WifiHAL ( 1024): Creating message to get link statistics; iface = 47
05-11 18:25:23.409 I/WifiHAL ( 1024): Getting cached scan results, iface handle = 0xb400007808dac6d0
05-11 18:25:23.409 E/WifiHAL ( 1024): Creating message to get cached scan results
05-11 18:25:23.418 I/WifiHAL ( 1024): In GetCachedScanResultsCommand::handleResponse
05-11 18:25:23.419 E/libbinder.IPCThreadState( 1024): binder thread pool (1 threads) starved for 109 ms
05-11 18:25:23.469 D/WifiHAL ( 1024): Start debug command: mType GET_FEATURE
05-11 18:25:23.469 I/WifiHAL ( 1024): CreateRequest mType = GET_FEATURE
05-11 18:25:23.470 D/WifiHAL ( 1024): In DebugCommand::handleResponse, mType:GET_FEATURE
05-11 18:25:23.470 D/WifiHAL ( 1024): len = 4, expected len = 4
05-11 18:25:24.431 W/TracingMuxer( 1196): type=1400 audit(0.0:59678): avc:  denied  { write } for  name="traced_producer" dev="tmpfs" ino=1337 scontext=u:r:gxp_logging:s0 tcontext=u:object_r:traced_producer_socket:s0 tclass=sock_file permissive=0
05-11 18:25:25.133 D/AOC     ( 1198): A3:MSG: usf_vsc_log.cc, 69: VSC: [Auto Brightness] Retune sensor-2 (tout:1 drop:0): avg 0.000 -> 0.000 [wm:0.000]
05-11 18:25:26.481 I/WifiHAL ( 1024): Creating message to get link statistics; iface = 47
05-11 18:25:26.587 E/libbinder.IPCThreadState( 1024): binder thread pool (1 threads) starved for 105 ms
05-11 18:25:26.587 I/WifiHAL ( 1024): Getting cached scan results, iface handle = 0xb400007808dac6d0
05-11 18:25:26.587 E/WifiHAL ( 1024): Creating message to get cached scan results
05-11 18:25:26.589 D/TemperatureStateSource( 2302): sequence=19139 actualDelay=10001
05-11 18:25:26.591 D/TemperatureStateSource( 2302): Reading temperature: sequence=19140
05-11 18:25:26.599 I/WifiHAL ( 1024): In GetCachedScanResultsCommand::handleResponse
05-11 18:25:26.600 I/pixel-thermal( 1746): VIRTUAL-SKIN:32.1759 raw data: VIRTUAL-SKIN:32175.9 VIRTUAL-SKIN-SUB-0:31325.3 VIRTUAL-SKIN-SUB-1:28642.7 VIRTUAL-SKIN-SUB-10:30416.7 VIRTUAL-SKIN-SUB-2:30468.4 VIRTUAL-SKIN-SUB-3:29771.8 VIRTUAL-SKIN-SUB-4:31169.1 VIRTUAL-SKIN-SUB-5:30561.7 VIRTUAL-SKIN-SUB-6:29219.1 VIRTUAL-SKIN-SUB-7:32175.9 VIRTUAL-SKIN-SUB-8:31272.4 VIRTUAL-SKIN-SUB-9:31751.7 battery:31900 cam_therm:31594 charge_therm:34466 disp_therm:31438 neutral_therm:33353 north_therm:31594 quiet_therm:31995 soc_therm:33419 usb_pwr_therm:32240 
05-11 18:25:26.602 D/TemperatureStateSource( 2302): getDeviceTemperatures: sequence=19140 deviceTemperatureType=3 temperatureSource=0 temperatures=[32.17595]
05-11 18:25:26.602 D/BusinessScope( 2302): Enqueuing the block
05-11 18:25:26.602 D/TemperatureStateSource( 2302): sequence=19140 waitTime=10000
05-11 18:25:26.602 D/BusinessScope( 2302): Start running the #39943 block
05-11 18:25:26.605 I/pixel-thermal( 1746): VIRTUAL-SKIN:32.1759 raw data: VIRTUAL-SKIN:32175.9 
05-11 18:25:26.606 I/TemperatureStateSource( 2302): temperature was set
05-11 18:25:26.607 D/BusinessScope( 2302): Enqueuing the block
05-11 18:25:26.608 D/ImpulseStateSource( 2302): Notify clients: 19969
05-11 18:25:26.608 D/BusinessScope( 2302): Finish running the #39943 block
05-11 18:25:26.608 D/BusinessScope( 2302): Start running the #39944 block
05-11 18:25:26.609 D/ImpulseConnection( 2302): bindService: com.google.android.apps.turbo
--------- beginning of system
05-11 18:25:26.617 D/BackgroundInstallControlService( 1498): Package event received: 0
05-11 18:25:26.624 D/ActivityManager( 1498): sync unfroze 12693 com.google.android.apps.turbo for 6
05-11 18:25:26.630 D/BackgroundInstallControlService( 1498): Package event received: 0
05-11 18:25:26.642 D/ImpulseConnection( 2302): onServiceConnected: ComponentInfo{com.google.android.apps.turbo/com.google.android.apps.turbo.adaptiveplatform.impulse.ImpulseClientService} service is null false
05-11 18:25:26.644 W/ProcessStats( 1498): Tracking association SourceState{b090185 com.google.android.pixelsystemservice/10240 ImpFg #445998} whose proc state 5 is better than process ProcessState{8e0a79e com.google.android.apps.turbo/10124 pkg=com.google.android.apps.turbo} proc state 14 (6 skipped)
05-11 18:25:26.645 D/BusinessScope( 2302): Finish running the #39944 block
05-11 18:25:26.658 W/Turbo.DeviceHealthLeversManagerImpl(12693): applyLeversWithMaintenanceWindow: ignore the same request
05-11 18:25:26.678 D/WifiHAL ( 1024): Start debug command: mType GET_FEATURE
05-11 18:25:26.678 I/WifiHAL ( 1024): CreateRequest mType = GET_FEATURE
05-11 18:25:26.678 D/WifiHAL ( 1024): In DebugCommand::handleResponse, mType:GET_FEATURE
05-11 18:25:26.678 D/WifiHAL ( 1024): len = 4, expected len = 4
05-11 18:25:27.924 I/pixel-thermal( 1746): disp_therm:31.438 raw data: disp_therm:31438 
05-11 18:25:27.925 I/pixel-thermal( 1746): cellular-emergency:32.1759 raw data: VIRTUAL-SKIN:32175.9 cellular-emergency:32175.9 
05-11 18:25:27.925 I/pixel-thermal( 1746): VIRTUAL-SKIN-HINT:32.1759 raw data: VIRTUAL-SKIN:32175.9 VIRTUAL-SKIN-HINT:32175.9 
05-11 18:25:27.925 I/pixel-thermal( 1746): VIRTUAL-SKIN-CPU-LIGHT-ODPM:32.1759 raw data: VIRTUAL-SKIN:32175.9 VIRTUAL-SKIN-CPU-LIGHT-ODPM:32175.9 
05-11 18:25:27.926 I/pixel-thermal( 1746): VIRTUAL-SKIN-CPU-MID:32.1759 raw data: VIRTUAL-SKIN:32175.9 VIRTUAL-SKIN-CPU-MID:32175.9 
05-11 18:25:27.926 I/pixel-thermal( 1746): VIRTUAL-SKIN-CPU-HIGH:32.1759 raw data: VIRTUAL-SKIN:32175.9 VIRTUAL-SKIN-CPU-HIGH:32175.9 
05-11 18:25:27.926 I/pixel-thermal( 1746): VIRTUAL-SKIN-SOC:32.1759 raw data: VIRTUAL-SKIN:32175.9 VIRTUAL-SKIN-SOC:32175.9 
05-11 18:25:27.927 I/pixel-thermal( 1746): VIRTUAL-SKIN-GPU:32.1759 raw data: VIRTUAL-SKIN:32175.9 VIRTUAL-SKIN-GPU:32175.9 
05-11 18:25:27.927 I/pixel-thermal( 1746): VIRTUAL-SKIN:32.1759 raw data: VIRTUAL-SKIN:32175.9 
05-11 18:25:28.394 I/pixel-thermal( 1746): VIRTUAL-SKIN-SPEAKER:28.8628 raw data: VIRTUAL-SKIN-SPEAKER:28862.8 VIRTUAL-SKIN-SPEAKER-SUB-0:25998.7 VIRTUAL-SKIN-SPEAKER-SUB-1:28862.8 VIRTUAL-SKIN-SPEAKER-SUB-2:28761.4 battery:31900 cam_therm:31594 charge_therm:34466 disp_therm:31438 neutral_therm:33353 north_therm:31594 quiet_therm:31995 soc_therm:33419 usb_pwr_therm:32240 
05-11 18:25:28.396 I/pixel-thermal( 1746): VIRTUAL-SKIN-CHARGE-WIRED:31.2724 raw data: NO_WLC:1 VIRTUAL-SKIN-CHARGE:31272.4 VIRTUAL-SKIN-CHARGE-SUB-0:30719.8 VIRTUAL-SKIN-CHARGE-SUB-1:30388.4 VIRTUAL-SKIN-CHARGE-SUB-2:29819.4 VIRTUAL-SKIN-CHARGE-SUB-3:31272.4 VIRTUAL-SKIN-CHARGE-WIRED:31272.4 WLC_CHECK:1 battery:31900 cam_therm:31594 charge_therm:34466 disp_therm:31438 neutral_therm:33353 north_therm:31594 quiet_therm:31995 soc_therm:33419 thb_hda:54 usb_pwr_therm:32240 
05-11 18:25:28.397 I/pixel-thermal( 1746): VIRTUAL-SKIN-CHARGE-PERSIST:31.2724 raw data: VIRTUAL-SKIN-CHARGE:31272.4 VIRTUAL-SKIN-CHARGE-PERSIST:31272.4 
05-11 18:25:29.686 I/WifiHAL ( 1024): Creating message to get link statistics; iface = 47
05-11 18:25:29.698 D/IpClient/wlan0( 2290): interfaceLinkStateChanged: ifindex 47 up
05-11 18:25:29.761 I/WifiHAL ( 1024): Getting cached scan results, iface handle = 0xb400007808dac6d0
05-11 18:25:29.762 E/WifiHAL ( 1024): Creating message to get cached scan results
05-11 18:25:29.770 I/WifiHAL ( 1024): In GetCachedScanResultsCommand::handleResponse
05-11 18:25:29.809 D/WifiHAL ( 1024): Start debug command: mType GET_FEATURE
05-11 18:25:29.809 I/WifiHAL ( 1024): CreateRequest mType = GET_FEATURE
05-11 18:25:29.809 D/WifiHAL ( 1024): In DebugCommand::handleResponse, mType:GET_FEATURE
05-11 18:25:29.809 D/WifiHAL ( 1024): len = 4, expected len = 4
05-11 18:25:30.329 D/NfcService( 2373): handleMessage: MSG_DELAY_POLLING
05-11 18:25:30.330 D/libnfc_nci( 2373): startStopPolling: enter; isStart=1
05-11 18:25:30.345 D/libnfc_nci( 2373): nfaDeviceManagementCallback: enter; event=0x2
05-11 18:25:30.345 D/libnfc_nci( 2373): nfaDeviceManagementCallback: NFA_DM_SET_CONFIG_EVT
05-11 18:25:30.347 D/libnfc_nci( 2373): startStopPolling: exit
05-11 18:25:30.347 D/NfcService( 2373): handleMessage: Polling is started
05-11 18:25:30.437 D/libnfc_nci( 2373): nfaConnectionCallback: NFA_ACTIVATED_EVT: gIsSelectingRfInterface=0, sIsDisabling=0
05-11 18:25:30.437 D/libnfc_nci( 2373): updateNfcID0Param: nfcID0 =20000
05-11 18:25:30.437 D/libnfc_nci( 2373): NfcTag::setActivationState: state=2
05-11 18:25:30.438 D/libnfc_nci( 2373): notifyTagDiscovered: discovered=1
05-11 18:25:30.438 D/NfcService( 2373): onTagRfDiscovered: true
05-11 18:25:30.438 D/libnfc_nci( 2373): NfcTag::discoverTechnologies (activation): enter
05-11 18:25:30.438 D/libnfc_nci( 2373): NfcTag::discoverTechnologies (activation):  Setting the transceive timeout = 2472(x2), fwi = 0xd
05-11 18:25:30.438 D/libnfc_nci( 2373): NfcTag::discoverTechnologies (activation): index=0; tech=0x3; handle=1; nfc type=0x4
05-11 18:25:30.438 D/libnfc_nci( 2373): NfcTag::discoverTechnologies (activation): index=1; tech=0x1; handle=1; nfc type=0x4
05-11 18:25:30.438 D/libnfc_nci( 2373): NfcStatsUtil::logNfcTagType: protocol 4, mode 0
05-11 18:25:30.438 D/libnfc_nci( 2373): NfcStatsUtil::writeNfcStatsTagTypeOccurred: tagType=4
05-11 18:25:30.439 D/libnfc_nci( 2373): NfcTag::discoverTechnologies (activation): exit
05-11 18:25:30.439 D/libnfc_nci( 2373): NfcTag::createNativeNfcTag: enter
05-11 18:25:30.439 D/libnfc_nci( 2373): NfcTag::fillNativeNfcTagMembers1
05-11 18:25:30.439 D/libnfc_nci( 2373): NfcTag::fillNativeNfcTagMembers2
05-11 18:25:30.439 D/libnfc_nci( 2373): NfcTag::fillNativeNfcTagMembers3: index=0; rf tech params mode=0
05-11 18:25:30.439 D/libnfc_nci( 2373): NfcTag::fillNativeNfcTagMembers3: tech A
05-11 18:25:30.439 D/libnfc_nci( 2373): NfcTag::fillNativeNfcTagMembers3: index=1; rf tech params mode=0
05-11 18:25:30.440 D/libnfc_nci( 2373): NfcTag::fillNativeNfcTagMembers3: tech A
05-11 18:25:30.440 D/libnfc_nci( 2373): NfcTag::fillNativeNfcTagMembers4: index=0
05-11 18:25:30.440 D/libnfc_nci( 2373): NfcTag::fillNativeNfcTagMembers4: T4T; ISO_DEP for tech A; copy historical bytes; len=4
05-11 18:25:30.440 D/libnfc_nci( 2373): NfcTag::fillNativeNfcTagMembers4: index=1
05-11 18:25:30.440 D/libnfc_nci( 2373): NfcTag::fillNativeNfcTagMembers4: T4T; tech A
05-11 18:25:30.440 D/libnfc_nci( 2373): NfcTag::fillNativeNfcTagMembers5: tech A
05-11 18:25:30.440 D/libnfc_nci( 2373): NfcTag::fillNativeNfcTagMembers5: mTechListTail=0
05-11 18:25:30.440 D/libnfc_nci( 2373): NfcTag::createNativeNfcTag:  mNumDiscNtf=0
05-11 18:25:30.440 D/libnfc_nci( 2373): NfcTag::createNativeNfcTag: try notify nfc service
05-11 18:25:30.440 D/NfcService( 2373): onRemoteEndpointDiscovered
05-11 18:25:30.441 D/libnfc_nci( 2373): deleteglobaldata: enter
05-11 18:25:30.441 D/NfcService( 2373): Tag detected, notifying applications
05-11 18:25:30.441 D/libnfc_nci( 2373): deleteglobaldata: exit
05-11 18:25:30.441 D/libnfc_nci( 2373): NfcTag::createNativeNfcTag: exit
05-11 18:25:30.441 D/NativeNfcTag( 2373): connectWithIdx: idx: 0
05-11 18:25:30.441 D/libnfc_nci( 2373): nativeNfcTag_doConnect: targetIdx = 0, force=0
05-11 18:25:30.441 D/libnfc_nci( 2373): reSelect: enter; rf intf = 0x2, current intf = 0x2
05-11 18:25:30.441 D/libnfc_nci( 2373): reSelect: deactivate to sleep
05-11 18:25:30.447 D/libnfc_nci( 2373): nfaConnectionCallback: NFA_DEACTIVATED_EVT   Type=1, gIsTagDeactivating=1
05-11 18:25:30.447 D/libnfc_nci( 2373): NfcTag::setDeactivationState: state=1
05-11 18:25:30.447 D/libnfc_nci( 2373): reSelect: select interface 0x2
05-11 18:25:30.447 I/libnfc_nci( 2373): NfcTag::setLastSelectedTag: Not a multiprotocol tag, returning
05-11 18:25:30.451 D/libnfc_nci( 2373): nfaConnectionCallback: NFA_SELECT_RESULT_EVT: status = 0, gIsSelectingRfInterface = 1, sIsDisabling=0
05-11 18:25:30.455 D/libnfc_nci( 2373): nfaConnectionCallback: NFA_ACTIVATED_EVT: gIsSelectingRfInterface=1, sIsDisabling=0
05-11 18:25:30.455 D/libnfc_nci( 2373): updateNfcID0Param: nfcID0 =20000
05-11 18:25:30.455 D/libnfc_nci( 2373): NfcTag::setActivationState: state=2
05-11 18:25:30.455 D/libnfc_nci( 2373): reSelect: select completed; sConnectOk=1
05-11 18:25:30.455 D/libnfc_nci( 2373): reSelect: exit; status=0
05-11 18:25:30.455 D/libnfc_nci( 2373): nativeNfcTag_doConnect: exit 0x0
05-11 18:25:30.455 D/libnfc_nci( 2373): nativeNfcTag_doIsIsoDepNdefFormatable
05-11 18:25:30.456 D/libnfc_nci( 2373): NfcTag::isMifareDESFire: return=0
05-11 18:25:30.456 D/libnfc_nci( 2373): nativeNfcTag_doIsNdefFormatable: is formattable=0
05-11 18:25:30.456 D/libnfc_nci( 2373): nativeNfcTag_doCheckNdef: enter
05-11 18:25:30.456 D/libnfc_nci( 2373): nativeNfcTag_doCheckNdef: try NFA_RwDetectNDef
05-11 18:25:30.456 D/libnfc_nci( 2373): nativeNfcTag_doCheckNdef: wait for check NDEF completion
05-11 18:25:30.456 D/libnfc_nci( 2373): rw_t4t_send_to_lower: conn_id sent to lower =0
05-11 18:25:30.501 D/libnfc_nci( 2373): rw_t4t_send_to_lower: conn_id sent to lower =0
05-11 18:25:30.509 D/libnfc_nci( 2373): nfaConnectionCallback: NFA_NDEF_DETECT_EVT: status = 0xE8, protocol = 103, max_size = 0, cur_size = 0, flags = 0x8
05-11 18:25:30.509 D/libnfc_nci( 2373): nativeNfcTag_doCheckNdefResult: flag all unknown
05-11 18:25:30.509 D/libnfc_nci( 2373): nativeNfcTag_doCheckNdefResult: exit
05-11 18:25:30.509 D/libnfc_nci( 2373): nativeNfcTag_doCheckNdef: exit; status=0x3
05-11 18:25:30.509 D/NativeNfcTag( 2373): findAndReadNdef: Check NDEF Failed, status = 3
05-11 18:25:30.509 D/NativeNfcTag( 2373): connectWithIdx: idx: 1
05-11 18:25:30.509 D/libnfc_nci( 2373): nativeNfcTag_doConnect: targetIdx = 1, force=0
05-11 18:25:30.509 D/libnfc_nci( 2373): nativeNfcTag_doConnect: switching to tech=1 need to switch rf intf to frame
05-11 18:25:30.509 D/libnfc_nci( 2373): reSelect: enter; rf intf = 0x1, current intf = 0x2
05-11 18:25:30.509 D/libnfc_nci( 2373): reSelect: deactivate to sleep
05-11 18:25:30.514 D/libnfc_nci( 2373): nfaConnectionCallback: NFA_DEACTIVATED_EVT   Type=1, gIsTagDeactivating=1
05-11 18:25:30.514 D/libnfc_nci( 2373): NfcTag::setDeactivationState: state=1
05-11 18:25:30.515 D/libnfc_nci( 2373): reSelect: select interface 0x1
05-11 18:25:30.515 I/libnfc_nci( 2373): NfcTag::setLastSelectedTag: Not a multiprotocol tag, returning
05-11 18:25:30.518 D/libnfc_nci( 2373): nfaConnectionCallback: NFA_SELECT_RESULT_EVT: status = 0, gIsSelectingRfInterface = 1, sIsDisabling=0
05-11 18:25:30.520 D/libnfc_nci( 2373): nfaConnectionCallback: NFA_ACTIVATED_EVT: gIsSelectingRfInterface=1, sIsDisabling=0
05-11 18:25:30.520 D/libnfc_nci( 2373): updateNfcID0Param: nfcID0 =20000
05-11 18:25:30.520 D/libnfc_nci( 2373): NfcTag::setActivationState: state=2
05-11 18:25:30.521 D/libnfc_nci( 2373): reSelect: select completed; sConnectOk=1
05-11 18:25:30.521 D/libnfc_nci( 2373): reSelect: exit; status=0
05-11 18:25:30.521 D/libnfc_nci( 2373): nativeNfcTag_doConnect: exit 0x0
05-11 18:25:30.521 D/libnfc_nci( 2373): nativeNfcTag_doIsIsoDepNdefFormatable
05-11 18:25:30.521 D/libnfc_nci( 2373): NfcTag::isMifareDESFire: return=0
05-11 18:25:30.521 D/libnfc_nci( 2373): nativeNfcTag_doIsNdefFormatable: is formattable=0
05-11 18:25:30.521 D/libnfc_nci( 2373): nativeNfcTag_doCheckNdef: enter
05-11 18:25:30.521 D/libnfc_nci( 2373): nativeNfcTag_doCheckNdef: try NFA_RwDetectNDef
05-11 18:25:30.522 D/libnfc_nci( 2373): nativeNfcTag_doCheckNdef: wait for check NDEF completion
05-11 18:25:30.522 D/libnfc_nci( 2373): nfaConnectionCallback: NFA_NDEF_DETECT_EVT: status = 0x3, protocol = 0, max_size = 0, cur_size = 0, flags = 0x8
05-11 18:25:30.522 D/libnfc_nci( 2373): nativeNfcTag_doCheckNdefResult: flag all unknown
05-11 18:25:30.522 D/libnfc_nci( 2373): nativeNfcTag_doCheckNdefResult: exit
05-11 18:25:30.522 D/libnfc_nci( 2373): nativeNfcTag_doCheckNdef: exit; status=0x3
05-11 18:25:30.522 D/NativeNfcTag( 2373): findAndReadNdef: Check NDEF Failed, status = 3
05-11 18:25:30.522 D/NativeNfcTag( 2373): reconnect
05-11 18:25:30.522 D/libnfc_nci( 2373): nativeNfcTag_doReconnect(enter): sCurrentConnectedTargetIdx=0x1
05-11 18:25:30.522 D/libnfc_nci( 2373): reSelect: enter; rf intf = 0x2, current intf = 0x1
05-11 18:25:30.537 D/libnfc_nci( 2373): reSelect: deactivate to sleep
05-11 18:25:30.542 D/libnfc_nci( 2373): nfaConnectionCallback: NFA_DEACTIVATED_EVT   Type=1, gIsTagDeactivating=1
05-11 18:25:30.542 D/libnfc_nci( 2373): NfcTag::setDeactivationState: state=1
05-11 18:25:30.542 D/libnfc_nci( 2373): reSelect: select interface 0x2
05-11 18:25:30.542 I/libnfc_nci( 2373): NfcTag::setLastSelectedTag: Not a multiprotocol tag, returning
05-11 18:25:30.545 D/libnfc_nci( 2373): nfaConnectionCallback: NFA_SELECT_RESULT_EVT: status = 0, gIsSelectingRfInterface = 1, sIsDisabling=0
05-11 18:25:30.550 D/libnfc_nci( 2373): nfaConnectionCallback: NFA_ACTIVATED_EVT: gIsSelectingRfInterface=1, sIsDisabling=0
05-11 18:25:30.550 D/libnfc_nci( 2373): updateNfcID0Param: nfcID0 =20000
05-11 18:25:30.550 D/libnfc_nci( 2373): NfcTag::setActivationState: state=2
05-11 18:25:30.550 D/libnfc_nci( 2373): reSelect: select completed; sConnectOk=1
05-11 18:25:30.550 D/libnfc_nci( 2373): reSelect: exit; status=0
05-11 18:25:30.550 D/libnfc_nci( 2373): nativeNfcTag_doReconnect(exit): sCurrentConnectedTargetIdx=0x0, retCode=0x0
05-11 18:25:30.552 D/NfcDispatcher( 2373): dispatchTag
05-11 18:25:30.554 D/NativeNfcTag( 2373): Starting background presence check
05-11 18:25:30.555 D/NfcDispatcher( 2373): dispatchTag: TAG: Tech [android.nfc.tech.IsoDep, android.nfc.tech.NfcA] message: null
05-11 18:25:30.567 D/NfcDispatcher( 2373): tryStartActivity: activities.size() = 0
05-11 18:25:30.568 I/NfcDispatcher( 2373): dispatchTag: no match
05-11 18:25:30.569 D/NfcService( 2373): isEndPointRemovalDetectionSupported: not supported
05-11 18:25:30.569 D/NfcService( 2373): dispatchTagEndpoint: Tag dispatch failed
05-11 18:25:30.569 D/libnfc_nci( 2373): startStopPolling: enter; isStart=0
05-11 18:25:30.572 D/libnfc_nci( 2373): nfaDeviceManagementCallback: enter; event=0x2
05-11 18:25:30.572 D/libnfc_nci( 2373): nfaDeviceManagementCallback: NFA_DM_SET_CONFIG_EVT
05-11 18:25:30.573 D/libnfc_nci( 2373): startStopPolling: exit
05-11 18:25:30.573 D/NfcService( 2373): pollingDelay: delay 30000
05-11 18:25:30.573 D/NfcService( 2373): isEndPointRemovalDetectionSupported: not supported
05-11 18:25:30.573 D/NativeNfcTag( 2373): Tag lost, restarting polling loop
05-11 18:25:30.574 D/libnfc_nci( 2373): nativeNfcTag_doDisconnect: enter
05-11 18:25:30.579 D/libnfc_nci( 2373): nfaConnectionCallback: NFA_DEACTIVATED_EVT   Type=3, gIsTagDeactivating=0
05-11 18:25:30.579 D/libnfc_nci( 2373): NfcTag::setDeactivationState: state=0
05-11 18:25:30.579 D/libnfc_nci( 2373): NfcTag::resetTechnologies
05-11 18:25:30.579 D/libnfc_nci( 2373): nativeNfcTag_doDisconnect: exit
05-11 18:25:30.579 D/NativeNfcTag( 2373): Stopping background presence check
05-11 18:25:30.579 D/libnfc_nci( 2373): notifyTagDiscovered: discovered=0
05-11 18:25:30.580 D/NfcService( 2373): onTagRfDiscovered: false
05-11 18:25:30.580 D/libnfc_nci( 2373): nativeNfcTag_abortWaits
05-11 18:25:31.022 I/pixel-thermal( 1746): charge_therm:34.421 raw data: charge_therm:34421 
05-11 18:25:31.024 I/pixel-thermal( 1746): soc_therm:33.486 raw data: soc_therm:33486 
05-11 18:25:31.024 I/pixel-thermal( 1746): Power rails total power: 683.46 mW for 60018 ms
05-11 18:25:31.025 I/pixel-thermal( 1746): Power rails [VSYS_PWR_MODEM: 43.15 mW] [S6S_LLDO2: 10.72 mW] [S8M_LLDO2: 48.03 mW] [S7M_VDD_TPU: 0.00 mW] [S6M_LLDO1: 84.38 mW] [S4M_VDD_CPUCL0: 51.64 mW] 
05-11 18:25:31.025 I/pixel-thermal( 1746): Power rails [S2M_VDD_CPUCL2: 1.62 mW] [S1M_VDD_MIF: 21.82 mW] [S9M_VDD_CPUCL0_M: 10.27 mW] [L21S_VDD2L_MEM: 4.63 mW] [VSYS_PWR_DISPLAY: 197.75 mW] [L22M_DISP: 45.37 mW] 
05-11 18:25:31.025 I/pixel-thermal( 1746): Power rails [VSYS_PWR_RFFE: 1.30 mW] [VSYS_PWR_WLAN_BT: 64.76 mW] [S5M_VDD_INT: 26.90 mW] [S9S_VDD_AOC: 15.18 mW] [S4S_VDD2H_MEM: 18.10 mW] [S3M_VDD_CPUCL1: 3.85 mW] 
05-11 18:25:31.025 I/pixel-thermal( 1746): Power rails [L2S_PLL_MIPI_UFS: 18.27 mW] [S1S_VDD_CAM: 5.16 mW] [S2S_VDD_G3D: 2.18 mW] [S12S_VDD_AUR: 7.84 mW] [S5S_VDDQ_MEM: 0.54 mW] [S8S_VDD_G3D_L2: 0.01 mW] 
05-11 18:25:31.025 I/pixel-thermal( 1746): CDEV log gxp-cooling state:0 tpu_cooling state:0 usbc-port state:0 thermal-cpufreq-1 state:0 chg_mdis state:0 thermal-gpufreq-0 state:0 thermal-cpufreq-2 state:0 thermal-cpufreq-0 state:0 
05-11 18:25:31.364 D/IpClient/wlan0( 2290): addressUpdated: 2003:cb:4f2b:95bb:7434:69ff:fe65:7517/64 on ifindex 47 flags 0x00000100 scope 0
05-11 18:25:31.364 D/IpClient/wlan0( 2290): addressUpdated: 2003:cb:4f2b:95bb:1f92:1d79:29c2:f707/64 on ifindex 47 flags 0x00000001 scope 0
05-11 18:25:31.365 W/AlarmManager( 2290): Unrecognized alarm listener com.android.networkstack.android.net.ip.IpClientLinkObserver$Dhcp6PdPreferredPrefixAlarmListener@5156aec
05-11 18:25:31.365 I/WPKTRT  ( 1143): process_address_event: 2003:cb:4f2b:95bb:7434:69ff:fe65:7517 added to wlan0
05-11 18:25:31.365 I/WPKTRT  ( 1143): process_address_event: 2003:cb:4f2b:95bb:1f92:1d79:29c2:f707 added to wlan0
05-11 18:25:31.366 D/ApfFilter( 2290): (wlan0): Adding RA fe80::1 -> ff02::1 180s 2003:cb:4f2b:95bb::/64 172800s/86400s DNS 60s fe80::1 
05-11 18:25:31.370 E/WifiHAL ( 1024): Setting APF program, halHandle = 0xb400007808dac6d0
05-11 18:25:31.370 E/WifiHAL ( 1024): Set apf filter for iface = wlan0
05-11 18:25:31.370 I/WifiHAL ( 1024): createRequest: APF set program request
05-11 18:25:31.370 I/WifiHAL ( 1024): mProgramLen : 536
05-11 18:25:32.818 I/WifiHAL ( 1024): Creating message to get link statistics; iface = 47
05-11 18:25:32.976 E/libbinder.IPCThreadState( 1024): binder thread pool (1 threads) starved for 157 ms
05-11 18:25:32.976 I/WifiHAL ( 1024): Getting cached scan results, iface handle = 0xb400007808dac6d0
05-11 18:25:32.976 E/WifiHAL ( 1024): Creating message to get cached scan results
05-11 18:25:32.988 I/WifiHAL ( 1024): In GetCachedScanResultsCommand::handleResponse
05-11 18:25:33.048 D/WifiHAL ( 1024): Start debug command: mType GET_FEATURE
05-11 18:25:33.049 I/WifiHAL ( 1024): CreateRequest mType = GET_FEATURE
05-11 18:25:33.049 D/WifiHAL ( 1024): In DebugCommand::handleResponse, mType:GET_FEATURE
05-11 18:25:33.049 D/WifiHAL ( 1024): len = 4, expected len = 4
05-11 18:25:34.946 I/pixel-thermal( 1746): disp_therm:31.26 raw data: disp_therm:31260 
05-11 18:25:34.950 I/pixel-thermal( 1746): cellular-emergency:32.1438 raw data: VIRTUAL-SKIN:32143.8 VIRTUAL-SKIN-SUB-0:31336.6 VIRTUAL-SKIN-SUB-1:28525.9 VIRTUAL-SKIN-SUB-10:30357.9 VIRTUAL-SKIN-SUB-2:30416.5 VIRTUAL-SKIN-SUB-3:29752.8 VIRTUAL-SKIN-SUB-4:30957 VIRTUAL-SKIN-SUB-5:30568.9 VIRTUAL-SKIN-SUB-6:29139.7 VIRTUAL-SKIN-SUB-7:32143.8 VIRTUAL-SKIN-SUB-8:31201.1 VIRTUAL-SKIN-SUB-9:31767.8 battery:31900 cam_therm:31594 cellular-emergency:32143.8 charge_therm:34399 disp_therm:31260 neutral_therm:33308 north_therm:31349 quiet_therm:31928 soc_therm:33597 usb_pwr_therm:32151 
05-11 18:25:34.950 I/pixel-thermal( 1746): VIRTUAL-SKIN-HINT:32.1438 raw data: VIRTUAL-SKIN:32143.8 VIRTUAL-SKIN-HINT:32143.8 
05-11 18:25:34.951 I/pixel-thermal( 1746): VIRTUAL-SKIN-CPU-LIGHT-ODPM:32.1438 raw data: VIRTUAL-SKIN:32143.8 VIRTUAL-SKIN-CPU-LIGHT-ODPM:32143.8 
05-11 18:25:34.951 I/pixel-thermal( 1746): VIRTUAL-SKIN-CPU-MID:32.1438 raw data: VIRTUAL-SKIN:32143.8 VIRTUAL-SKIN-CPU-MID:32143.8 
05-11 18:25:34.951 I/pixel-thermal( 1746): VIRTUAL-SKIN-CPU-HIGH:32.1438 raw data: VIRTUAL-SKIN:32143.8 VIRTUAL-SKIN-CPU-HIGH:32143.8 
05-11 18:25:34.952 I/pixel-thermal( 1746): VIRTUAL-SKIN-SOC:32.1438 raw data: VIRTUAL-SKIN:32143.8 VIRTUAL-SKIN-SOC:32143.8 
05-11 18:25:34.952 I/pixel-thermal( 1746): VIRTUAL-SKIN-GPU:32.1438 raw data: VIRTUAL-SKIN:32143.8 VIRTUAL-SKIN-GPU:32143.8 
05-11 18:25:34.952 I/pixel-thermal( 1746): VIRTUAL-SKIN:32.1438 raw data: VIRTUAL-SKIN:32143.8 
05-11 18:25:35.407 I/pixel-thermal( 1746): VIRTUAL-SKIN-SPEAKER:28.8285 raw data: VIRTUAL-SKIN-SPEAKER:28828.5 VIRTUAL-SKIN-SPEAKER-SUB-0:25929.6 VIRTUAL-SKIN-SPEAKER-SUB-1:28828.5 VIRTUAL-SKIN-SPEAKER-SUB-2:28713.2 battery:31900 cam_therm:31594 charge_therm:34399 disp_therm:31260 neutral_therm:33308 north_therm:31349 quiet_therm:31928 soc_therm:33597 usb_pwr_therm:32151 
05-11 18:25:35.410 I/pixel-thermal( 1746): VIRTUAL-SKIN-CHARGE-WIRED:31.2011 raw data: NO_WLC:1 VIRTUAL-SKIN-CHARGE:31201.1 VIRTUAL-SKIN-CHARGE-SUB-0:30686.3 VIRTUAL-SKIN-CHARGE-SUB-1:30300.2 VIRTUAL-SKIN-CHARGE-SUB-2:29749.6 VIRTUAL-SKIN-CHARGE-SUB-3:31201.1 VIRTUAL-SKIN-CHARGE-WIRED:31201.1 WLC_CHECK:1 battery:31900 cam_therm:31594 charge_therm:34399 disp_therm:31260 neutral_therm:33308 north_therm:31349 quiet_therm:31928 soc_therm:33597 thb_hda:54 usb_pwr_therm:32151 
05-11 18:25:35.410 I/pixel-thermal( 1746): VIRTUAL-SKIN-CHARGE-PERSIST:31.2011 raw data: VIRTUAL-SKIN-CHARGE:31201.1 VIRTUAL-SKIN-CHARGE-PERSIST:31201.1 
05-11 18:25:36.058 I/WifiHAL ( 1024): Creating message to get link statistics; iface = 47
05-11 18:25:36.208 E/libbinder.IPCThreadState( 1024): binder thread pool (1 threads) starved for 150 ms
05-11 18:25:36.209 I/WifiHAL ( 1024): Getting cached scan results, iface handle = 0xb400007808dac6d0
05-11 18:25:36.209 E/WifiHAL ( 1024): Creating message to get cached scan results
05-11 18:25:36.221 I/WifiHAL ( 1024): In GetCachedScanResultsCommand::handleResponse
05-11 18:25:36.276 D/WifiHAL ( 1024): Start debug command: mType GET_FEATURE
05-11 18:25:36.276 I/WifiHAL ( 1024): CreateRequest mType = GET_FEATURE
05-11 18:25:36.276 D/WifiHAL ( 1024): In DebugCommand::handleResponse, mType:GET_FEATURE
05-11 18:25:36.276 D/WifiHAL ( 1024): len = 4, expected len = 4
05-11 18:25:36.606 D/TemperatureStateSource( 2302): sequence=19140 actualDelay=10003
05-11 18:25:36.607 D/TemperatureStateSource( 2302): Reading temperature: sequence=19141
05-11 18:25:36.610 I/pixel-thermal( 1746): VIRTUAL-SKIN:32.1438 raw data: VIRTUAL-SKIN:32143.8 
05-11 18:25:36.611 D/TemperatureStateSource( 2302): getDeviceTemperatures: sequence=19141 deviceTemperatureType=3 temperatureSource=0 temperatures=[32.143784]
05-11 18:25:36.611 D/BusinessScope( 2302): Enqueuing the block
05-11 18:25:36.612 D/TemperatureStateSource( 2302): sequence=19141 waitTime=10000
05-11 18:25:36.612 D/BusinessScope( 2302): Start running the #39945 block
05-11 18:25:36.612 D/BusinessScope( 2302): Enqueuing the block
05-11 18:25:36.612 D/ImpulseStateSource( 2302): Notify clients: 19970
05-11 18:25:36.612 D/BusinessScope( 2302): Finish running the #39945 block
05-11 18:25:36.612 D/BusinessScope( 2302): Start running the #39946 block
05-11 18:25:36.613 D/BusinessScope( 2302): Finish running the #39946 block
05-11 18:25:39.287 I/WifiHAL ( 1024): Creating message to get link statistics; iface = 47
05-11 18:25:39.437 E/libbinder.IPCThreadState( 1024): binder thread pool (1 threads) starved for 150 ms
05-11 18:25:39.437 I/WifiHAL ( 1024): Getting cached scan results, iface handle = 0xb400007808dac6d0
05-11 18:25:39.437 E/WifiHAL ( 1024): Creating message to get cached scan results
05-11 18:25:39.450 I/WifiHAL ( 1024): In GetCachedScanResultsCommand::handleResponse
05-11 18:25:39.517 D/WifiHAL ( 1024): Start debug command: mType GET_FEATURE
05-11 18:25:39.517 I/WifiHAL ( 1024): CreateRequest mType = GET_FEATURE
05-11 18:25:39.517 D/WifiHAL ( 1024): In DebugCommand::handleResponse, mType:GET_FEATURE
05-11 18:25:39.517 D/WifiHAL ( 1024): len = 4, expected len = 4
05-11 18:25:39.946 I/abb     (28028): StartCommandInProcess(73657474696e67730067657400676c6f settings.get.glo [truncated])
05-11 18:25:39.951 W/binder:1498_8( 1498): type=1400 audit(0.0:59679): avc:  denied  { getopt } for  scontext=u:r:system_server:s0 tcontext=u:r:shell:s0 tclass=unix_stream_socket permissive=0
05-11 18:25:39.951 W/binder:1498_8( 1498): type=1400 audit(0.0:59680): avc:  denied  { getopt } for  scontext=u:r:system_server:s0 tcontext=u:r:shell:s0 tclass=unix_stream_socket permissive=0
05-11 18:25:39.951 W/binder:1498_8( 1498): type=1400 audit(0.0:59681): avc:  denied  { getopt } for  scontext=u:r:system_server:s0 tcontext=u:r:shell:s0 tclass=unix_stream_socket permissive=0
05-11 18:25:39.958 I/abb     (28028): StartCommandInProcess(7061636b61676500696e7374616c6c00 package.install. [truncated])
05-11 18:25:40.167 W/binder:1498_8( 1498): type=1400 audit(0.0:59682): avc:  denied  { getopt } for  scontext=u:r:system_server:s0 tcontext=u:r:shell:s0 tclass=unix_stream_socket permissive=0
05-11 18:25:40.251 D/ActivityManager( 1498): sync unfroze 19400 com.android.vending for 10
05-11 18:25:40.259 I/Finsky  (19400): [166] Stats for Executor: LightweightExecutor vpy@4c4c9de[Running, pool size = 4, active threads = 0, queued tasks = 0, completed tasks = 11592]
05-11 18:25:40.260 I/Finsky  (19400): [166] Stats for Executor: BlockingExecutor vpy@8ee4e51[Running, pool size = 0, active threads = 0, queued tasks = 0, completed tasks = 2830]
05-11 18:25:40.260 I/Finsky  (19400): [166] Stats for Executor: bgExecutor vpy@afe8f3e[Running, pool size = 4, active threads = 0, queued tasks = 0, completed tasks = 40351]
05-11 18:25:40.261 I/Finsky  (19400): [166] Stats for Executor: GrpcBackgroundExecutor vpy@77096f8[Running, pool size = 4, active threads = 0, queued tasks = 0, completed tasks = 49]
05-11 18:25:40.266 D/ActivityManager( 1498): sync unfroze 19881 com.android.vending:background for 10
05-11 18:25:40.270 D/ActivityManager( 1498): sync unfroze 10828 com.android.vending:quick_launch for 10
05-11 18:25:40.272 D/ActivityManager( 1498): sync unfroze 10980 com.android.vending:instant_app_installer for 10
05-11 18:25:40.273 I/Finsky:background(19881): [176] Stats for Executor: bgExecutor vpy@cfa36b6[Running, pool size = 4, active threads = 0, queued tasks = 0, completed tasks = 902]
05-11 18:25:40.274 I/Finsky:background(19881): [176] Stats for Executor: LightweightExecutor vpy@6155d9a[Running, pool size = 4, active threads = 0, queued tasks = 0, completed tasks = 526]
05-11 18:25:40.274 I/Finsky:background(19881): [176] Stats for Executor: BlockingExecutor vpy@cbf600c[Running, pool size = 0, active threads = 0, queued tasks = 0, completed tasks = 1343]
05-11 18:25:40.286 D/BackgroundInstallControlService( 1498): Package event received: 0
05-11 18:25:40.296 I/Finsky  (19400): [2] VerifyApps: Install-time verification requested for package com.cityprint.app, PackageManager id = 225, Verifier id = 9ea975a4-f977-40a5-a59c-c5b54ec3cb44
05-11 18:25:40.310 I/Finsky  (19400): [168] RECEIVER_PACKAGE_VERIFICATION#logWorkEndAndFinishGoAsync: SUCCESS
05-11 18:25:40.332 V/Configuration(19400): Updating configuration, locales updated from [] to [en_US,de_DE]
05-11 18:25:40.380 I/Finsky  (19400): [2044] VerifyApps: Anti-malware verification task started for package=com.cityprint.app
05-11 18:25:40.387 E/AbstractLogEventBuilder(19400): The provided ProductIdOrigin 3 is not one of the process-level expected values: 1 or 2
05-11 18:25:40.390 I/Finsky  (19400): [2044] Single user settings service is not running, bind it now
05-11 18:25:40.404 W/ProcessStats( 1498): Tracking association SourceState{a69f313 com.android.vending/10152 Service #446004} whose proc state 8 is better than process ProcessState{9cda445 com.android.vending:background/10152 pkg=com.android.vending} proc state 14 (0 skipped)
05-11 18:25:40.405 I/Finsky  (19400): [2] Single user settings service is connected
05-11 18:25:40.419 W/Settings(19400): Setting install_non_market_apps has moved from android.provider.Settings.Global to android.provider.Settings.Secure, returning read-only value.
05-11 18:25:40.420 E/AbstractLogEventBuilder(19400): The provided ProductIdOrigin 3 is not one of the process-level expected values: 1 or 2
05-11 18:25:40.646 I/Finsky  (19400): [2044] VerifyApps: Installer app: com.android.shell
05-11 18:25:40.664 I/Finsky  (19400): [2044] Task 7 requested foreground
05-11 18:25:40.666 I/Finsky  (19400): [2044] Not entering foreground
05-11 18:25:40.666 I/Finsky  (19400): [2044] VerifyApps: chooseScanResult for package=com.cityprint.app with timeout=15000ms
05-11 18:25:40.669 I/Finsky  (19400): [179] VerifyApps: Starting APK Analysis scan for com.cityprint.app.
05-11 18:25:40.669 I/Finsky  (19400): [179] Scanning package com.cityprint.app contents with client side protections. File: [iNQH3bM6ufs-wbVRgMiCueyXdcCSXrEYpXGel6V44eo]
05-11 18:25:40.761 E/AbstractLogEventBuilder(19400): The provided ProductIdOrigin 3 is not one of the process-level expected values: 1 or 2
05-11 18:25:40.767 I/PlayCore(19400): UID: [10152]  PID: [19400] bbpt : Initiate binding to the service.
05-11 18:25:40.772 V/GrammaticalInflectionUtils( 1498): AttributionSource: android.content.AttributionSource@99138526 does not have READ_SYSTEM_GRAMMATICAL_GENDER permission.
05-11 18:25:40.773 D/CompatChangeReporter( 1498): Compat change id reported: 441041342; UID 99360; state: ENABLED
05-11 18:25:40.777 V/Configuration(19400): Updating configuration, locales updated from [] to [en_US,de_DE]
05-11 18:25:40.813 D/Zygote  (  930): Forked child process 28010
05-11 18:25:40.813 I/ActivityManager( 1498): Start proc 28010:com.android.vending:com.google.android.finsky.verifier.apkanalysis.service.ApkContentsScanService/u0i360 for service {com.android.vending/com.google.android.finsky.verifier.apkanalysis.service.ApkContentsScanService}
05-11 18:25:40.823 E/AbstractLogEventBuilder(19400): The provided ProductIdOrigin 3 is not one of the process-level expected values: 1 or 2
05-11 18:25:40.825 I/Finsky  (19400): [2048] VerifyApps: Verification package=com.cityprint.app, id=225, response=0, upload_requested=false, enable_ecm=false
05-11 18:25:40.831 I/Finsky  (19400): [2048] VerifyApps: PAM result saving to datastore delayed for package: com.cityprint.app
05-11 18:25:40.832 I/Finsky  (19400): [2044] VerifyApps: firstScanResult for package=com.cityprint.app: SAFE
05-11 18:25:40.832 I/Finsky  (19400): [2044] VerifyApps: firstScanResult verdict is SAFE. Checking for extended timeout.
05-11 18:25:40.832 I/Finsky  (19400): [2044] VerifyApps: Timeout for second result: 14834ms
05-11 18:25:40.840 I/Zygote  (28010): Process 28010 created for com.android.vending:com.google.android.finsky.verifier.apkanalysis.service.ApkContentsScanService
05-11 18:25:40.841 I/entsScanService(28010): Using CollectorTypeCMC GC.
05-11 18:25:40.858 D/nativeloader(28010): Load libframework-connectivity-tiramisu-jni.so using APEX ns com_android_tethering for caller /apex/com.android.tethering/javalib/framework-connectivity-t.jar: ok
05-11 18:25:40.898 D/ApplicationLoaders(28010): Returning zygote-cached class loader: /system/framework/org.apache.http.legacy.jar
05-11 18:25:40.898 D/ApplicationLoaders(28010): Returning zygote-cached class loader: /system_ext/framework/androidx.window.extensions.jar
05-11 18:25:40.898 D/ApplicationLoaders(28010): Returning zygote-cached class loader: /system_ext/framework/androidx.window.sidecar.jar
05-11 18:25:41.071 W/entsScanService(28010): Failed to find entry 'classes.dex': Entry not found
05-11 18:25:41.072 W/entsScanService(28010): Failed to find entry 'classes.dex': Entry not found
05-11 18:25:41.072 W/entsScanService(28010): Failed to find entry 'classes.dex': Entry not found
05-11 18:25:41.073 W/entsScanService(28010): Failed to find entry 'classes.dex': Entry not found
05-11 18:25:41.073 W/entsScanService(28010): Failed to find entry 'classes.dex': Entry not found
05-11 18:25:41.073 W/entsScanService(28010): Failed to find entry 'classes.dex': Entry not found
05-11 18:25:41.073 W/entsScanService(28010): Failed to find entry 'classes.dex': Entry not found
05-11 18:25:41.074 D/nativeloader(28010): Configuring clns-9 for other apk /data/app/~~uIIln0kxwqiR1FXvqfyIwA==/com.android.vending-PU_pJL97qyN2oKIprOtN-A==/base.apk:/data/app/~~uIIln0kxwqiR1FXvqfyIwA==/com.android.vending-PU_pJL97qyN2oKIprOtN-A==/split_config.arm64_v8a.apk:/data/app/~~uIIln0kxwqiR1FXvqfyIwA==/com.android.vending-PU_pJL97qyN2oKIprOtN-A==/split_config.de.apk:/data/app/~~uIIln0kxwqiR1FXvqfyIwA==/com.android.vending-PU_pJL97qyN2oKIprOtN-A==/split_config.en.apk:/data/app/~~uIIln0kxwqiR1FXvqfyIwA==/com.android.vending-PU_pJL97qyN2oKIprOtN-A==/split_phonesky_data_loader.apk:/data/app/~~uIIln0kxwqiR1FXvqfyIwA==/com.android.vending-PU_pJL97qyN2oKIprOtN-A==/split_phonesky_data_loader.config.arm64_v8a.apk:/data/app/~~uIIln0kxwqiR1FXvqfyIwA==/com.android.vending-PU_pJL97qyN2oKIprOtN-A==/split_phonesky_webrtc_native_lib.apk:/data/app/~~uIIln0kxwqiR1FXvqfyIwA==/com.android.vending-PU_pJL97qyN2oKIprOtN-A==/split_phonesky_webrtc_native_lib.config.arm64_v8a.apk. target_sdk_version=36, uses_libraries=, library_path=/data/app/~~uIIln0kxwqiR1FXvqfyIwA
05-11 18:25:41.196 I/PlayCore(19400): UID: [10152]  PID: [19400] bbpt : ServiceConnectionImpl.onServiceConnected(ComponentInfo{com.android.vending/com.google.android.finsky.verifier.apkanalysis.service.ApkContentsScanService})
05-11 18:25:41.198 I/PlayCore(19400): UID: [10152]  PID: [19400] bbpt : linkToDeath
05-11 18:25:41.281 D/nativeloader(28010): Load /data/app/~~uIIln0kxwqiR1FXvqfyIwA==/com.android.vending-PU_pJL97qyN2oKIprOtN-A==/split_config.arm64_v8a.apk!/lib/arm64-v8a/libapkanalysis.so using class loader ns clns-9 (caller=/data/app/~~uIIln0kxwqiR1FXvqfyIwA==/com.android.vending-PU_pJL97qyN2oKIprOtN-A==/base.apk!classes5.dex): ok
05-11 18:25:41.337 I/native  (28010): I0000 00:00:1778516741.336790   28026 zip_archive.cpp:490] +++ Found EOCD at buf+65535
05-11 18:25:41.337 I/native  (28010): I0000 00:00:1778516741.337829   28026 zip_archive.cpp:534] +++ num_entries=510dir_size=48637 dir_offset=5471882
05-11 18:25:41.338 I/native  (28010): I0000 00:00:1778516741.338136   28026 file_map.cpp:112] MAP: base 0x73c0194000/52359 data 0x73c0194e8a/48637
05-11 18:25:41.338 I/native  (28010): I0000 00:00:1778516741.338595   28026 zip_archive.cpp:695] +++ zip good scan 510 entries
05-11 18:25:41.966 I/pixel-thermal( 1746): disp_therm:31.371 raw data: disp_therm:31371 
05-11 18:25:41.972 I/pixel-thermal( 1746): cellular-emergency:32.131 raw data: VIRTUAL-SKIN:32131 VIRTUAL-SKIN-SUB-0:31298 VIRTUAL-SKIN-SUB-1:28521.8 VIRTUAL-SKIN-SUB-10:30380.3 VIRTUAL-SKIN-SUB-2:30398.7 VIRTUAL-SKIN-SUB-3:29713.9 VIRTUAL-SKIN-SUB-4:31026.5 VIRTUAL-SKIN-SUB-5:30517.5 VIRTUAL-SKIN-SUB-6:29136.3 VIRTUAL-SKIN-SUB-7:32131 VIRTUAL-SKIN-SUB-8:31209.4 VIRTUAL-SKIN-SUB-9:31719.1 battery:31900 cam_therm:31616 cellular-emergency:32131 charge_therm:34354 disp_therm:31371 neutral_therm:33241 north_therm:31438 quiet_therm:31906 soc_therm:33397 usb_pwr_therm:32106 
05-11 18:25:41.972 I/pixel-thermal( 1746): VIRTUAL-SKIN-HINT:32.131 raw data: VIRTUAL-SKIN:32131 VIRTUAL-SKIN-HINT:32131 
05-11 18:25:41.972 I/pixel-thermal( 1746): VIRTUAL-SKIN-CPU-LIGHT-ODPM:32.131 raw data: VIRTUAL-SKIN:32131 VIRTUAL-SKIN-CPU-LIGHT-ODPM:32131 
05-11 18:25:41.973 I/pixel-thermal( 1746): VIRTUAL-SKIN-CPU-MID:32.131 raw data: VIRTUAL-SKIN:32131 VIRTUAL-SKIN-CPU-MID:32131 
05-11 18:25:41.973 I/pixel-thermal( 1746): VIRTUAL-SKIN-CPU-HIGH:32.131 raw data: VIRTUAL-SKIN:32131 VIRTUAL-SKIN-CPU-HIGH:32131 
05-11 18:25:41.973 I/pixel-thermal( 1746): VIRTUAL-SKIN-SOC:32.131 raw data: VIRTUAL-SKIN:32131 VIRTUAL-SKIN-SOC:32131 
05-11 18:25:41.973 I/pixel-thermal( 1746): VIRTUAL-SKIN-GPU:32.131 raw data: VIRTUAL-SKIN:32131 VIRTUAL-SKIN-GPU:32131 
05-11 18:25:41.973 I/pixel-thermal( 1746): VIRTUAL-SKIN:32.131 raw data: VIRTUAL-SKIN:32131 
05-11 18:25:42.069 I/native  (28010): I0000 00:00:1778516742.069138   28026 zip_archive.cpp:783] Closing archive 0xb40000711856b2d0
05-11 18:25:42.094 E/AbstractLogEventBuilder(19400): The provided ProductIdOrigin 3 is not one of the process-level expected values: 1 or 2
05-11 18:25:42.095 I/PlayCore(19400): UID: [10152]  PID: [19400] bbpt : Unbind from service.
05-11 18:25:42.099 I/ActivityManager( 1498): Killing 28010:com.android.vending:com.google.android.finsky.verifier.apkanalysis.service.ApkContentsScanService/u0a152i360 (adj 0): isolated not needed
05-11 18:25:42.176 I/PlayCore(19400): UID: [10152]  PID: [19400] bbpt : reportBinderDeath
05-11 18:25:42.176 I/PlayCore(19400): UID: [10152]  PID: [19400] bbpt : ApkContentsScanService : Binder has died.
05-11 18:25:42.176 I/libprocessgroup( 1498): Removed cgroup /sys/fs/cgroup/apps/uid_99360/pid_28010
05-11 18:25:42.177 I/Zygote  (  930): Process 28010 exited due to signal 9 (Killed)
05-11 18:25:42.313 E/KernelCpuUidActiveTimeReader( 1498): Negative delta from active time for uid: 1002, delta: -33207
05-11 18:25:42.313 E/KernelCpuUidActiveTimeReader( 1498): Negative delta from active time for uid: 1040, delta: -138
05-11 18:25:42.313 E/KernelCpuUidActiveTimeReader( 1498): Negative delta from active time for uid: 1047, delta: -7194
05-11 18:25:42.313 E/KernelCpuUidActiveTimeReader( 1498): Negative delta from active time for uid: 1053, delta: -355
05-11 18:25:42.313 E/KernelCpuUidActiveTimeReader( 1498): Negative delta from active time for uid: 1064, delta: -59
05-11 18:25:42.313 E/KernelCpuUidActiveTimeReader( 1498): Negative delta from active time for uid: 1068, delta: -636
05-11 18:25:42.313 E/KernelCpuUidActiveTimeReader( 1498): Negative delta from active time for uid: 1082, delta: -530329
05-11 18:25:42.314 E/KernelCpuUidActiveTimeReader( 1498): Negative delta from active time for uid: 10083, delta: -2
05-11 18:25:42.314 E/KernelCpuUidActiveTimeReader( 1498): Negative delta from active time for uid: 10089, delta: -75
05-11 18:25:42.314 E/KernelCpuUidActiveTimeReader( 1498): Negative delta from active time for uid: 10090, delta: -30
05-11 18:25:42.314 E/KernelCpuUidActiveTimeReader( 1498): Negative delta from active time for uid: 10091, delta: -368
05-11 18:25:42.314 E/KernelCpuUidActiveTimeReader( 1498): Negative delta from active time for uid: 10100, delta: -58
05-11 18:25:42.314 E/KernelCpuUidActiveTimeReader( 1498): Negative delta from active time for uid: 10105, delta: -112
05-11 18:25:42.314 E/KernelCpuUidActiveTimeReader( 1498): Negative delta from active time for uid: 10110, delta: -4413
05-11 18:25:42.314 E/KernelCpuUidActiveTimeReader( 1498): Negative delta from active time for uid: 10113, delta: -447
05-11 18:25:42.314 E/KernelCpuUidActiveTimeReader( 1498): Negative delta from active time for uid: 10116, delta: -460
05-11 18:25:42.314 E/KernelCpuUidActiveTimeReader( 1498): Negative delta from active time for uid: 10121, delta: -446
05-11 18:25:42.314 E/KernelCpuUidActiveTimeReader( 1498): Negative delta from active time for uid: 10128, delta: -31976
05-11 18:25:42.314 E/KernelCpuUidActiveTimeReader( 1498): Negative delta from active time for uid: 10134, delta: -85
05-11 18:25:42.314 E/KernelCpuUidActiveTimeReader( 1498): Negative delta from active time for uid: 10140, delta: -1166
05-11 18:25:42.314 E/KernelCpuUidActiveTimeReader( 1498): Negative delta from active time for uid: 10142, delta: -352
05-11 18:25:42.314 E/KernelCpuUidActiveTimeReader( 1498): Negative delta from active time for uid: 10143, delta: -45
05-11 18:25:42.314 E/KernelCpuUidActiveTimeReader( 1498): Negative delta from active time for uid: 10144, delta: -16
05-11 18:25:42.314 E/KernelCpuUidActiveTimeReader( 1498): Negative delta from active time for uid: 10146, delta: -206
05-11 18:25:42.314 E/KernelCpuUidActiveTimeReader( 1498): Negative delta from active time for uid: 10148, delta: -550
05-11 18:25:42.314 E/KernelCpuUidActiveTimeReader( 1498): Negative delta from active time for uid: 10153, delta: -675
05-11 18:25:42.314 E/KernelCpuUidActiveTimeReader( 1498): Negative delta from active time for uid: 10154, delta: -436
05-11 18:25:42.314 E/KernelCpuUidActiveTimeReader( 1498): Negative delta from active time for uid: 10155, delta: -168
05-11 18:25:42.314 E/KernelCpuUidActiveTimeReader( 1498): Negative delta from active time for uid: 10157, delta: -20
05-11 18:25:42.314 E/KernelCpuUidActiveTimeReader( 1498): Negative delta from active time for uid: 10160, delta: -27661
05-11 18:25:42.314 E/KernelCpuUidActiveTimeReader( 1498): Negative delta from active time for uid: 10162, delta: -44
05-11 18:25:42.314 E/KernelCpuUidActiveTimeReader( 1498): Negative delta from active time for uid: 10166, delta: -811
05-11 18:25:42.314 E/KernelCpuUidActiveTimeReader( 1498): Negative delta from active time for uid: 10169, delta: -50
05-11 18:25:42.314 E/KernelCpuUidActiveTimeReader( 1498): Negative delta from active time for uid: 10174, delta: -846
05-11 18:25:42.314 E/KernelCpuUidActiveTimeReader( 1498): Negative delta from active time for uid: 10175, delta: -1999
05-11 18:25:42.314 E/KernelCpuUidActiveTimeReader( 1498): Negative delta from active time for uid: 10183, delta: -125
05-11 18:25:42.314 E/KernelCpuUidActiveTimeReader( 1498): Negative delta from active time for uid: 10189, delta: -44480
05-11 18:25:42.314 E/KernelCpuUidActiveTimeReader( 1498): Negative delta from active time for uid: 10191, delta: -1894
05-11 18:25:42.314 E/KernelCpuUidActiveTimeReader( 1498): Negative delta from active time for uid: 10203, delta: -1095
05-11 18:25:42.314 E/KernelCpuUidActiveTimeReader( 1498): Negative delta from active time for uid: 10206, delta: -386
05-11 18:25:42.314 E/KernelCpuUidActiveTimeReader( 1498): Negative delta from active time for uid: 10209, delta: -3579
05-11 18:25:42.314 E/KernelCpuUidActiveTimeReader( 1498): Negative delta from active time for uid: 10213, delta: -33047
05-11 18:25:42.314 E/KernelCpuUidActiveTimeReader( 1498): Negative delta from active time for uid: 10218, delta: -444
05-11 18:25:42.314 E/KernelCpuUidActiveTimeReader( 1498): Negative delta from active time for uid: 10220, delta: -505
05-11 18:25:42.314 E/KernelCpuUidActiveTimeReader( 1498): Negative delta from active time for uid: 10226, delta: -1546
05-11 18:25:42.314 E/KernelCpuUidActiveTimeReader( 1498): Negative delta from active time for uid: 10227, delta: -274
