05-11 18:25:42.314 E/KernelCpuUidActiveTimeReader( 1498): Negative delta from active time for uid: 10228, delta: -178390
05-11 18:25:42.314 E/KernelCpuUidActiveTimeReader( 1498): Negative delta from active time for uid: 10230, delta: -76
05-11 18:25:42.314 E/KernelCpuUidActiveTimeReader( 1498): Negative delta from active time for uid: 10234, delta: -1593
05-11 18:25:42.314 E/KernelCpuUidActiveTimeReader( 1498): Negative delta from active time for uid: 10248, delta: -1366
05-11 18:25:42.314 E/KernelCpuUidActiveTimeReader( 1498): Negative delta from active time for uid: 10257, delta: -521
05-11 18:25:42.314 E/KernelCpuUidActiveTimeReader( 1498): Negative delta from active time for uid: 10267, delta: -85
05-11 18:25:42.314 E/KernelCpuUidActiveTimeReader( 1498): Negative delta from active time for uid: 10268, delta: -3720
05-11 18:25:42.314 E/KernelCpuUidActiveTimeReader( 1498): Negative delta from active time for uid: 10269, delta: -746
05-11 18:25:42.314 E/KernelCpuUidActiveTimeReader( 1498): Negative delta from active time for uid: 10275, delta: -263
05-11 18:25:42.314 E/KernelCpuUidActiveTimeReader( 1498): Negative delta from active time for uid: 10277, delta: -1304
05-11 18:25:42.314 E/KernelCpuUidActiveTimeReader( 1498): Negative delta from active time for uid: 10284, delta: -8609
05-11 18:25:42.314 E/KernelCpuUidActiveTimeReader( 1498): Negative delta from active time for uid: 10285, delta: -1123
05-11 18:25:42.314 E/KernelCpuUidActiveTimeReader( 1498): Negative delta from active time for uid: 10290, delta: -1555
05-11 18:25:42.314 E/KernelCpuUidActiveTimeReader( 1498): Negative delta from active time for uid: 10291, delta: -385
05-11 18:25:42.314 E/KernelCpuUidActiveTimeReader( 1498): Negative delta from active time for uid: 10295, delta: -1530
05-11 18:25:42.314 E/KernelCpuUidActiveTimeReader( 1498): Negative delta from active time for uid: 10296, delta: -6071
05-11 18:25:42.314 E/KernelCpuUidActiveTimeReader( 1498): Negative delta from active time for uid: 10297, delta: -1052
05-11 18:25:42.314 E/KernelCpuUidActiveTimeReader( 1498): Negative delta from active time for uid: 10308, delta: -155
05-11 18:25:42.314 E/KernelCpuUidActiveTimeReader( 1498): Negative delta from active time for uid: 10313, delta: -1369
05-11 18:25:42.314 E/KernelCpuUidActiveTimeReader( 1498): Negative delta from active time for uid: 10317, delta: -1863
05-11 18:25:42.314 E/KernelCpuUidActiveTimeReader( 1498): Negative delta from active time for uid: 10319, delta: -408
05-11 18:25:42.314 E/KernelCpuUidActiveTimeReader( 1498): Negative delta from active time for uid: 10321, delta: -1507
05-11 18:25:42.314 E/KernelCpuUidActiveTimeReader( 1498): Negative delta from active time for uid: 10324, delta: -913
05-11 18:25:42.314 E/KernelCpuUidActiveTimeReader( 1498): Negative delta from active time for uid: 10325, delta: -816
05-11 18:25:42.314 E/KernelCpuUidActiveTimeReader( 1498): Negative delta from active time for uid: 10339, delta: -501
05-11 18:25:42.314 E/KernelCpuUidActiveTimeReader( 1498): Negative delta from active time for uid: 10343, delta: -1194
05-11 18:25:42.314 E/KernelCpuUidActiveTimeReader( 1498): Negative delta from active time for uid: 10344, delta: -255
05-11 18:25:42.314 E/KernelCpuUidActiveTimeReader( 1498): Negative delta from active time for uid: 10347, delta: -626
05-11 18:25:42.314 E/KernelCpuUidActiveTimeReader( 1498): Negative delta from active time for uid: 10348, delta: -490
05-11 18:25:42.314 E/KernelCpuUidActiveTimeReader( 1498): Negative delta from active time for uid: 10353, delta: -117
05-11 18:25:42.314 E/KernelCpuUidActiveTimeReader( 1498): Negative delta from active time for uid: 10359, delta: -563
05-11 18:25:42.314 E/KernelCpuUidActiveTimeReader( 1498): Negative delta from active time for uid: 10360, delta: -97
05-11 18:25:42.314 E/KernelCpuUidActiveTimeReader( 1498): Negative delta from active time for uid: 10363, delta: -62192
05-11 18:25:42.314 E/KernelCpuUidActiveTimeReader( 1498): Negative delta from active time for uid: 10366, delta: -639
05-11 18:25:42.314 E/KernelCpuUidActiveTimeReader( 1498): Negative delta from active time for uid: 10371, delta: -1857
05-11 18:25:42.314 E/KernelCpuUidActiveTimeReader( 1498): Negative delta from active time for uid: 10380, delta: -1132
05-11 18:25:42.314 E/KernelCpuUidActiveTimeReader( 1498): Negative delta from active time for uid: 10383, delta: -933
05-11 18:25:42.314 E/KernelCpuUidActiveTimeReader( 1498): Negative delta from active time for uid: 10384, delta: -5580
05-11 18:25:42.314 E/KernelCpuUidActiveTimeReader( 1498): Negative delta from active time for uid: 10405, delta: -11871
05-11 18:25:42.314 E/KernelCpuUidActiveTimeReader( 1498): Negative delta from active time for uid: 10409, delta: -319
05-11 18:25:42.314 E/KernelCpuUidActiveTimeReader( 1498): Negative delta from active time for uid: 10410, delta: -1192
05-11 18:25:42.314 E/KernelCpuUidActiveTimeReader( 1498): Negative delta from active time for uid: 10463, delta: -173
05-11 18:25:42.314 E/KernelCpuUidActiveTimeReader( 1498): Negative delta from active time for uid: 10466, delta: -2945
05-11 18:25:42.314 E/KernelCpuUidActiveTimeReader( 1498): Negative delta from active time for uid: 10472, delta: -503
05-11 18:25:42.314 E/KernelCpuUidActiveTimeReader( 1498): Negative delta from active time for uid: 99067, delta: -7
05-11 18:25:42.314 E/KernelCpuUidActiveTimeReader( 1498): Negative delta from active time for uid: 99087, delta: -6
05-11 18:25:42.419 I/pixel-thermal( 1746): VIRTUAL-SKIN-SPEAKER:28.8174 raw data: VIRTUAL-SKIN-SPEAKER:28817.4 VIRTUAL-SKIN-SPEAKER-SUB-0:25906.6 VIRTUAL-SKIN-SPEAKER-SUB-1:28817.4 VIRTUAL-SKIN-SPEAKER-SUB-2:28712.5 battery:31900 cam_therm:31616 charge_therm:34354 disp_therm:31371 neutral_therm:33241 north_therm:31438 quiet_therm:31906 soc_therm:33397 usb_pwr_therm:32106 
05-11 18:25:42.420 I/pixel-thermal( 1746): VIRTUAL-SKIN-CHARGE-WIRED:31.2094 raw data: NO_WLC:1 VIRTUAL-SKIN-CHARGE:31209.4 VIRTUAL-SKIN-CHARGE-SUB-0:30661.1 VIRTUAL-SKIN-CHARGE-SUB-1:30324.3 VIRTUAL-SKIN-CHARGE-SUB-2:29753.8 VIRTUAL-SKIN-CHARGE-SUB-3:31209.4 VIRTUAL-SKIN-CHARGE-WIRED:31209.4 WLC_CHECK:1 battery:31900 cam_therm:31616 charge_therm:34354 disp_therm:31371 neutral_therm:33241 north_therm:31438 quiet_therm:31906 soc_therm:33397 thb_hda:54 usb_pwr_therm:32106 
05-11 18:25:42.420 I/pixel-thermal( 1746): VIRTUAL-SKIN-CHARGE-PERSIST:31.2094 raw data: VIRTUAL-SKIN-CHARGE:31209.4 VIRTUAL-SKIN-CHARGE-PERSIST:31209.4 
05-11 18:25:42.523 I/WifiHAL ( 1024): Creating message to get link statistics; iface = 47
05-11 18:25:42.671 I/WifiHAL ( 1024): Getting cached scan results, iface handle = 0xb400007808dac6d0
05-11 18:25:42.671 E/WifiHAL ( 1024): Creating message to get cached scan results
05-11 18:25:42.686 I/WifiHAL ( 1024): In GetCachedScanResultsCommand::handleResponse
05-11 18:25:42.686 E/libbinder.IPCThreadState( 1024): binder thread pool (1 threads) starved for 162 ms
05-11 18:25:42.745 D/WifiHAL ( 1024): Start debug command: mType GET_FEATURE
05-11 18:25:42.745 I/WifiHAL ( 1024): CreateRequest mType = GET_FEATURE
05-11 18:25:42.745 D/WifiHAL ( 1024): In DebugCommand::handleResponse, mType:GET_FEATURE
05-11 18:25:42.745 D/WifiHAL ( 1024): len = 4, expected len = 4
05-11 18:25:42.779 I/pixel-thermal( 1746): north_therm:31.438 raw data: north_therm:31438 
05-11 18:25:43.600 W/android.vending(19400): Suspending all threads took: 34.417ms
05-11 18:25:44.266 I/Finsky  (19400): [182] VerifyApps: FEATURE_8309_THRESHOLDS flag is empty
05-11 18:25:44.268 W/Finsky  (19400): [182] No dynamic thresholds found for model raccoon_3_3000001_15.
05-11 18:25:44.342 E/AbstractLogEventBuilder(19400): The provided ProductIdOrigin 3 is not one of the process-level expected values: 1 or 2
05-11 18:25:44.342 E/AbstractLogEventBuilder(19400): The provided ProductIdOrigin 3 is not one of the process-level expected values: 1 or 2
05-11 18:25:44.347 I/Finsky  (19400): [182] VerifyApps: APK Analysis scan finished for com.cityprint.app. Verdict: SAFE
05-11 18:25:44.349 I/Finsky  (19400): [2048] Apk Analysis scan verification duration=PT3.682S 
05-11 18:25:44.350 I/Finsky  (19400): [167] Apk Analysis Protection verdict logged: 0.
05-11 18:25:44.352 I/Finsky  (19400): [2044] VerifyApps: overallScanResult for package=com.cityprint.app: SAFE
05-11 18:25:44.352 I/Finsky  (19400): [2044] VerifyApps: chooseScanResult returning verdict SAFE for package=com.cityprint.app
05-11 18:25:44.353 E/AbstractLogEventBuilder(19400): The provided ProductIdOrigin 3 is not one of the process-level expected values: 1 or 2
05-11 18:25:44.353 E/AbstractLogEventBuilder(19400): The provided ProductIdOrigin 3 is not one of the process-level expected values: 1 or 2
05-11 18:25:44.355 I/Finsky  (19400): [2044] VerifyApps AdvancedProtection: Verify AP install started
05-11 18:25:44.359 I/Finsky  (19400): [2044] VerifyApps AdvancedProtection: Allowing install because there are no Advanced Protection users
05-11 18:25:44.359 I/Finsky  (19400): [2] VerifyApps AdvancedProtection: Reported Advanced Protection verification result: ALLOW
05-11 18:25:44.368 I/Finsky  (19400): [2044] Skipping logging for attempted installation. The source is a system package.
05-11 18:25:44.368 I/Finsky  (19400): [2044] VerifyApps: Returning package verification result id=225, result=ALLOW
05-11 18:25:44.376 I/PackageManager( 1498): Continuing with installation of file:///data/app/vmdl1587453171.tmp
05-11 18:25:44.380 I/Finsky  (19400): [2] VerifyApps: Install-time verification complete: id=225, package_name=com.cityprint.app
05-11 18:25:44.473 V/Configuration( 1498): Updating configuration, locales updated from [] to [en_US,de_DE]
05-11 18:25:44.487 E/PackageManager( 1498): Error occurred while checking alignment of package : com.cityprint.app
05-11 18:25:44.497 V/SafetySourceDataValidat( 1498): Package: com.android.vending has expected signature
05-11 18:25:44.497 V/SafetySourceDataValidat( 1498): Package: com.android.vending has expected signature
05-11 18:25:44.520 I/AppsFilter( 1498): interaction: PackageSetting{c6a61d8 com.google.android.microdroid.empty_payload/10263} -> PackageSetting{dbac507 com.cityprint.app/10407} BLOCKED
05-11 18:25:44.521 I/AppsFilter( 1498): interaction: PackageSetting{c6a61d8 com.google.android.microdroid.empty_payload/10263} -> PackageSetting{29006a7 com.cityprint.app/10407} BLOCKED
05-11 18:25:44.524 I/PackageManager( 1498): Update package com.cityprint.app code path from /data/app/~~X4esaoLrjfnOB0YHqYDCWw==/com.cityprint.app-KMm6BLk7Au4GW82tvngWwg== to /data/app/~~qBOnedAOp35tTXYqBZB5_A==/com.cityprint.app-1q8sEzCM-4DLtKIV78A1dQ==; Retain data and using new
05-11 18:25:44.658 I/ActivityManager( 1498): Force stopping com.cityprint.app appid=10407 user=-1: installPackageLI
05-11 18:25:44.664 I/PackageManager( 1498): installation completed for package:com.cityprint.app. Final code path: /data/app/~~qBOnedAOp35tTXYqBZB5_A==/com.cityprint.app-1q8sEzCM-4DLtKIV78A1dQ==
05-11 18:25:44.665 I/AppsFilter( 1498): interaction: PackageSetting{b90e3e4 com.google.android.microdroid.empty_payload/10263} -> PackageSetting{b8392d0 com.cityprint.app/10407} BLOCKED
05-11 18:25:44.670 I/ActivityManager( 1498): Killing 27543:com.cityprint.app/u0a407 (adj 0): stop com.cityprint.app due to installPackageLI
05-11 18:25:44.677 D/HintManagerService( 1498): Uid gone for 10407
05-11 18:25:44.678 W/powerhal-libperfmgr(  683): sched_setattr failed for thread 27744, err=3
05-11 18:25:44.678 W/powerhal-libperfmgr(  683): sched_setattr failed for thread 27587, err=3
05-11 18:25:44.678 W/powerhal-libperfmgr(  683): sched_setattr failed for thread 27623, err=3
05-11 18:25:44.678 W/powerhal-libperfmgr(  683): sched_setattr failed for thread 27670, err=3
05-11 18:25:44.678 W/powerhal-libperfmgr(  683): sched_setattr failed for thread 27727, err=3
05-11 18:25:44.678 W/powerhal-libperfmgr(  683): sched_setattr failed for thread 27728, err=3
05-11 18:25:44.691 D/InetDiagMessage( 1498): Destroyed 1 sockets, proto=IPPROTO_TCP, family=AF_INET, states=14
05-11 18:25:44.692 I/cr_ChildProcessService(27619): Destroying ChildProcessService pid=27619
05-11 18:25:44.693 D/InetDiagMessage( 1498): Destroyed 1 sockets, proto=IPPROTO_TCP, family=AF_INET6, states=14
05-11 18:25:44.693 D/InetDiagMessage( 1498): Destroyed live tcp sockets for uids={10407} in 5ms
05-11 18:25:44.694 D/InetDiagMessage( 1498): Destroyed 0 sockets, proto=IPPROTO_TCP, family=AF_INET, states=14
05-11 18:25:44.694 I/ocessService0:0(27619): System.exit called, status: 0
05-11 18:25:44.694 I/AndroidRuntime(27619): VM exiting with result code 0, cleanup skipped.
05-11 18:25:44.695 W/ActivityTaskManager( 1498): Force removing ActivityRecord{102377922 u0 com.cityprint.app/.MainActivity t16270 f}}: app died, no saved state
05-11 18:25:44.696 D/InetDiagMessage( 1498): Destroyed 0 sockets, proto=IPPROTO_TCP, family=AF_INET6, states=14
05-11 18:25:44.696 D/InetDiagMessage( 1498): Destroyed live tcp sockets for uids={20407} in 3ms
05-11 18:25:44.698 V/WindowManagerShell( 2170): Transition requested (#2478): android.os.BinderProxy@5861be0 TransitionRequestInfo { type = CLOSE, triggerTask = TaskInfo{userId=0 taskId=16270 effectiveUid=10407 displayId=0 isRunning=false baseIntent=Intent { flg=0x10000000 cmp=com.cityprint.app/.MainActivity } baseActivity=null topActivity=null origActivity=null realActivity=ComponentInfo{com.cityprint.app/com.cityprint.app.MainActivity} realActivityIsAppLockEnabled=false numActivities=0 lastActiveTime=418150288 supportsMultiWindow=true resizeMode=1 isResizeable=true minWidth=-1 minHeight=-1 defaultMinSize=220 token=WCT{android.os.BinderProxy@409bccf} topActivityType=1 pictureInPictureParams=null shouldDockBigOverlays=false launchIntoPipHostTaskId=-1 lastParentTaskIdBeforePip=-1 displayCutoutSafeInsets=Rect(0, 0 - 0, 0) topActivityInfo=null launchCookies=[] positionInParent=Point(0, 0) parentTaskId=-1 isFocused=true isVisible=true isVisibleRequested=true isTopActivityNoDisplay=false isSleeping=false locusId=null displayAreaFeatureId=1 isTopActivityTransparent=false isActivityStackTransparent=true lastNonFullscreenBounds=null leafTaskBoundsFromOptions= false capturedLink=null capturedLinkTimestamp=0 requestedVisibleTypes=503 topActivityRequestOpenInBrowserEducationTimestamp=0 appCompatTaskInfo=AppCompatTaskInfo { topActivityInSizeCompat=false isLeafTask= true eligibleForLetterboxEducation= false isLetterboxEducationEnabled= false isLetterboxDoubleTapEnabled= false eligibleForUserAspectRatioButton= false topActivityBoundsLetterboxed= false isFromLetterboxDoubleTap= false topActivityLetterboxVerticalPosition= -1 topActivityLetterboxHorizontalPosition= -1 topActivityLetterboxWidth=-1 topActivityLetterboxHeight=-1 topActivityAppBounds=Rect(0, 0 - 0, 0) isUserFullscreenOverrideEnabled=false isSystemFullscreenOverrideEnabled=false hasMinAspectRatioOverride=false topActivityLetterboxBounds=null topNonResizableActivityAspectRatio=-1.0} topActivityMainWindowFrame=null isAppBubble=false}, pipChange = null, remoteTransitionInfo = null, displayChange = null, requestedLocation = null, userChange = null, windowingLayerChange = null, fullscreenRequestChange = null, flags = 0, debugId = 2478 }
05-11 18:25:44.698 W/DisplayDisconnectTransitionHandler( 2170): No disconnect change found in the transition, not handling request.
05-11 18:25:44.698 V/ShellDesktopMode( 2170): DesktopTasksController: skipping handleRequest reason=triggerTask's display doesn't support desktop mode
05-11 18:25:44.705 I/libbinder.BpBinder(  540): onLastStrongRef automatically unlinking death recipients for binder (0xb4000079bb662d60) with descriptor: '(not cached)'
05-11 18:25:44.707 D/BackgroundInstallControlService( 1498): Package event received: 0
05-11 18:25:44.710 D/ViewRootImpl(13252): Skipping stats log for color mode
05-11 18:25:44.711 W/WindowOnBackDispatcher(13252): OnBackInvokedCallback is not enabled for the application.
05-11 18:25:44.711 W/WindowOnBackDispatcher(13252): Set 'android:enableOnBackInvokedCallback="true"' in the application manifest.
05-11 18:25:44.713 I/ActivityManager( 1498): Killing 27619:com.google.android.webview:sandboxed_process0:org.chromium.content.app.SandboxedProcessService0:0/u0a407i359 (adj 0): isolated not needed
05-11 18:25:44.720 W/powerhal-libperfmgr(  683): Sess(5842), cannot resume, already active
05-11 18:25:44.722 D/BackgroundInstallControlService( 1498): Package event received: 0
05-11 18:25:44.724 I/ActivityManager( 1498): Force stopping com.cityprint.app appid=10407 user=0: pkg removed
05-11 18:25:44.725 I/WindowManager( 1498):   Force removing ActivityRecord{102377922 u0 com.cityprint.app/.MainActivity t16270 f} isExiting}
05-11 18:25:44.725 W/WindowManager( 1498): removeAppToken: Attempted to remove non-existing token: Token{279eb10 ActivityRecord{102377922 u0 com.cityprint.app/.MainActivity t16270 f} isExiting}}
05-11 18:25:44.727 I/cr_BindingManager(18820): onTrimMemory: level=40, size=0
05-11 18:25:44.737 I/pixel-thermal( 1746): VIRTUAL-SKIN:32.131 raw data: VIRTUAL-SKIN:32131 VIRTUAL-SKIN-SUB-0:31298 VIRTUAL-SKIN-SUB-1:28521.8 VIRTUAL-SKIN-SUB-10:30380.3 VIRTUAL-SKIN-SUB-2:30398.7 VIRTUAL-SKIN-SUB-3:29713.9 VIRTUAL-SKIN-SUB-4:31026.5 VIRTUAL-SKIN-SUB-5:30517.5 VIRTUAL-SKIN-SUB-6:29136.3 VIRTUAL-SKIN-SUB-7:32131 VIRTUAL-SKIN-SUB-8:31209.4 VIRTUAL-SKIN-SUB-9:31719.1 battery:31900 cam_therm:31616 charge_therm:34354 disp_therm:31371 neutral_therm:33241 north_therm:31438 quiet_therm:31906 soc_therm:33397 usb_pwr_therm:32106 
05-11 18:25:44.741 D/IpClient/wlan0( 2290): interfaceLinkStateChanged: ifindex 47 up
05-11 18:25:44.747 D/Bubbles ( 2170): BubbleTaskStackListener.onTaskMovedToFront(): taskId=15969
05-11 18:25:44.747 D/b/417220811(19576): invalidateLoadedTasks - previous requestLoadId: -1
05-11 18:25:44.749 I/Zygote  (29835): Process 27619 exited cleanly (0)
05-11 18:25:44.750 I/ImeTracker( 1498): com.cityprint.app:36f58af1: onRequestHide at ORIGIN_SERVER reason HIDE_REMOVE_CLIENT fromUser false userId 0 displayId 0
05-11 18:25:44.750 I/ImeTracker( 1498): com.cityprint.app:36f58af1: onCancelled at PHASE_SERVER_SHOULD_HIDE
05-11 18:25:44.751 D/ConnectivityService( 1498): releasing NetworkRequest [ REQUEST id=8744, [ Capabilities: INTERNET&NOT_RESTRICTED&TRUSTED&NOT_VCN_MANAGED&NOT_BANDWIDTH_CONSTRAINED Uid: 10407 RequestorUid: 10407 RequestorPkg: com.cityprint.app UnderlyingNetworks: Null] ] (release request)
05-11 18:25:44.751 D/BackgroundInstallControlService( 1498): Package event received: 0
05-11 18:25:44.751 D/BackgroundInstallControlService( 1498): Package event received: 0
05-11 18:25:44.750 I/adbd    (26865): Remote process closed the socket (on MSG_PEEK)
05-11 18:25:44.752 I/Zygote  (  930): Process 27543 exited due to signal 9 (Killed)
05-11 18:25:44.753 I/WindowManager( 1498): WIN DEATH: Window{1971e91 u0 com.cityprint.app/com.cityprint.app.MainActivity}
05-11 18:25:44.754 I/libprocessgroup( 1498): Removed cgroup /sys/fs/cgroup/apps/uid_10407/pid_27543
05-11 18:25:44.754 I/libprocessgroup( 1498): Removed cgroup /sys/fs/cgroup/apps/uid_99359/pid_27619
05-11 18:25:44.756 W/ActivityManager( 1498): pid 1498 system sent binder code 22 with flags 1 and got error -32
05-11 18:25:44.766 V/ActivityManager( 1498): Got obituary of 27543:com.cityprint.app
05-11 18:25:44.766 V/WindowManager( 1498): Unknown focus tokens, dropping reportFocusChanged
05-11 18:25:44.766 W/ActivityManager( 1498): setHasOverlayUi called on unknown pid: 27543
05-11 18:25:44.770 W/ParceledListSlice( 1498): Element #18 is 22124 bytes.
05-11 18:25:44.770 W/ParceledListSlice( 1498): Element #19 is 22112 bytes.
05-11 18:25:44.770 W/ParceledListSlice( 1498): Overly large reply size: 86068
05-11 18:25:44.785 D/ControlsListingControllerImpl( 2170): ServiceConfig reloaded, count: 2
05-11 18:25:44.785 D/ServerContainer( 2302): uid 10407 is not cached.
05-11 18:25:44.788 D/WallpaperService( 2170): onVisibilityChanged(true): com.android.systemui.wallpapers.ImageWallpaper$CanvasEngine@81a5bfd
05-11 18:25:44.789 D/ShortcutService( 1498): received package broadcast intent: Intent { act=android.intent.action.PACKAGE_REMOVED dat=package: flg=0x4000010 (has extras) }
05-11 18:25:44.789 I/RegisteredComponentCache( 2373): generateComponentsList: New Components => 
05-11 18:25:44.789 I/RegisteredComponentCache( 2373): ComponentInfo: ResolveInfo{a8d46cf com.google.android.tag/com.android.apps.tag.TagViewer m=0x108000 userHandle=UserHandle{0}}, techs: android.nfc.tech.Ndef, 
05-11 18:25:44.789 I/RegisteredComponentCache( 2373): ComponentInfo: ResolveInfo{cd4685c capital.scalable.droid/de.post.ident.internal_eid.activity.EidActivity m=0x108000 userHandle=UserHandle{0}}, techs: android.nfc.tech.IsoDep, 
05-11 18:25:44.789 I/RegisteredComponentCache( 2373): ComponentInfo: ResolveInfo{164a765 com.paypal.android.p2pmobile/com.paypal.android.pdsdk.ui.receive.PayDropReceiveActivity$EntryPoint m=0x108000 userHandle=UserHandle{0}}, techs: android.nfc.tech.IsoDep, 
05-11 18:25:44.789 I/RegisteredComponentCache( 2373): ComponentInfo: ResolveInfo{ffa3c3a com.paypal.android.p2pmobile/com.paypal.android.pdsdk.ui.send.PayDropSendingStatusActivity$EntryPoint m=0x108000 userHandle=UserHandle{0}}, techs: android.nfc.tech.IsoDep, 
05-11 18:25:44.789 E/AppOps  ( 1498): attributionTag VCN not declared in manifest of android
05-11 18:25:44.789 I/RegisteredComponentCache( 2373): ComponentInfo: ResolveInfo{ac180eb com.paypal.android.p2pmobile/com.paypal.android.pdsdk.ui.send.enteramount.PayDropEnterAmountActivity$EntryPoint m=0x108000 userHandle=UserHandle{0}}, techs: android.nfc.tech.IsoDep, 
05-11 18:25:44.789 I/RegisteredComponentCache( 2373): ComponentInfo: ResolveInfo{a6dae48 de.dhl.paket/de.post.ident.internal_eid.activity.EidActivity m=0x108000 userHandle=UserHandle{0}}, techs: android.nfc.tech.IsoDep, 
05-11 18:25:44.789 I/RegisteredComponentCache( 2373): generateComponentsList: Removed Components => 
05-11 18:25:44.789 I/RegisteredComponentCache( 2373): ComponentInfo: ResolveInfo{4564da5 com.google.android.tag/com.android.apps.tag.TagViewer m=0x108000 userHandle=UserHandle{0}}, techs: android.nfc.tech.Ndef, 
05-11 18:25:44.789 I/RegisteredComponentCache( 2373): ComponentInfo: ResolveInfo{705857a capital.scalable.droid/de.post.ident.internal_eid.activity.EidActivity m=0x108000 userHandle=UserHandle{0}}, techs: android.nfc.tech.IsoDep, 
05-11 18:25:44.789 I/RegisteredComponentCache( 2373): ComponentInfo: ResolveInfo{261312b com.paypal.android.p2pmobile/com.paypal.android.pdsdk.ui.receive.PayDropReceiveActivity$EntryPoint m=0x108000 userHandle=UserHandle{0}}, techs: android.nfc.tech.IsoDep, 
05-11 18:25:44.789 I/RegisteredComponentCache( 2373): ComponentInfo: ResolveInfo{29f3988 com.paypal.android.p2pmobile/com.paypal.android.pdsdk.ui.send.PayDropSendingStatusActivity$EntryPoint m=0x108000 userHandle=UserHandle{0}}, techs: android.nfc.tech.IsoDep, 
05-11 18:25:44.789 I/RegisteredComponentCache( 2373): ComponentInfo: ResolveInfo{8831f21 com.paypal.android.p2pmobile/com.paypal.android.pdsdk.ui.send.enteramount.PayDropEnterAmountActivity$EntryPoint m=0x108000 userHandle=UserHandle{0}}, techs: android.nfc.tech.IsoDep, 
05-11 18:25:44.789 I/RegisteredComponentCache( 2373): ComponentInfo: ResolveInfo{7d67f46 de.dhl.paket/de.post.ident.internal_eid.activity.EidActivity m=0x108000 userHandle=UserHandle{0}}, techs: android.nfc.tech.IsoDep, 
05-11 18:25:44.799 I/SdkSandboxManager( 1498): No SDKs used. Skipping SDK data reconcilation for CallingInfo{mUid=10407, mPackageName='com.cityprint.app, mAppProcessToken='null'}
05-11 18:25:44.800 D/EuiccConnector( 2452): handleMessage: E msg.what=1
05-11 18:25:44.800 D/EuiccConnector( 2452): processMsg: AvailableState
05-11 18:25:44.800 D/EuiccConnector( 2452): processMsg: UnavailableState
05-11 18:25:44.802 D/ShortcutService( 1498): received package broadcast intent: Intent { act=android.intent.action.PACKAGE_ADDED dat=package: flg=0x4000010 (has extras) }
05-11 18:25:44.802 D/ShortcutService( 1498): replacing package: com.cityprint.app userId=0
05-11 18:25:44.803 I/SatelliteAppTracker( 2452): onPackageUpdateFinished : com.cityprint.app
05-11 18:25:44.803 I/SatelliteAppTracker( 2452): onPackageModified : com.cityprint.app
05-11 18:25:44.804 D/ControlsListingControllerImpl( 2170): ServiceConfig reloaded, count: 2
05-11 18:25:44.804 D/EuiccConnector( 2452): transitionTo: destState=AvailableState
05-11 18:25:44.805 D/SatelliteAppTracker( 2452): packageName: com.cityprint.app, value: null
05-11 18:25:44.807 V/WindowManagerShell( 2170): onTransitionReady(transaction=6433861368522)
05-11 18:25:44.807 V/WindowManagerShell( 2170): onTransitionReady (#2478) android.os.BinderProxy@5861be0: {id=2478 t=CLOSE f=0x0 trk=0 r=[0@Point(0, 0)] c=[
05-11 18:25:44.807 V/WindowManagerShell( 2170):         {m=TO_FRONT f=SHOW_WALLPAPER|MOVE_TO_TOP leash=Surface(name=Task=1#44)/@0x337abc2 sb=Rect(0, 0 - 1008, 2244) eb=Rect(0, 0 - 1008, 2244) epz=Point(1008, 2244) d=0 taskParent=-1 winMode=1 userId=0},
05-11 18:25:44.807 V/WindowManagerShell( 2170):         {m=CLOSE f=NONE leash=Surface(name=Task=16270#28425)/@0xf156dd3 sb=Rect(0, 0 - 1008, 2244) eb=Rect(0, 0 - 1008, 2244) epz=Point(1008, 2244) d=0 taskParent=-1 winMode=1 userId=0},
05-11 18:25:44.807 V/WindowManagerShell( 2170):         {m=TO_FRONT f=IS_WALLPAPER leash=Surface(name=WallpaperWindowToken{767a6d7}#24826)/@0x7c83d10 sb=Rect(0, 0 - 1008, 2244) eb=Rect(0, 0 - 1008, 2244) epz=Point(1008, 2244) d=0}
05-11 18:25:44.807 V/WindowManagerShell( 2170):     ]}
05-11 18:25:44.808 D/SatelliteAppTracker( 2452): packageName: com.cityprint.app, value: null
05-11 18:25:44.808 V/ShellDesktopMode( 2170): DesktopModeLogger: taskInfo map after processing changes 0
05-11 18:25:44.808 D/ShellDesktopMode( 2170): DesktopTaskChangeListener: onTaskClosing for taskId=16270, displayId=0 - desktop not supported
05-11 18:25:44.808 D/ShellDesktopMode( 2170): DesktopTaskChangeListener: onTaskMovingToFront for taskId=1, displayId=0 - desktop not supported
05-11 18:25:44.808 V/WindowManagerShell( 2170): Playing animation for (#2478) android.os.BinderProxy@5861be0@0
05-11 18:25:44.808 D/EuiccConnector( 2452): handleMessage: new destination call exit/enter
05-11 18:25:44.808 D/EuiccConnector( 2452): setupTempStateStackWithStatesToEnter: X mTempStateStackCount=1,curStateInfo: state=UnavailableState,active=true,parent=null
05-11 18:25:44.808 D/EuiccConnector( 2452): invokeExitMethods: AvailableState
05-11 18:25:44.808 D/EuiccConnector( 2452): moveTempStackToStateStack: i=0,j=1
05-11 18:25:44.808 D/ShellSplitScreen( 2170): startAnimation: transition=2478 isSplitActive=false
05-11 18:25:44.808 V/ShellRecents( 2170): RecentsTransitionHandler.startAnimation: no controller found
05-11 18:25:44.809 V/ShellDesktopMode( 2170): DesktopMixedTransitionHandler: No pending desktop transition
05-11 18:25:44.809 V/WindowManagerShell( 2170): Transition doesn't have explicit remote, search filters for match for {id=2478 t=CLOSE f=0x0 trk=0 r=[0@Point(0, 0)] c=[{m=TO_FRONT f=SHOW_WALLPAPER|MOVE_TO_TOP leash=Surface(name=Task=1#44)/@0x337abc2 sb=Rect(0, 0 - 1008, 2244) eb=Rect(0, 0 - 1008, 2244) epz=Point(1008, 2244) d=0 taskParent=-1 winMode=1 userId=0},{m=CLOSE f=NONE leash=Surface(name=Task=16270#28425)/@0xf156dd3 sb=Rect(0, 0 - 1008, 2244) eb=Rect(0, 0 - 1008, 2244) epz=Point(1008, 2244) d=0 taskParent=-1 winMode=1 userId=0},{m=TO_FRONT f=IS_WALLPAPER leash=Surface(name=WallpaperWindowToken{767a6d7}#24826)/@0x7c83d10 sb=Rect(0, 0 - 1008, 2244) eb=Rect(0, 0 - 1008, 2244) epz=Point(1008, 2244) d=0}]}
05-11 18:25:44.809 V/WindowManagerShell( 2170):  Checking filter Pair{{types=[OPEN,TO_FRONT] flags=0x0] notFlags=0x0 checks=[{atype=standard independent=true modes=[OPEN,TO_FRONT] flags=NONE mustBeTask=true order=ANY topActivity=null launchCookie=null windowingMode=freeform isCrossDisplayMove=false}]} RemoteTransition { remoteTransition = android.window.IRemoteTransition$Stub$Proxy@da8ebf5, appThread = null, debugName = DesktopWindowLimitUnminimize, filter = null }}
05-11 18:25:44.809 V/WindowManagerShell( 2170):  Delegate animation for (#2478) to null
05-11 18:25:44.809 V/WindowManagerShell( 2170): start default transition animation, info = {id=2478 t=CLOSE f=0x0 trk=0 r=[0@Point(0, 0)] c=[{m=TO_FRONT f=SHOW_WALLPAPER|MOVE_TO_TOP leash=Surface(name=Task=1#44)/@0x337abc2 sb=Rect(0, 0 - 1008, 2244) eb=Rect(0, 0 - 1008, 2244) epz=Point(1008, 2244) d=0 taskParent=-1 winMode=1 userId=0},{m=CLOSE f=NONE leash=Surface(name=Task=16270#28425)/@0xf156dd3 sb=Rect(0, 0 - 1008, 2244) eb=Rect(0, 0 - 1008, 2244) epz=Point(1008, 2244) d=0 taskParent=-1 winMode=1 userId=0},{m=TO_FRONT f=IS_WALLPAPER leash=Surface(name=WallpaperWindowToken{767a6d7}#24826)/@0x7c83d10 sb=Rect(0, 0 - 1008, 2244) eb=Rect(0, 0 - 1008, 2244) epz=Point(1008, 2244) d=0}]}
05-11 18:25:44.811 V/WindowManagerShell( 2170): loadAnimation: anim=android.view.animation.AnimationSet@9da3c5 animAttr=0x11 type=CLOSE isEntrance=false
05-11 18:25:44.811 V/WindowManagerShell( 2170): loadAnimation: anim=android.view.animation.AnimationSet@5b2c44b animAttr=0x10 type=CLOSE isEntrance=true
05-11 18:25:44.812 W/PackageConfigPersister( 1498): App-specific configuration not found for packageName: com.cityprint.app and userId: 0
05-11 18:25:44.812 D/EuiccConnector( 2452): moveTempStackToStateStack: X mStateStackTop=1,startingIndex=1,Top=AvailableState
05-11 18:25:44.812 D/EuiccConnector( 2452): invokeEnterMethods: AvailableState
05-11 18:25:44.812 D/EuiccConnector( 2452): handleMessage: X
05-11 18:25:44.812 D/EuiccConnector( 2452): handleMessage: E msg.what=1
05-11 18:25:44.812 D/EuiccConnector( 2452): processMsg: AvailableState
05-11 18:25:44.812 D/EuiccConnector( 2452): processMsg: UnavailableState
05-11 18:25:44.813 V/WindowManagerShell( 2170):  animated by com.android.wm.shell.transition.DefaultTransitionHandler@f524875
05-11 18:25:44.813 W/ParceledListSlice( 1498): Element #3 is 33060 bytes.
05-11 18:25:44.815 D/EuiccConnector( 2452): transitionTo: destState=AvailableState
05-11 18:25:44.816 D/EuiccConnector( 2452): handleMessage: new destination call exit/enter
05-11 18:25:44.816 D/EuiccConnector( 2452): setupTempStateStackWithStatesToEnter: X mTempStateStackCount=1,curStateInfo: state=UnavailableState,active=true,parent=null
05-11 18:25:44.816 D/EuiccConnector( 2452): invokeExitMethods: AvailableState
05-11 18:25:44.816 D/EuiccConnector( 2452): moveTempStackToStateStack: i=0,j=1
05-11 18:25:44.816 D/EuiccConnector( 2452): moveTempStackToStateStack: X mStateStackTop=1,startingIndex=1,Top=AvailableState
05-11 18:25:44.816 D/EuiccConnector( 2452): invokeEnterMethods: AvailableState
05-11 18:25:44.816 D/EuiccConnector( 2452): handleMessage: X
05-11 18:25:44.816 D/EuiccConnector( 2452): handleMessage: E msg.what=103
05-11 18:25:44.816 D/EuiccConnector( 2452): processMsg: AvailableState
05-11 18:25:44.816 D/EuiccConnector( 2452): deferMessage: msg=103
05-11 18:25:44.816 D/EuiccConnector( 2452): transitionTo: destState=BindingState
05-11 18:25:44.816 D/EuiccConnector( 2452): handleMessage: new destination call exit/enter
05-11 18:25:44.816 D/EuiccConnector( 2452): setupTempStateStackWithStatesToEnter: X mTempStateStackCount=1,curStateInfo: null
05-11 18:25:44.816 D/EuiccConnector( 2452): invokeExitMethods: AvailableState
05-11 18:25:44.816 D/EuiccConnector( 2452): invokeExitMethods: UnavailableState
05-11 18:25:44.816 D/EuiccConnector( 2452): moveTempStackToStateStack: i=0,j=0
05-11 18:25:44.816 D/EuiccConnector( 2452): moveTempStackToStateStack: X mStateStackTop=0,startingIndex=0,Top=BindingState
05-11 18:25:44.816 D/EuiccConnector( 2452): invokeEnterMethods: BindingState
05-11 18:25:44.816 W/AppOpService( 1498): Ignored setUidMode call for runtime permission app op: uid = 1001, code = READ_SMS, mode = allow, callingUid = 1001, oldMode = allow
05-11 18:25:44.821 W/AppOpService( 1498): Ignored setUidMode call for runtime permission app op: uid = 1001, code = RECEIVE_SMS, mode = allow, callingUid = 1001, oldMode = allow
05-11 18:25:44.821 W/AppOpService( 1498): Ignored setUidMode call for runtime permission app op: uid = 1001, code = RECEIVE_WAP_PUSH, mode = allow, callingUid = 1001, oldMode = allow
05-11 18:25:44.822 V/WindowManager( 1498): Sent Transition (#2478) createdAt=05-11 18:25:44.696 via request=TransitionRequestInfo { type = CLOSE, triggerTask = TaskInfo{userId=0 taskId=16270 effectiveUid=10407 displayId=0 isRunning=false baseIntent=Intent { flg=0x10000000 cmp=com.cityprint.app/.MainActivity } baseActivity=null topActivity=null origActivity=null realActivity=ComponentInfo{com.cityprint.app/com.cityprint.app.MainActivity} realActivityIsAppLockEnabled=false numActivities=0 lastActiveTime=418150288 supportsMultiWindow=true resizeMode=1 isResizeable=true minWidth=-1 minHeight=-1 defaultMinSize=220 token=WCT{RemoteToken{e2922e6 Task{fe913d3 #16270 type=standard A=10407:com.cityprint.app}}} topActivityType=1 pictureInPictureParams=null shouldDockBigOverlays=false launchIntoPipHostTaskId=-1 lastParentTaskIdBeforePip=-1 displayCutoutSafeInsets=Rect(0, 0 - 0, 0) topActivityInfo=null launchCookies=[] positionInParent=Point(0, 0) parentTaskId=-1 isFocused=true isVisible=true isVisibleRequested=true isTopActivityNoDisplay=false isSleeping=false locusId=null displayAreaFeatureId=1 isTopActivityTransparent=false isActivityStackTransparent=true lastNonFullscreenBounds=null leafTaskBoundsFromOptions= false capturedLink=null capturedLinkTimestamp=0 requestedVisibleTypes=503 topActivityRequestOpenInBrowserEducationTimestamp=0 appCompatTaskInfo=AppCompatTaskInfo { topActivityInSizeCompat=false isLeafTask= true eligibleForLetterboxEducation= false isLetterboxEducationEnabled= false isLetterboxDoubleTapEnabled= false eligibleForUserAspectRatioButton= false topActivityBoundsLetterboxed= false isFromLetterboxDoubleTap= false topActivityLetterboxVerticalPosition= -1 topActivityLetterboxHorizontalPosition= -1 topActivityLetterboxWidth=-1 topActivityLetterboxHeight=-1 topActivityAppBounds=Rect(0, 0 - 0, 0) isUserFullscreenOverrideEnabled=false isSystemFullscreenOverrideEnabled=false hasMinAspectRatioOverride=false topActivityLetterboxBounds=null topNonResizableActivityAspectRatio=-1.0} topActivityMainWindowFrame=null isAppBubble=false}, pipChange = null, remoteTransitionInfo = null, displayChange = null, requestedLocation = null, userChange = null, windowingLayerChange = null, fullscreenRequestChange = null, flags = 0, debugId = 2478 }
05-11 18:25:44.822 V/WindowManager( 1498):     startWCT=WindowContainerTransaction { changes= {} hops= [] flags= 0 errorCallbackToken=null taskFragmentOrganizer=null }
05-11 18:25:44.822 W/AppOpService( 1498): Ignored setUidMode call for runtime permission app op: uid = 1001, code = SEND_SMS, mode = allow, callingUid = 1001, oldMode = allow
05-11 18:25:44.822 V/WindowManager( 1498):     info={id=2478 t=CLOSE f=0x0 trk=0 r=[0@Point(0, 0)] c=[
05-11 18:25:44.822 V/WindowManager( 1498):         {WCT{RemoteToken{8f03c78 Task{a43b38 #1 type=home}}} m=TO_FRONT f=SHOW_WALLPAPER|MOVE_TO_TOP leash=Surface(name=Task=1#44)/@0xebe924c sb=Rect(0, 0 - 1008, 2244) eb=Rect(0, 0 - 1008, 2244) epz=Point(1008, 2244) d=0 taskParent=-1 winMode=1 userId=0},
05-11 18:25:44.822 V/WindowManager( 1498):         {WCT{RemoteToken{e2922e6 Task{fe913d3 #16270 type=standard A=10407:com.cityprint.app}}} m=CLOSE f=NONE leash=Surface(name=Task=16270#28425)/@0xb572f1a sb=Rect(0, 0 - 1008, 2244) eb=Rect(0, 0 - 1008, 2244) epz=Point(1008, 2244) d=0 taskParent=-1 winMode=1 userId=0},
05-11 18:25:44.822 V/WindowManager( 1498):         {m=TO_FRONT f=IS_WALLPAPER leash=Surface(name=WallpaperWindowToken{767a6d7}#24826)/@0xdcf6478 sb=Rect(0, 0 - 1008, 2244) eb=Rect(0, 0 - 1008, 2244) epz=Point(1008, 2244) d=0}
05-11 18:25:44.822 V/WindowManager( 1498):     ]}
05-11 18:25:44.823 W/AppOpService( 1498): Ignored setUidMode call for runtime permission app op: uid = 1001, code = READ_CELL_BROADCASTS, mode = allow, callingUid = 1001, oldMode = allow
05-11 18:25:44.823 D/NfcService( 2373): renewTagAppPrefList: TagAppPreference changed false
05-11 18:25:44.823 D/RegisteredNfcFServicesCache( 2373): onReceive: Ignoring package intent due to package being replaced.
05-11 18:25:44.828 I/AiAiEcho(19257): (REDACTED) AppIndexer Package:[%s] UserProfile:[%d] Enabled:[%s].
05-11 18:25:44.828 I/AiAiEcho(19257): (REDACTED) AppFetcherImplV2 updateApps package:[%s], userId:[%d], reason:[%s].
05-11 18:25:44.828 I/RegisteredComponentCache( 2373): generateComponentsList: New Components => 
05-11 18:25:44.828 I/RegisteredComponentCache( 2373): ComponentInfo: ResolveInfo{394a089 com.google.android.tag/com.android.apps.tag.TagViewer m=0x108000 userHandle=UserHandle{0}}, techs: android.nfc.tech.Ndef, 
05-11 18:25:44.828 I/RegisteredComponentCache( 2373): ComponentInfo: ResolveInfo{228488e capital.scalable.droid/de.post.ident.internal_eid.activity.EidActivity m=0x108000 userHandle=UserHandle{0}}, techs: android.nfc.tech.IsoDep, 
05-11 18:25:44.828 I/RegisteredComponentCache( 2373): ComponentInfo: ResolveInfo{d1658af com.paypal.android.p2pmobile/com.paypal.android.pdsdk.ui.receive.PayDropReceiveActivity$EntryPoint m=0x108000 userHandle=UserHandle{0}}, techs: android.nfc.tech.IsoDep, 
05-11 18:25:44.828 I/RegisteredComponentCache( 2373): ComponentInfo: ResolveInfo{7e344bc com.paypal.android.p2pmobile/com.paypal.android.pdsdk.ui.send.PayDropSendingStatusActivity$EntryPoint m=0x108000 userHandle=UserHandle{0}}, techs: android.nfc.tech.IsoDep, 
05-11 18:25:44.828 I/RegisteredComponentCache( 2373): ComponentInfo: ResolveInfo{1dbc45 com.paypal.android.p2pmobile/com.paypal.android.pdsdk.ui.send.enteramount.PayDropEnterAmountActivity$EntryPoint m=0x108000 userHandle=UserHandle{0}}, techs: android.nfc.tech.IsoDep, 
05-11 18:25:44.828 I/RegisteredComponentCache( 2373): ComponentInfo: ResolveInfo{e645f9a de.dhl.paket/de.post.ident.internal_eid.activity.EidActivity m=0x108000 userHandle=UserHandle{0}}, techs: android.nfc.tech.IsoDep, 
05-11 18:25:44.828 I/RegisteredComponentCache( 2373): generateComponentsList: Removed Components => 
05-11 18:25:44.828 I/RegisteredComponentCache( 2373): ComponentInfo: ResolveInfo{a8d46cf com.google.android.tag/com.android.apps.tag.TagViewer m=0x108000 userHandle=UserHandle{0}}, techs: android.nfc.tech.Ndef, 
05-11 18:25:44.828 I/RegisteredComponentCache( 2373): ComponentInfo: ResolveInfo{cd4685c capital.scalable.droid/de.post.ident.internal_eid.activity.EidActivity m=0x108000 userHandle=UserHandle{0}}, techs: android.nfc.tech.IsoDep, 
05-11 18:25:44.828 I/RegisteredComponentCache( 2373): ComponentInfo: ResolveInfo{164a765 com.paypal.android.p2pmobile/com.paypal.android.pdsdk.ui.receive.PayDropReceiveActivity$EntryPoint m=0x108000 userHandle=UserHandle{0}}, techs: android.nfc.tech.IsoDep, 
05-11 18:25:44.828 I/RegisteredComponentCache( 2373): ComponentInfo: ResolveInfo{ffa3c3a com.paypal.android.p2pmobile/com.paypal.android.pdsdk.ui.send.PayDropSendingStatusActivity$EntryPoint m=0x108000 userHandle=UserHandle{0}}, techs: android.nfc.tech.IsoDep, 
05-11 18:25:44.828 I/RegisteredComponentCache( 2373): ComponentInfo: ResolveInfo{ac180eb com.paypal.android.p2pmobile/com.paypal.android.pdsdk.ui.send.enteramount.PayDropEnterAmountActivity$EntryPoint m=0x108000 userHandle=UserHandle{0}}, techs: android.nfc.tech.IsoDep, 
05-11 18:25:44.828 I/RegisteredComponentCache( 2373): ComponentInfo: ResolveInfo{a6dae48 de.dhl.paket/de.post.ident.internal_eid.activity.EidActivity m=0x108000 userHandle=UserHandle{0}}, techs: android.nfc.tech.IsoDep, 
05-11 18:25:44.832 W/ParceledListSlice( 1498): Element #3 is 33060 bytes.
05-11 18:25:44.839 D/NfcService( 2373): renewTagAppPrefList: TagAppPreference changed false
05-11 18:25:44.840 I/GoogleInputMethodService(20998): GoogleInputMethodService.onFinishInput():2259 
05-11 18:25:44.841 I/Module  (20998): DeviceLockedStatusModuleProvider$Module.updateDeviceLockedStatus():103 repeatCheckTimes = 0, locked = false
05-11 18:25:44.841 I/GoogleInputMethodService(20998): GoogleInputMethodService.onStartInput():1446 onStartInput(EditorInfo{EditorInfo{packageName=app.olauncher, inputType=0, inputTypeString=NULL, enableLearning=false, autoCorrection=false, autoComplete=false, imeOptions=0, privateImeOptions=null, actionName=UNSPECIFIED, actionLabel=null, initialSelStart=-1, initialSelEnd=-1, initialCapsMode=0, label=null, fieldId=0, fieldName=null, extras=null, hintText=null, hintLocales=[]}}, false)
05-11 18:25:44.842 I/AndroidIME(20998): LatinIMEBase.updateInputViewCoverNavigation():322 Update input view padding, isNavbarOverInputWindow=true, bottom inset=108
05-11 18:25:44.842 I/ImeTracker( 1498): system_server:beaa992a: onRequestHide at ORIGIN_SERVER reason IME_REQUESTED_CHANGED_LISTENER fromUser false displayId 0
05-11 18:25:44.842 I/Module  (20998): DeviceLockedStatusModuleProvider$Module.updateDeviceLockedStatus():103 repeatCheckTimes = 1, locked = false
05-11 18:25:44.843 D/CarrierSvcBindHelper( 2452): onPackageUpdateFinished: com.cityprint.app
05-11 18:25:44.845 D/LauncherAppsService( 1498): getActivityLaunchIntent callingPackage=com.android.systemui component=ComponentInfo{com.android.chrome/com.google.android.apps.chrome.Main} user=UserHandle{0}
05-11 18:25:44.845 D/CarrierSvcBindHelper( 2452): No carrier app for: 1
05-11 18:25:44.845 D/CarrierSvcBindHelper( 2452): onPackageModified: com.cityprint.app
05-11 18:25:44.845 D/CarrierSvcBindHelper( 2452): No carrier app for: 1
05-11 18:25:44.845 D/LauncherAppsService( 1498): getActivityLaunchIntent callingPackage=com.android.systemui component=ComponentInfo{com.android.settings/com.android.settings.Settings} user=UserHandle{0}
05-11 18:25:44.845 D/LauncherAppsService( 1498): getActivityLaunchIntent callingPackage=com.android.systemui component=ComponentInfo{com.android.vending/com.android.vending.AssetBrowserActivity} user=UserHandle{0}
05-11 18:25:44.845 D/LauncherAppsService( 1498): getActivityLaunchIntent callingPackage=com.android.systemui component=ComponentInfo{com.google.android.GoogleCamera/com.android.camera.CameraLauncher} user=UserHandle{0}
05-11 18:25:44.845 D/LauncherAppsService( 1498): getActivityLaunchIntent callingPackage=com.android.systemui component=ComponentInfo{com.google.android.apps.docs/com.google.android.apps.docs.app.NewMainProxyActivity} user=UserHandle{0}
05-11 18:25:44.846 D/AlphabeticIndexCompat(19576): computeSectionName: cs: Cityprint sectionName: C
05-11 18:25:44.846 E/KernelCpuUidActiveTimeReader( 1498): Negative delta from active time for uid: 1002, delta: -33207
05-11 18:25:44.846 E/KernelCpuUidActiveTimeReader( 1498): Negative delta from active time for uid: 1040, delta: -138
05-11 18:25:44.846 E/KernelCpuUidActiveTimeReader( 1498): Negative delta from active time for uid: 1047, delta: -7194
05-11 18:25:44.846 E/KernelCpuUidActiveTimeReader( 1498): Negative delta from active time for uid: 1053, delta: -355
05-11 18:25:44.846 E/KernelCpuUidActiveTimeReader( 1498): Negative delta from active time for uid: 1064, delta: -59
05-11 18:25:44.846 E/KernelCpuUidActiveTimeReader( 1498): Negative delta from active time for uid: 1068, delta: -636
05-11 18:25:44.846 E/KernelCpuUidActiveTimeReader( 1498): Negative delta from active time for uid: 1082, delta: -530325
05-11 18:25:44.846 E/KernelCpuUidActiveTimeReader( 1498): Negative delta from active time for uid: 10083, delta: -2
05-11 18:25:44.846 E/KernelCpuUidActiveTimeReader( 1498): Negative delta from active time for uid: 10089, delta: -75
05-11 18:25:44.846 E/KernelCpuUidActiveTimeReader( 1498): Negative delta from active time for uid: 10090, delta: -30
05-11 18:25:44.846 E/KernelCpuUidActiveTimeReader( 1498): Negative delta from active time for uid: 10091, delta: -368
05-11 18:25:44.846 E/KernelCpuUidActiveTimeReader( 1498): Negative delta from active time for uid: 10100, delta: -58
05-11 18:25:44.846 E/KernelCpuUidActiveTimeReader( 1498): Negative delta from active time for uid: 10105, delta: -112
05-11 18:25:44.846 E/KernelCpuUidActiveTimeReader( 1498): Negative delta from active time for uid: 10110, delta: -4413
05-11 18:25:44.846 E/KernelCpuUidActiveTimeReader( 1498): Negative delta from active time for uid: 10113, delta: -447
05-11 18:25:44.846 E/KernelCpuUidActiveTimeReader( 1498): Negative delta from active time for uid: 10116, delta: -460
05-11 18:25:44.846 E/KernelCpuUidActiveTimeReader( 1498): Negative delta from active time for uid: 10121, delta: -446
05-11 18:25:44.846 E/KernelCpuUidActiveTimeReader( 1498): Negative delta from active time for uid: 10128, delta: -31976
05-11 18:25:44.846 E/KernelCpuUidActiveTimeReader( 1498): Negative delta from active time for uid: 10134, delta: -85
05-11 18:25:44.846 E/KernelCpuUidActiveTimeReader( 1498): Negative delta from active time for uid: 10140, delta: -1166
05-11 18:25:44.846 E/KernelCpuUidActiveTimeReader( 1498): Negative delta from active time for uid: 10142, delta: -352
05-11 18:25:44.846 E/KernelCpuUidActiveTimeReader( 1498): Negative delta from active time for uid: 10143, delta: -45
05-11 18:25:44.846 E/KernelCpuUidActiveTimeReader( 1498): Negative delta from active time for uid: 10144, delta: -16
05-11 18:25:44.846 E/KernelCpuUidActiveTimeReader( 1498): Negative delta from active time for uid: 10146, delta: -206
05-11 18:25:44.846 E/KernelCpuUidActiveTimeReader( 1498): Negative delta from active time for uid: 10148, delta: -550
05-11 18:25:44.846 E/KernelCpuUidActiveTimeReader( 1498): Negative delta from active time for uid: 10153, delta: -675
05-11 18:25:44.846 E/KernelCpuUidActiveTimeReader( 1498): Negative delta from active time for uid: 10154, delta: -436
05-11 18:25:44.846 E/KernelCpuUidActiveTimeReader( 1498): Negative delta from active time for uid: 10155, delta: -168
05-11 18:25:44.846 E/KernelCpuUidActiveTimeReader( 1498): Negative delta from active time for uid: 10157, delta: -20
05-11 18:25:44.846 E/KernelCpuUidActiveTimeReader( 1498): Negative delta from active time for uid: 10160, delta: -27661
05-11 18:25:44.846 E/KernelCpuUidActiveTimeReader( 1498): Negative delta from active time for uid: 10162, delta: -44
05-11 18:25:44.846 E/KernelCpuUidActiveTimeReader( 1498): Negative delta from active time for uid: 10166, delta: -811
05-11 18:25:44.846 E/KernelCpuUidActiveTimeReader( 1498): Negative delta from active time for uid: 10169, delta: -50
05-11 18:25:44.846 E/KernelCpuUidActiveTimeReader( 1498): Negative delta from active time for uid: 10174, delta: -846
05-11 18:25:44.846 E/KernelCpuUidActiveTimeReader( 1498): Negative delta from active time for uid: 10175, delta: -1999
05-11 18:25:44.846 E/KernelCpuUidActiveTimeReader( 1498): Negative delta from active time for uid: 10183, delta: -125
05-11 18:25:44.846 E/KernelCpuUidActiveTimeReader( 1498): Negative delta from active time for uid: 10189, delta: -44480
05-11 18:25:44.846 E/KernelCpuUidActiveTimeReader( 1498): Negative delta from active time for uid: 10191, delta: -1894
05-11 18:25:44.846 E/KernelCpuUidActiveTimeReader( 1498): Negative delta from active time for uid: 10203, delta: -1095
05-11 18:25:44.846 E/KernelCpuUidActiveTimeReader( 1498): Negative delta from active time for uid: 10206, delta: -386
05-11 18:25:44.846 E/KernelCpuUidActiveTimeReader( 1498): Negative delta from active time for uid: 10209, delta: -3579
05-11 18:25:44.846 E/KernelCpuUidActiveTimeReader( 1498): Negative delta from active time for uid: 10213, delta: -33045
05-11 18:25:44.846 E/KernelCpuUidActiveTimeReader( 1498): Negative delta from active time for uid: 10218, delta: -444
05-11 18:25:44.846 E/KernelCpuUidActiveTimeReader( 1498): Negative delta from active time for uid: 10220, delta: -505
05-11 18:25:44.846 E/KernelCpuUidActiveTimeReader( 1498): Negative delta from active time for uid: 10226, delta: -1546
05-11 18:25:44.846 E/KernelCpuUidActiveTimeReader( 1498): Negative delta from active time for uid: 10227, delta: -274
05-11 18:25:44.846 E/KernelCpuUidActiveTimeReader( 1498): Negative delta from active time for uid: 10228, delta: -178385
05-11 18:25:44.846 E/KernelCpuUidActiveTimeReader( 1498): Negative delta from active time for uid: 10230, delta: -76
05-11 18:25:44.846 E/KernelCpuUidActiveTimeReader( 1498): Negative delta from active time for uid: 10234, delta: -1593
05-11 18:25:44.846 E/KernelCpuUidActiveTimeReader( 1498): Negative delta from active time for uid: 10248, delta: -1366
05-11 18:25:44.846 E/KernelCpuUidActiveTimeReader( 1498): Negative delta from active time for uid: 10257, delta: -521
05-11 18:25:44.846 E/KernelCpuUidActiveTimeReader( 1498): Negative delta from active time for uid: 10267, delta: -85
05-11 18:25:44.846 E/KernelCpuUidActiveTimeReader( 1498): Negative delta from active time for uid: 10268, delta: -3719
05-11 18:25:44.846 E/KernelCpuUidActiveTimeReader( 1498): Negative delta from active time for uid: 10269, delta: -746
05-11 18:25:44.846 E/KernelCpuUidActiveTimeReader( 1498): Negative delta from active time for uid: 10275, delta: -263
05-11 18:25:44.846 E/KernelCpuUidActiveTimeReader( 1498): Negative delta from active time for uid: 10277, delta: -1304
05-11 18:25:44.846 E/KernelCpuUidActiveTimeReader( 1498): Negative delta from active time for uid: 10284, delta: -8609
05-11 18:25:44.846 E/KernelCpuUidActiveTimeReader( 1498): Negative delta from active time for uid: 10285, delta: -1123
05-11 18:25:44.846 E/KernelCpuUidActiveTimeReader( 1498): Negative delta from active time for uid: 10290, delta: -1555
05-11 18:25:44.846 E/KernelCpuUidActiveTimeReader( 1498): Negative delta from active time for uid: 10291, delta: -385
05-11 18:25:44.846 E/KernelCpuUidActiveTimeReader( 1498): Negative delta from active time for uid: 10295, delta: -1530
05-11 18:25:44.846 E/KernelCpuUidActiveTimeReader( 1498): Negative delta from active time for uid: 10296, delta: -6071
05-11 18:25:44.846 E/KernelCpuUidActiveTimeReader( 1498): Negative delta from active time for uid: 10297, delta: -1052
05-11 18:25:44.846 E/KernelCpuUidActiveTimeReader( 1498): Negative delta from active time for uid: 10308, delta: -155
