05-11 18:25:45.395 W/ParceledListSlice( 1498): Overly large reply size: 226768
05-11 18:25:45.396 V/Configuration( 1498): Updating configuration, locales updated from [en_US,de_DE] to [fr]
05-11 18:25:45.396 V/Configuration( 1498): Updating configuration, locales updated from [en_US,de_DE] to [fr_CA]
05-11 18:25:45.396 I/bte     (10090): Found: 1 changed packages for sequence number: 886, new sequence number: 887
05-11 18:25:45.397 V/Configuration( 1498): Updating configuration, locales updated from [en_US,de_DE] to [fr_FR]
05-11 18:25:45.397 V/Configuration( 1498): Updating configuration, locales updated from [en_US,de_DE] to [gl]
05-11 18:25:45.397 V/Configuration( 1498): Updating configuration, locales updated from [en_US,de_DE] to [gu]
05-11 18:25:45.397 V/Configuration( 1498): Updating configuration, locales updated from [en_US,de_DE] to [hi]
05-11 18:25:45.398 I/PackageInstalledIntentO(28678): Test flag v2 is disabled [CONTEXT service_id=469 ]
05-11 18:25:45.398 V/Configuration( 1498): Updating configuration, locales updated from [en_US,de_DE] to [hi_IN]
05-11 18:25:45.398 V/Configuration( 1498): Updating configuration, locales updated from [en_US,de_DE] to [hr]
05-11 18:25:45.398 V/Configuration( 1498): Updating configuration, locales updated from [en_US,de_DE] to [hr_HR]
05-11 18:25:45.400 D/nativeloader(28067): Configuring clns-9 for other apk /data/app/~~qBOnedAOp35tTXYqBZB5_A==/com.cityprint.app-1q8sEzCM-4DLtKIV78A1dQ==/base.apk. target_sdk_version=36, uses_libraries=, library_path=/data/app/~~qBOnedAOp35tTXYqBZB5_A==/com.cityprint.app-1q8sEzCM-4DLtKIV78A1dQ==/lib/arm64, permitted_path=/data:/mnt/expand:/data/user/0/com.cityprint.app
05-11 18:25:45.403 V/Configuration( 1498): Updating configuration, locales updated from [en_US,de_DE] to [hu]
05-11 18:25:45.405 V/Configuration( 1498): Updating configuration, locales updated from [en_US,de_DE] to [hu_HU]
05-11 18:25:45.406 V/Configuration( 1498): Updating configuration, locales updated from [en_US,de_DE] to [hy]
05-11 18:25:45.406 V/Configuration( 1498): Updating configuration, locales updated from [en_US,de_DE] to [id]
05-11 18:25:45.406 V/Configuration( 1498): Updating configuration, locales updated from [en_US,de_DE] to [id_ID]
05-11 18:25:45.407 V/Configuration( 1498): Updating configuration, locales updated from [en_US,de_DE] to [is]
05-11 18:25:45.407 V/Configuration( 1498): Updating configuration, locales updated from [en_US,de_DE] to [it]
05-11 18:25:45.407 V/Configuration( 1498): Updating configuration, locales updated from [en_US,de_DE] to [it_IT]
05-11 18:25:45.409 V/GraphicsEnvironment(28067): Currently set values for:
05-11 18:25:45.409 V/GraphicsEnvironment(28067):   angle_gl_driver_selection_pkgs=[com.android.angle]
05-11 18:25:45.409 V/GraphicsEnvironment(28067):   angle_gl_driver_selection_values=[angle]
05-11 18:25:45.409 V/GraphicsEnvironment(28067): com.cityprint.app is not listed in per-application setting
05-11 18:25:45.409 V/GraphicsEnvironment(28067): No special selections for ANGLE, returning default driver choice
05-11 18:25:45.409 V/GraphicsEnvironment(28067): Neither updatable production driver nor prerelease driver is supported.
05-11 18:25:45.412 I/NearbyDiscovery(28678): (REDACTED) processGrantSlicePermission: %s
05-11 18:25:45.414 V/Configuration( 1498): Updating configuration, locales updated from [en_US,de_DE] to [he]
05-11 18:25:45.415 V/Configuration( 1498): Updating configuration, locales updated from [en_US,de_DE] to [he_IL]
05-11 18:25:45.415 V/Configuration( 1498): Updating configuration, locales updated from [en_US,de_DE] to [ja]
05-11 18:25:45.415 V/Configuration( 1498): Updating configuration, locales updated from [en_US,de_DE] to [ja_JP]
05-11 18:25:45.416 V/Configuration( 1498): Updating configuration, locales updated from [en_US,de_DE] to [ka]
05-11 18:25:45.416 V/Configuration( 1498): Updating configuration, locales updated from [en_US,de_DE] to [kk]
05-11 18:25:45.416 V/Configuration( 1498): Updating configuration, locales updated from [en_US,de_DE] to [km]
05-11 18:25:45.416 V/Configuration( 1498): Updating configuration, locales updated from [en_US,de_DE] to [kn]
05-11 18:25:45.417 V/Configuration( 1498): Updating configuration, locales updated from [en_US,de_DE] to [ko]
05-11 18:25:45.421 I/bte     (10090): Handling installed or updated package: com.cityprint.app
05-11 18:25:45.421 I/ckk     (10090): Attempting to classify package: com.cityprint.app using model: bll_1
05-11 18:25:45.427 V/Configuration( 1498): Updating configuration, locales updated from [en_US,de_DE] to [ko_KR]
05-11 18:25:45.428 D/BackgroundInstallControlService( 1498): Package event received: 0
05-11 18:25:45.428 D/BackgroundInstallControlService( 1498): Package event received: 0
05-11 18:25:45.428 V/Configuration( 1498): Updating configuration, locales updated from [en_US,de_DE] to [ky]
05-11 18:25:45.428 V/Configuration( 1498): Updating configuration, locales updated from [en_US,de_DE] to [lo]
05-11 18:25:45.429 V/Configuration( 1498): Updating configuration, locales updated from [en_US,de_DE] to [lt]
05-11 18:25:45.430 W/SQLiteLog(28678): (28) double-quoted string literal: "com.cityprint.app"
05-11 18:25:45.434 I/DisplayManager(28067): Choreographer implicitly registered for the refresh rate.
05-11 18:25:45.440 W/ParceledListSlice( 1498): Element #68 is 23388 bytes.
05-11 18:25:45.440 W/ParceledListSlice( 1498): Overly large reply size: 87068
05-11 18:25:45.440 W/ParceledListSlice( 1498): Element #69 is 24372 bytes.
05-11 18:25:45.441 W/ParceledListSlice( 1498): Element #90 is 22308 bytes.
05-11 18:25:45.441 W/ParceledListSlice( 1498): Element #91 is 22212 bytes.
05-11 18:25:45.441 W/ParceledListSlice( 1498): Element #92 is 22332 bytes.
05-11 18:25:45.442 W/ParceledListSlice( 1498): Element #93 is 22276 bytes.
05-11 18:25:45.442 W/ParceledListSlice( 1498): Element #94 is 22340 bytes.
05-11 18:25:45.442 W/ParceledListSlice( 1498): Element #95 is 22332 bytes.
05-11 18:25:45.443 V/Configuration( 1498): Updating configuration, locales updated from [en_US,de_DE] to [lt_LT]
05-11 18:25:45.444 D/DesktopExperienceFlags(28067): Toggle override initialized to: false
05-11 18:25:45.444 V/Configuration( 1498): Updating configuration, locales updated from [en_US,de_DE] to [lv]
05-11 18:25:45.444 V/Configuration( 1498): Updating configuration, locales updated from [en_US,de_DE] to [lv_LV]
05-11 18:25:45.445 V/Configuration( 1498): Updating configuration, locales updated from [en_US,de_DE] to [mk]
05-11 18:25:45.445 V/Configuration( 1498): Updating configuration, locales updated from [en_US,de_DE] to [ml]
05-11 18:25:45.445 V/Configuration( 1498): Updating configuration, locales updated from [en_US,de_DE] to [mn]
05-11 18:25:45.446 V/Configuration( 1498): Updating configuration, locales updated from [en_US,de_DE] to [mr]
05-11 18:25:45.446 V/Configuration( 1498): Updating configuration, locales updated from [en_US,de_DE] to [ms]
05-11 18:25:45.446 V/Configuration( 1498): Updating configuration, locales updated from [en_US,de_DE] to [ms_MY]
05-11 18:25:45.450 W/ParceledListSlice( 1498): Element #260 is 75284 bytes.
05-11 18:25:45.450 W/ParceledListSlice( 1498): Element #261 is 17660 bytes.
05-11 18:25:45.452 D/AppCompatDelegate(28067): Checking for metadata for AppLocalesMetadataHolderService : Service not found
05-11 18:25:45.455 W/ParceledListSlice( 1498): Element #314 is 26196 bytes.
05-11 18:25:45.457 V/Configuration( 1498): Updating configuration, locales updated from [en_US,de_DE] to [my]
05-11 18:25:45.456 W/e.android.euicc(21643): Reducing the number of considered missed Gc histogram windows from 698 to 100
05-11 18:25:45.457 V/Configuration( 1498): Updating configuration, locales updated from [en_US,de_DE] to [nb]
05-11 18:25:45.457 V/Configuration( 1498): Updating configuration, locales updated from [en_US,de_DE] to [nb_NO]
05-11 18:25:45.458 V/Configuration( 1498): Updating configuration, locales updated from [en_US,de_DE] to [ne]
05-11 18:25:45.458 V/Configuration( 1498): Updating configuration, locales updated from [en_US,de_DE] to [nl]
05-11 18:25:45.458 V/Configuration( 1498): Updating configuration, locales updated from [en_US,de_DE] to [nl_NL]
05-11 18:25:45.458 V/Configuration( 1498): Updating configuration, locales updated from [en_US,de_DE] to [or]
05-11 18:25:45.459 W/ParceledListSlice( 1498): Element #345 is 83844 bytes.
05-11 18:25:45.459 W/ParceledListSlice( 1498): Overly large reply size: 109028
05-11 18:25:45.459 V/Configuration( 1498): Updating configuration, locales updated from [en_US,de_DE] to [pa]
05-11 18:25:45.459 V/Configuration( 1498): Updating configuration, locales updated from [en_US,de_DE] to [pl]
05-11 18:25:45.459 V/Configuration( 1498): Updating configuration, locales updated from [en_US,de_DE] to [pl_PL]
05-11 18:25:45.460 V/Configuration( 1498): Updating configuration, locales updated from [en_US,de_DE] to [pt]
05-11 18:25:45.460 V/Configuration( 1498): Updating configuration, locales updated from [en_US,de_DE] to [pt_BR]
05-11 18:25:45.460 V/Configuration( 1498): Updating configuration, locales updated from [en_US,de_DE] to [pt_PT]
05-11 18:25:45.460 W/ParceledListSlice( 1498): Element #243 is 17492 bytes.
05-11 18:25:45.461 W/ParceledListSlice( 1498): Element #265 is 19684 bytes.
05-11 18:25:45.464 V/Configuration( 1498): Updating configuration, locales updated from [en_US,de_DE] to [ro]
05-11 18:25:45.465 I/Icing   (28678): IndexChimeraService.getServiceInterface callingPackage=com.google.android.gms componentName=AppsCorpus serviceId=36
05-11 18:25:45.467 W/ParceledListSlice( 1498): Element #403 is 33060 bytes.
05-11 18:25:45.467 W/ParceledListSlice( 1498): Overly large reply size: 85456
05-11 18:25:45.468 V/Configuration( 1498): Updating configuration, locales updated from [en_US,de_DE] to [ro_RO]
05-11 18:25:45.469 W/ParceledListSlice( 1498): Element #423 is 17856 bytes.
05-11 18:25:45.470 V/Configuration( 1498): Updating configuration, locales updated from [en_US,de_DE] to [ru]
05-11 18:25:45.471 V/Configuration( 1498): Updating configuration, locales updated from [en_US,de_DE] to [ru_RU]
05-11 18:25:45.471 V/Configuration( 1498): Updating configuration, locales updated from [en_US,de_DE] to [si]
05-11 18:25:45.472 V/Configuration( 1498): Updating configuration, locales updated from [en_US,de_DE] to [sk]
05-11 18:25:45.474 V/Configuration( 1498): Updating configuration, locales updated from [en_US,de_DE] to [sk_SK]
05-11 18:25:45.474 V/Configuration( 1498): Updating configuration, locales updated from [en_US,de_DE] to [sl]
05-11 18:25:45.474 V/Configuration( 1498): Updating configuration, locales updated from [en_US,de_DE] to [sl_SI]
05-11 18:25:45.475 V/Configuration( 1498): Updating configuration, locales updated from [en_US,de_DE] to [sq]
05-11 18:25:45.475 V/Configuration( 1498): Updating configuration, locales updated from [en_US,de_DE] to [sr]
05-11 18:25:45.477 V/Configuration( 1498): Updating configuration, locales updated from [en_US,de_DE] to [sr__#Latn]
05-11 18:25:45.478 V/Configuration( 1498): Updating configuration, locales updated from [en_US,de_DE] to [sr_RS]
05-11 18:25:45.478 V/Configuration( 1498): Updating configuration, locales updated from [en_US,de_DE] to [sv]
05-11 18:25:45.478 V/Configuration( 1498): Updating configuration, locales updated from [en_US,de_DE] to [sv_SE]
05-11 18:25:45.479 D/CompatChangeReporter(28067): Compat change id reported: 377864165; UID 10407; state: ENABLED
05-11 18:25:45.479 D/DesktopModeFlags(28067): Toggle override initialized to: OVERRIDE_UNSET
05-11 18:25:45.479 V/Configuration( 1498): Updating configuration, locales updated from [en_US,de_DE] to [sw]
05-11 18:25:45.480 V/Configuration( 1498): Updating configuration, locales updated from [en_US,de_DE] to [sw_TZ]
05-11 18:25:45.480 V/Configuration( 1498): Updating configuration, locales updated from [en_US,de_DE] to [ta]
05-11 18:25:45.480 V/Configuration( 1498): Updating configuration, locales updated from [en_US,de_DE] to [te]
05-11 18:25:45.480 V/Configuration( 1498): Updating configuration, locales updated from [en_US,de_DE] to [th]
05-11 18:25:45.481 V/Configuration( 1498): Updating configuration, locales updated from [en_US,de_DE] to [th_TH]
05-11 18:25:45.481 V/Configuration( 1498): Updating configuration, locales updated from [en_US,de_DE] to [tr]
05-11 18:25:45.481 V/Configuration( 1498): Updating configuration, locales updated from [en_US,de_DE] to [tr_TR]
05-11 18:25:45.481 V/Configuration( 1498): Updating configuration, locales updated from [en_US,de_DE] to [uk]
05-11 18:25:45.482 V/Configuration( 1498): Updating configuration, locales updated from [en_US,de_DE] to [uk_UA]
05-11 18:25:45.482 V/Configuration( 1498): Updating configuration, locales updated from [en_US,de_DE] to [ur]
05-11 18:25:45.482 V/Configuration( 1498): Updating configuration, locales updated from [en_US,de_DE] to [uz]
05-11 18:25:45.482 V/Configuration( 1498): Updating configuration, locales updated from [en_US,de_DE] to [vi]
05-11 18:25:45.483 V/Configuration( 1498): Updating configuration, locales updated from [en_US,de_DE] to [vi_VN]
05-11 18:25:45.483 V/Configuration( 1498): Updating configuration, locales updated from [en_US,de_DE] to [zh_CN]
05-11 18:25:45.483 V/Configuration( 1498): Updating configuration, locales updated from [en_US,de_DE] to [zh_HK]
05-11 18:25:45.484 V/Configuration( 1498): Updating configuration, locales updated from [en_US,de_DE] to [zh_TW]
05-11 18:25:45.485 V/Configuration( 1498): Updating configuration, locales updated from [en_US,de_DE] to [zu]
05-11 18:25:45.485 V/Configuration( 1498): Updating configuration, locales updated from [en_US,de_DE] to [zu_ZA]
05-11 18:25:45.486 I/m.cityprint.app(28067): hiddenapi: Accessing hidden method Landroid/view/ViewGroup;->makeOptionalFitsSystemWindows()V (runtime_flags=0, domain=platform, api=unsupported) from Landroidx/appcompat/widget/ViewUtils; (domain=app, TargetSdkVersion=36) using reflection: allowed
05-11 18:25:45.492 I/WebViewFactory(28067): Loading com.google.android.webview version 147.0.7727.137 (code 772713703)
05-11 18:25:45.497 V/ResourcesManager(28067): The following library key has been added: ResourcesKey{ mHash=9163688d mResDir=null mSplitDirs=[] mOverlayDirs=[] mLibDirs=[/data/app/~~e7QI4CKZzUqnYsFVG4xmIA==/com.google.android.webview-ce8JLK6kAfkS9kBwDWm2qg==/base.apk,/system/framework/android.test.base.jar,/system_ext/framework/androidx.window.extensions.jar] mDisplayId=0 mOverrideConfig=v36 mCompatInfo={480dpi always-compat} mLoaders=[]}
05-11 18:25:45.498 D/ApplicationLoaders(28067): Returning zygote-cached class loader: /system/framework/android.test.base.jar
05-11 18:25:45.498 D/ApplicationLoaders(28067): Returning zygote-cached class loader: /system_ext/framework/androidx.window.extensions.jar
05-11 18:25:45.499 W/m.cityprint.app(28067): Loading /data/app/~~e7QI4CKZzUqnYsFVG4xmIA==/com.google.android.webview-ce8JLK6kAfkS9kBwDWm2qg==/oat/arm64/base.odex non-executable as it requires an image which we failed to load
05-11 18:25:45.500 D/nativeloader(28067): Configuring clns-10 for other apk /data/app/~~e7QI4CKZzUqnYsFVG4xmIA==/com.google.android.webview-ce8JLK6kAfkS9kBwDWm2qg==/base.apk. target_sdk_version=36, uses_libraries=, library_path=/data/app/~~e7QI4CKZzUqnYsFVG4xmIA==/com.google.android.webview-ce8JLK6kAfkS9kBwDWm2qg==/lib/arm64:/data/app/~~e7QI4CKZzUqnYsFVG4xmIA==/com.google.android.webview-ce8JLK6kAfkS9kBwDWm2qg==/base.apk!/lib/arm64-v8a, permitted_path=/data:/mnt/expand
05-11 18:25:45.511 I/cr_WVCFactoryProvider(28067): version=147.0.7727.137 (772713703) minSdkVersion=29 multiprocess=true packageId=2 splits=<none>
05-11 18:25:45.525 D/nativeloader(28067): Load /data/app/~~e7QI4CKZzUqnYsFVG4xmIA==/com.google.android.webview-ce8JLK6kAfkS9kBwDWm2qg==/base.apk!/lib/arm64-v8a/libwebviewchromium.so using class loader ns clns-10 (caller=/data/app/~~e7QI4CKZzUqnYsFVG4xmIA==/com.google.android.webview-ce8JLK6kAfkS9kBwDWm2qg==/base.apk): ok
05-11 18:25:45.526 D/nativeloader(28067): Load /system/lib64/libwebviewchromium_plat_support.so using class loader ns clns-10 (caller=/data/app/~~e7QI4CKZzUqnYsFVG4xmIA==/com.google.android.webview-ce8JLK6kAfkS9kBwDWm2qg==/base.apk): ok
05-11 18:25:45.529 I/chromium(28067): [0511/182545.528885:INFO:android_webview/browser/variations/variations_seed_loader.cc:67] Failed to open file for reading.: No such file or directory (2)
05-11 18:25:45.532 I/cr_LibraryLoader(28067): Successfully loaded native library
05-11 18:25:45.533 I/cr_CachingUmaRecorder(28067): Flushed 22 samples from 21 histograms, 0 samples were dropped.
05-11 18:25:45.534 I/cr_ChildProcLH(28067): ScopedServiceBindingBatch.tryActivate: false
05-11 18:25:45.535 I/cr_CombinedPProvider(28067): #registerProvider() provider:WV.yk@77b6552 isPolicyCacheEnabled:false policyProvidersSize:0
05-11 18:25:45.536 I/cr_PolicyProvider(28067): #setManagerAndSource() 0
05-11 18:25:45.537 I/cr_DisplayManager(28067): Is Display Topology available: false
05-11 18:25:45.550 I/cr_CombinedPProvider(28067): #linkNativeInternal() 1
05-11 18:25:45.551 I/cr_AppResProvider(28067): #getApplicationRestrictionsFromUserManager() Bundle[EMPTY_PARCEL]
05-11 18:25:45.551 I/cr_PolicyProvider(28067): #notifySettingsAvailable() 0
05-11 18:25:45.551 I/cr_CombinedPProvider(28067): #onSettingsAvailable() 0
05-11 18:25:45.551 I/cr_CombinedPProvider(28067): #flushPolicies()
05-11 18:25:45.552 V/GrammaticalInflectionUtils( 1498): AttributionSource: android.content.AttributionSource@9ac85dc5 does not have READ_SYSTEM_GRAMMATICAL_GENDER permission.
05-11 18:25:45.553 D/CompatChangeReporter( 1498): Compat change id reported: 441041342; UID 99361; state: ENABLED
05-11 18:25:45.559 V/WindowManagerShell( 2170): Transition animation finished (aborted=false), notifying core (#2479) android.os.BinderProxy@8cc68a5@0
05-11 18:25:45.561 V/WindowManager( 1498): Finish Transition (#2479): created at 05-11 18:25:45.229 collect-started=0.092ms request-sent=17.325ms started=19.382ms ready=37.315ms sent=38.672ms commit=8.883ms finished=330.818ms
05-11 18:25:45.561 D/WallpaperService( 2170): onVisibilityChanged(false): com.android.systemui.wallpapers.ImageWallpaper$CanvasEngine@81a5bfd
05-11 18:25:45.562 V/WindowManagerShell( 2170): Track 0 became idle
05-11 18:25:45.562 V/WindowManagerShell( 2170): All active transition animations finished
05-11 18:25:45.564 D/VRI[MainActivity](13252): visibilityChanged oldVisibility=true newVisibility=false
05-11 18:25:45.568 D/Zygote  (29835): Forked child process 28140
05-11 18:25:45.570 I/ssioncontroller( 2889): Background young concurrent mark compact GC freed 44MB AllocSpace bytes, 1(20KB) LOS objects, 56% free, 35MB/81MB, paused 6.587ms,14.010ms total 286.329ms
05-11 18:25:45.573 E/libc    (28140): SetHeapTaggingLevel: re-enabling tagging after it was disabled is not supported
05-11 18:25:45.576 I/Zygote  (28140): Process 28140 created for com.google.android.webview:sandboxed_process0:org.chromium.content.app.SandboxedProcessService0:0
05-11 18:25:45.576 I/ActivityManager( 1498): Start proc 28140:com.google.android.webview:sandboxed_process0:org.chromium.content.app.SandboxedProcessService0:0/u0i361 for  {com.cityprint.app/org.chromium.content.app.SandboxedProcessService0:0}
05-11 18:25:45.576 I/ocessService0:0(28140): Using CollectorTypeCMC GC.
05-11 18:25:45.578 D/BackgroundInstallControlService( 1498): Package event received: 0
05-11 18:25:45.585 D/nativeloader(28140): Load libframework-connectivity-tiramisu-jni.so using APEX ns com_android_tethering for caller /apex/com.android.tethering/javalib/framework-connectivity-t.jar: ok
05-11 18:25:45.588 W/chromium(28067): [WARNING:android_webview/browser/network_service/net_helpers.cc:137] HTTP Cache size is: 20971520
05-11 18:25:45.603 D/ConnectivityService( 1498): requestNetwork for uid/pid:10407/28067 activeRequest: null callbackRequest: 8746 [NetworkRequest [ REQUEST id=8747, [ Capabilities: INTERNET&NOT_RESTRICTED&TRUSTED&NOT_VCN_MANAGED&NOT_BANDWIDTH_CONSTRAINED Uid: 10407 RequestorUid: 10407 RequestorPkg: com.cityprint.app UnderlyingNetworks: Null] ]] callback flags: 0 order: 2147483647 isUidTracked: false declaredMethods: AVAIL|LOST|NC|LP
05-11 18:25:45.606 D/ApplicationLoaders(28140): Returning zygote-cached class loader: /system/framework/android.test.base.jar
05-11 18:25:45.606 D/ApplicationLoaders(28140): Returning zygote-cached class loader: /system_ext/framework/androidx.window.extensions.jar
05-11 18:25:45.607 I/Finsky  (19400): [182] AIM: AppInfoManager-Perf > getApps > data collection finished
05-11 18:25:45.607 I/Finsky  (19400): [182] AIM: AppInfoManager-Perf > maybeDestroyAppInfoManager is called. actives = 2
05-11 18:25:45.611 D/OemPaidWifiNetworkFactory( 1498): got request NetworkRequest [ REQUEST id=8747, [ Capabilities: INTERNET&NOT_RESTRICTED&TRUSTED&NOT_VCN_MANAGED&NOT_BANDWIDTH_CONSTRAINED Uid: 10407 RequestorUid: 10407 RequestorPkg: com.cityprint.app UnderlyingNetworks: Null] ]
05-11 18:25:45.611 D/MultiInternetWifiNetworkFactory( 1498): got request NetworkRequest [ REQUEST id=8747, [ Capabilities: INTERNET&NOT_RESTRICTED&TRUSTED&NOT_VCN_MANAGED&NOT_BANDWIDTH_CONSTRAINED Uid: 10407 RequestorUid: 10407 RequestorPkg: com.cityprint.app UnderlyingNetworks: Null] ]
05-11 18:25:45.611 D/WifiNetworkFactory( 1498): got request NetworkRequest [ REQUEST id=8747, [ Capabilities: INTERNET&NOT_RESTRICTED&TRUSTED&NOT_VCN_MANAGED&NOT_BANDWIDTH_CONSTRAINED Uid: 10407 RequestorUid: 10407 RequestorPkg: com.cityprint.app UnderlyingNetworks: Null] ]
05-11 18:25:45.611 D/UntrustedWifiNetworkFactory( 1498): got request NetworkRequest [ REQUEST id=8747, [ Capabilities: INTERNET&NOT_RESTRICTED&TRUSTED&NOT_VCN_MANAGED&NOT_BANDWIDTH_CONSTRAINED Uid: 10407 RequestorUid: 10407 RequestorPkg: com.cityprint.app UnderlyingNetworks: Null] ]
05-11 18:25:45.612 D/ConnectivityService( 1498): NetReassign [8747 : null ÔĺĆ 207] [c 0] [a 3] [i 5]
05-11 18:25:45.612 I/Finsky  (19400): [179] SCH: Scheduling phonesky job Id: 12-1, CT: 1778516745111, Constraints: [{ L: 15000, D: 86400000, C: CHARGING_NONE, I: IDLE_NONE, N: NET_ANY, B: BATTERY_ANY }]
05-11 18:25:45.613 I/cr_WebViewApkApp(28140): version=147.0.7727.137 (772713703) minSdkVersion=29 processName=com.google.android.webview:sandboxed_process0:org.chromium.content.app.SandboxedProcessService0:0 splits=<none>
05-11 18:25:45.616 I/Finsky  (19400): [182] AIM: AppInfoManager-Perf > getApps > data collection finished
05-11 18:25:45.616 I/Finsky  (19400): [182] AIM: AppInfoManager-Perf > maybeDestroyAppInfoManager is called. actives = 1
05-11 18:25:45.617 D/ConnectivityService( 1498): NetReassign [no changes] [c 0] [a 4] [i 1]
05-11 18:25:45.618 I/cr_ChildProcessService(28140): Creating new ChildProcessService pid=28140
05-11 18:25:45.619 D/BackgroundInstallControlService( 1498): Package event received: 0
05-11 18:25:45.624 D/Capacitor(28067): Starting BridgeActivity
05-11 18:25:45.628 I/buj     (10090): BLL finished for package: com.cityprint.app, score: 6.0, verdict: NOT_HARMFUL
05-11 18:25:45.628 I/ckk     (10090): Finished new classification for package: com.cityprint.app, model: bll_1, verdict: NOT_HARMFUL, score: 6.0
05-11 18:25:45.629 I/Icing   (28678): Usage reports ok 1, Failed Usage reports 0, indexed 0, rejected 0
05-11 18:25:45.631 I/Finsky  (19400): [179] AIM: AppInfoManager-Perf > ItemModel > CacheSize=199, cacheHitCount=0, cacheMissCount=0, total appsWithNoServerDataCount=5. Missed  in cache (limit 10) : []
05-11 18:25:45.632 I/Icing   (28678): Indexing com.google.android.gms-apps from com.google.android.gms
05-11 18:25:45.634 D/Capacitor(28067): Registering plugin instance: CapacitorCookies
05-11 18:25:45.635 I/Icing   (28678): IndexChimeraService.getServiceInterface callingPackage=com.google.android.gms componentName=null serviceId=30
05-11 18:25:45.635 I/bte     (10090): Work finished, result: Result(successCount=1, failureCount=0), latency: PT0.254S
05-11 18:25:45.637 D/Capacitor(28067): Registering plugin instance: WebView
05-11 18:25:45.637 I/btq     (10090): Finished work type: HANDLE_PACKAGES_CHANGED, success: true, latency: PT0.262S
05-11 18:25:45.637 D/Capacitor(28067): Registering plugin instance: CapacitorHttp
05-11 18:25:45.639 D/Capacitor(28067): Registering plugin instance: SystemBars
05-11 18:25:45.639 I/system_server( 1498): Background concurrent mark compact GC freed 74MB AllocSpace bytes, 60(1372KB) LOS objects, 40% free, 140MB/236MB, paused 6.894ms,11.763ms total 873.185ms
05-11 18:25:45.639 I/WorkService(10090): Stopping the work service
05-11 18:25:45.640 W/ForegroundServiceTypeLoggerModule( 1498): FGS stop call for: 10110 has no types!
05-11 18:25:45.640 D/Capacitor(28067): Registering plugin instance: Browser
05-11 18:25:45.640 I/WorkService(10090): Work service moved out of the foreground
05-11 18:25:45.641 I/WorkService(10090): Work service destroyed
05-11 18:25:45.641 D/BackgroundInstallControlService( 1498): Package event received: 0
05-11 18:25:45.641 D/BackgroundInstallControlService( 1498): Package event received: 0
05-11 18:25:45.641 I/ckq     (10090): Stopping watchdog: work-service, completed in time
05-11 18:25:45.642 D/Capacitor(28067): Registering plugin instance: Clipboard
05-11 18:25:45.642 D/Capacitor(28067): Registering plugin instance: Filesystem
05-11 18:25:45.643 I/Finsky  (19400): [179] SCH: Scheduling 1 system job(s)
05-11 18:25:45.644 D/Capacitor(28067): Registering plugin instance: Geolocation
05-11 18:25:45.647 I/Finsky  (19400): [179] SCH: Scheduling system job Id: 9007, L: 14468, D: 74423817, C: false, I: false, N: 1
05-11 18:25:45.652 I/AiAiVC  (19257): (REDACTED) Centralized allowlist: requested package %s is in the allowlist
05-11 18:25:45.652 I/AiAiVC  (19257): (REDACTED) Centralized allowlist: requested package %s is in the allowlist
05-11 18:25:45.652 I/AiAiVC  (19257): (REDACTED) Centralized allowlist: requested package %s is in the allowlist
05-11 18:25:45.652 I/AiAiVC  (19257): (REDACTED) Centralized allowlist: requested package %s is in the allowlist
05-11 18:25:45.652 I/AiAiVC  (19257): (REDACTED) Centralized allowlist: requested package %s is in the allowlist
05-11 18:25:45.652 I/AiAiVC  (19257): (REDACTED) Centralized allowlist: requested package %s is in the allowlist
05-11 18:25:45.652 I/AiAiVC  (19257): (REDACTED) Centralized allowlist: requested package %s is in the allowlist
05-11 18:25:45.652 I/AiAiVC  (19257): (REDACTED) Centralized allowlist: requested package %s is in the allowlist
05-11 18:25:45.652 I/AiAiVC  (19257): (REDACTED) Centralized allowlist: requested package %s is in the allowlist
05-11 18:25:45.652 I/AiAiVC  (19257): (REDACTED) Centralized allowlist: requested package %s is in the allowlist
05-11 18:25:45.652 I/AiAiVC  (19257): (REDACTED) Centralized allowlist: requested package %s is in the allowlist
05-11 18:25:45.652 I/AiAiVC  (19257): (REDACTED) Centralized allowlist: requested package %s is in the allowlist
05-11 18:25:45.652 I/AiAiVC  (19257): (REDACTED) Centralized allowlist: requested package %s is in the allowlist
05-11 18:25:45.652 I/AiAiVC  (19257): (REDACTED) Centralized allowlist: requested package %s is in the allowlist
05-11 18:25:45.652 I/AiAiVC  (19257): (REDACTED) Centralized allowlist: requested package %s is in the allowlist
05-11 18:25:45.652 I/AiAiVC  (19257): (REDACTED) Centralized allowlist: requested package %s is in the allowlist
05-11 18:25:45.652 I/AiAiVC  (19257): (REDACTED) Centralized allowlist: requested package %s is in the allowlist
05-11 18:25:45.652 I/AiAiVC  (19257): (REDACTED) Centralized allowlist: requested package %s is in the allowlist
05-11 18:25:45.652 I/AiAiVC  (19257): (REDACTED) Centralized allowlist: requested package %s is in the allowlist
05-11 18:25:45.652 I/AiAiVC  (19257): (REDACTED) Centralized allowlist: requested package %s is not in the allowlist
05-11 18:25:45.652 I/AiAiVC  (19257): (REDACTED) Centralized allowlist: requested package %s is in the allowlist
05-11 18:25:45.652 I/AiAiVC  (19257): (REDACTED) Centralized allowlist: requested package %s is in the allowlist
05-11 18:25:45.652 I/AiAiVC  (19257): (REDACTED) Centralized allowlist: requested component %s is in the allowlist
05-11 18:25:45.653 I/AiAiVC  (19257): (REDACTED) Centralized allowlist: requested component %s is in the allowlist
05-11 18:25:45.653 I/AiAiVC  (19257): (REDACTED) Centralized allowlist: requested component %s is in the allowlist
05-11 18:25:45.653 I/AiAiVC  (19257): (REDACTED) Centralized allowlist: requested component %s is in the allowlist
05-11 18:25:45.653 I/AiAiVC  (19257): (REDACTED) Centralized allowlist: requested component %s is in the allowlist
05-11 18:25:45.653 I/AiAiVC  (19257): (REDACTED) Centralized allowlist: requested component %s is in the allowlist
05-11 18:25:45.653 I/AiAiVC  (19257): (REDACTED) Centralized allowlist: requested component %s is in the allowlist
05-11 18:25:45.655 V/SafetySourceDataValidat( 1498): Package: com.android.vending has expected signature
05-11 18:25:45.655 V/SafetySourceDataValidat( 1498): Package: com.android.vending has expected signature
05-11 18:25:45.656 D/Capacitor(28067): Registering plugin instance: Share
05-11 18:25:45.656 I/AiAiVC  (19257): (REDACTED) Centralized allowlist: requested package %s is in the allowlist
05-11 18:25:45.656 I/AiAiVC  (19257): (REDACTED) Centralized allowlist: requested package %s is in the allowlist
05-11 18:25:45.656 I/AiAiVC  (19257): (REDACTED) Centralized allowlist: requested package %s is in the allowlist
05-11 18:25:45.656 I/AiAiVC  (19257): (REDACTED) Centralized allowlist: requested package %s is in the allowlist
05-11 18:25:45.656 I/AiAiVC  (19257): (REDACTED) Centralized allowlist: requested package %s is in the allowlist
05-11 18:25:45.656 I/AiAiVC  (19257): (REDACTED) Centralized allowlist: requested package %s is in the allowlist
05-11 18:25:45.656 I/AiAiVC  (19257): (REDACTED) Centralized allowlist: requested package %s is in the allowlist
05-11 18:25:45.656 I/AiAiVC  (19257): (REDACTED) Centralized allowlist: requested package %s is in the allowlist
05-11 18:25:45.656 I/AiAiVC  (19257): (REDACTED) Centralized allowlist: requested package %s is in the allowlist
05-11 18:25:45.656 I/AiAiVC  (19257): (REDACTED) Centralized allowlist: requested package %s is in the allowlist
05-11 18:25:45.656 I/AiAiVC  (19257): (REDACTED) Centralized allowlist: requested package %s is in the allowlist
05-11 18:25:45.656 I/AiAiVC  (19257): (REDACTED) Centralized allowlist: requested package %s is in the allowlist
05-11 18:25:45.656 I/AiAiVC  (19257): (REDACTED) Centralized allowlist: requested package %s is in the allowlist
05-11 18:25:45.656 I/AiAiVC  (19257): (REDACTED) Centralized allowlist: requested package %s is in the allowlist
05-11 18:25:45.656 I/AiAiVC  (19257): (REDACTED) Centralized allowlist: requested package %s is in the allowlist
05-11 18:25:45.656 I/AiAiVC  (19257): (REDACTED) Centralized allowlist: requested package %s is in the allowlist
05-11 18:25:45.656 I/AiAiVC  (19257): (REDACTED) Centralized allowlist: requested package %s is in the allowlist
05-11 18:25:45.656 I/AiAiVC  (19257): (REDACTED) Centralized allowlist: requested package %s is in the allowlist
05-11 18:25:45.656 I/AiAiVC  (19257): (REDACTED) Centralized allowlist: requested package %s is in the allowlist
05-11 18:25:45.656 I/AiAiVC  (19257): (REDACTED) Centralized allowlist: requested package %s is not in the allowlist
05-11 18:25:45.656 I/AiAiVC  (19257): (REDACTED) Centralized allowlist: requested package %s is in the allowlist
05-11 18:25:45.656 I/AiAiVC  (19257): (REDACTED) Centralized allowlist: requested package %s is in the allowlist
05-11 18:25:45.656 I/AiAiVC  (19257): (REDACTED) Centralized allowlist: requested component %s is in the allowlist
05-11 18:25:45.656 I/AiAiVC  (19257): (REDACTED) Centralized allowlist: requested component %s is in the allowlist
05-11 18:25:45.656 I/AiAiVC  (19257): (REDACTED) Centralized allowlist: requested component %s is in the allowlist
05-11 18:25:45.656 I/AiAiVC  (19257): (REDACTED) Centralized allowlist: requested component %s is in the allowlist
05-11 18:25:45.656 I/AiAiVC  (19257): (REDACTED) Centralized allowlist: requested component %s is in the allowlist
05-11 18:25:45.656 I/AiAiVC  (19257): (REDACTED) Centralized allowlist: requested component %s is in the allowlist
05-11 18:25:45.656 I/AiAiVC  (19257): (REDACTED) Centralized allowlist: requested component %s is in the allowlist
05-11 18:25:45.657 I/AiAiVC  (19257): (REDACTED) Centralized allowlist: requested package %s is in the allowlist
05-11 18:25:45.657 I/AiAiVC  (19257): (REDACTED) Centralized allowlist: requested package %s is in the allowlist
05-11 18:25:45.657 I/AiAiVC  (19257): (REDACTED) Centralized allowlist: requested package %s is in the allowlist
05-11 18:25:45.657 I/AiAiVC  (19257): (REDACTED) Centralized allowlist: requested package %s is in the allowlist
05-11 18:25:45.657 I/AiAiVC  (19257): (REDACTED) Centralized allowlist: requested package %s is in the allowlist
05-11 18:25:45.657 I/AiAiVC  (19257): (REDACTED) Centralized allowlist: requested package %s is in the allowlist
05-11 18:25:45.657 I/AiAiVC  (19257): (REDACTED) Centralized allowlist: requested package %s is in the allowlist
05-11 18:25:45.657 I/AiAiVC  (19257): (REDACTED) Centralized allowlist: requested package %s is in the allowlist
05-11 18:25:45.657 I/AiAiVC  (19257): (REDACTED) Centralized allowlist: requested package %s is in the allowlist
05-11 18:25:45.657 I/AiAiVC  (19257): (REDACTED) Centralized allowlist: requested package %s is in the allowlist
05-11 18:25:45.657 I/AiAiVC  (19257): (REDACTED) Centralized allowlist: requested package %s is in the allowlist
05-11 18:25:45.657 I/AiAiVC  (19257): (REDACTED) Centralized allowlist: requested package %s is in the allowlist
05-11 18:25:45.657 I/AiAiVC  (19257): (REDACTED) Centralized allowlist: requested package %s is in the allowlist
05-11 18:25:45.657 I/AiAiVC  (19257): (REDACTED) Centralized allowlist: requested package %s is in the allowlist
05-11 18:25:45.657 I/AiAiVC  (19257): (REDACTED) Centralized allowlist: requested package %s is in the allowlist
05-11 18:25:45.657 I/AiAiVC  (19257): (REDACTED) Centralized allowlist: requested package %s is in the allowlist
05-11 18:25:45.657 I/AiAiVC  (19257): (REDACTED) Centralized allowlist: requested package %s is in the allowlist
05-11 18:25:45.657 I/AiAiVC  (19257): (REDACTED) Centralized allowlist: requested package %s is in the allowlist
05-11 18:25:45.657 I/AiAiVC  (19257): (REDACTED) Centralized allowlist: requested package %s is in the allowlist
05-11 18:25:45.657 I/AiAiVC  (19257): (REDACTED) Centralized allowlist: requested package %s is not in the allowlist
05-11 18:25:45.657 I/AiAiVC  (19257): (REDACTED) Centralized allowlist: requested package %s is in the allowlist
05-11 18:25:45.657 I/AiAiVC  (19257): (REDACTED) Centralized allowlist: requested package %s is in the allowlist
05-11 18:25:45.657 I/AiAiVC  (19257): (REDACTED) Centralized allowlist: requested component %s is in the allowlist
05-11 18:25:45.657 I/AiAiVC  (19257): (REDACTED) Centralized allowlist: requested component %s is in the allowlist
05-11 18:25:45.657 I/AiAiVC  (19257): (REDACTED) Centralized allowlist: requested component %s is in the allowlist
05-11 18:25:45.657 I/AiAiVC  (19257): (REDACTED) Centralized allowlist: requested component %s is in the allowlist
05-11 18:25:45.657 I/AiAiVC  (19257): (REDACTED) Centralized allowlist: requested component %s is in the allowlist
05-11 18:25:45.657 I/AiAiVC  (19257): (REDACTED) Centralized allowlist: requested component %s is in the allowlist
05-11 18:25:45.657 I/AiAiVC  (19257): (REDACTED) Centralized allowlist: requested component %s is in the allowlist
05-11 18:25:45.658 I/AiAiVC  (19257): (REDACTED) Centralized allowlist: requested package %s is in the allowlist
05-11 18:25:45.658 I/AiAiVC  (19257): (REDACTED) Centralized allowlist: requested package %s is in the allowlist
05-11 18:25:45.658 I/AiAiVC  (19257): (REDACTED) Centralized allowlist: requested package %s is in the allowlist
05-11 18:25:45.658 I/AiAiVC  (19257): (REDACTED) Centralized allowlist: requested package %s is in the allowlist
05-11 18:25:45.658 I/AiAiVC  (19257): (REDACTED) Centralized allowlist: requested package %s is in the allowlist
05-11 18:25:45.658 I/AiAiVC  (19257): (REDACTED) Centralized allowlist: requested package %s is in the allowlist
05-11 18:25:45.658 I/AiAiVC  (19257): (REDACTED) Centralized allowlist: requested package %s is in the allowlist
05-11 18:25:45.658 I/AiAiVC  (19257): (REDACTED) Centralized allowlist: requested package %s is in the allowlist
05-11 18:25:45.658 I/AiAiVC  (19257): (REDACTED) Centralized allowlist: requested package %s is in the allowlist
05-11 18:25:45.658 I/AiAiVC  (19257): (REDACTED) Centralized allowlist: requested package %s is in the allowlist
05-11 18:25:45.658 I/AiAiVC  (19257): (REDACTED) Centralized allowlist: requested package %s is in the allowlist
05-11 18:25:45.658 I/AiAiVC  (19257): (REDACTED) Centralized allowlist: requested package %s is in the allowlist
05-11 18:25:45.658 I/AiAiVC  (19257): (REDACTED) Centralized allowlist: requested package %s is in the allowlist
05-11 18:25:45.658 I/AiAiVC  (19257): (REDACTED) Centralized allowlist: requested package %s is in the allowlist
05-11 18:25:45.658 I/AiAiVC  (19257): (REDACTED) Centralized allowlist: requested package %s is in the allowlist
05-11 18:25:45.658 I/AiAiVC  (19257): (REDACTED) Centralized allowlist: requested package %s is in the allowlist
05-11 18:25:45.658 I/AiAiVC  (19257): (REDACTED) Centralized allowlist: requested package %s is in the allowlist
05-11 18:25:45.658 I/AiAiVC  (19257): (REDACTED) Centralized allowlist: requested package %s is in the allowlist
05-11 18:25:45.658 I/AiAiVC  (19257): (REDACTED) Centralized allowlist: requested package %s is in the allowlist
05-11 18:25:45.658 I/AiAiVC  (19257): (REDACTED) Centralized allowlist: requested package %s is not in the allowlist
05-11 18:25:45.658 I/AiAiVC  (19257): (REDACTED) Centralized allowlist: requested package %s is in the allowlist
05-11 18:25:45.658 I/AiAiVC  (19257): (REDACTED) Centralized allowlist: requested package %s is in the allowlist
05-11 18:25:45.659 I/AiAiVC  (19257): (REDACTED) Centralized allowlist: requested component %s is in the allowlist
05-11 18:25:45.659 I/AiAiVC  (19257): (REDACTED) Centralized allowlist: requested component %s is in the allowlist
05-11 18:25:45.659 I/AiAiVC  (19257): (REDACTED) Centralized allowlist: requested component %s is in the allowlist
05-11 18:25:45.659 I/AiAiVC  (19257): (REDACTED) Centralized allowlist: requested component %s is in the allowlist
05-11 18:25:45.659 I/AiAiVC  (19257): (REDACTED) Centralized allowlist: requested component %s is in the allowlist
05-11 18:25:45.659 I/AiAiVC  (19257): (REDACTED) Centralized allowlist: requested component %s is in the allowlist
05-11 18:25:45.659 I/AiAiVC  (19257): (REDACTED) Centralized allowlist: requested component %s is in the allowlist
05-11 18:25:45.659 I/Finsky  (19400): [176] [ContentSync] finished, scheduled=true
05-11 18:25:45.660 I/AiAiVC  (19257): (REDACTED) Centralized allowlist: requested package %s is in the allowlist
05-11 18:25:45.660 I/AiAiVC  (19257): (REDACTED) Centralized allowlist: requested package %s is in the allowlist
05-11 18:25:45.660 I/AiAiVC  (19257): (REDACTED) Centralized allowlist: requested package %s is in the allowlist
05-11 18:25:45.660 I/AiAiVC  (19257): (REDACTED) Centralized allowlist: requested package %s is in the allowlist
05-11 18:25:45.660 I/AiAiVC  (19257): (REDACTED) Centralized allowlist: requested package %s is in the allowlist
05-11 18:25:45.660 I/AiAiVC  (19257): (REDACTED) Centralized allowlist: requested package %s is in the allowlist
05-11 18:25:45.660 I/AiAiVC  (19257): (REDACTED) Centralized allowlist: requested package %s is in the allowlist
05-11 18:25:45.660 I/AiAiVC  (19257): (REDACTED) Centralized allowlist: requested package %s is in the allowlist
05-11 18:25:45.660 I/AiAiVC  (19257): (REDACTED) Centralized allowlist: requested package %s is in the allowlist
05-11 18:25:45.660 I/AiAiVC  (19257): (REDACTED) Centralized allowlist: requested package %s is in the allowlist
05-11 18:25:45.660 I/AiAiVC  (19257): (REDACTED) Centralized allowlist: requested package %s is in the allowlist
05-11 18:25:45.660 I/AiAiVC  (19257): (REDACTED) Centralized allowlist: requested package %s is in the allowlist
05-11 18:25:45.660 I/AiAiVC  (19257): (REDACTED) Centralized allowlist: requested package %s is in the allowlist
05-11 18:25:45.660 I/AiAiVC  (19257): (REDACTED) Centralized allowlist: requested package %s is in the allowlist
05-11 18:25:45.660 I/AiAiVC  (19257): (REDACTED) Centralized allowlist: requested package %s is in the allowlist
05-11 18:25:45.660 I/AiAiVC  (19257): (REDACTED) Centralized allowlist: requested package %s is in the allowlist
05-11 18:25:45.660 I/AiAiVC  (19257): (REDACTED) Centralized allowlist: requested package %s is in the allowlist
05-11 18:25:45.660 I/AiAiVC  (19257): (REDACTED) Centralized allowlist: requested package %s is in the allowlist
05-11 18:25:45.660 I/AiAiVC  (19257): (REDACTED) Centralized allowlist: requested package %s is in the allowlist
05-11 18:25:45.660 I/AiAiVC  (19257): (REDACTED) Centralized allowlist: requested package %s is not in the allowlist
05-11 18:25:45.660 I/AiAiVC  (19257): (REDACTED) Centralized allowlist: requested package %s is in the allowlist
05-11 18:25:45.660 I/AiAiVC  (19257): (REDACTED) Centralized allowlist: requested package %s is in the allowlist
05-11 18:25:45.660 I/AiAiVC  (19257): (REDACTED) Centralized allowlist: requested component %s is in the allowlist
05-11 18:25:45.660 I/AiAiVC  (19257): (REDACTED) Centralized allowlist: requested component %s is in the allowlist
05-11 18:25:45.660 I/AiAiVC  (19257): (REDACTED) Centralized allowlist: requested component %s is in the allowlist
05-11 18:25:45.660 I/AiAiVC  (19257): (REDACTED) Centralized allowlist: requested component %s is in the allowlist
05-11 18:25:45.660 I/AiAiVC  (19257): (REDACTED) Centralized allowlist: requested component %s is in the allowlist
05-11 18:25:45.660 I/AiAiVC  (19257): (REDACTED) Centralized allowlist: requested component %s is in the allowlist
05-11 18:25:45.660 I/AiAiVC  (19257): (REDACTED) Centralized allowlist: requested component %s is in the allowlist
05-11 18:25:45.660 I/AiAiVC  (19257): (REDACTED) Centralized allowlist: requested package %s is in the allowlist
05-11 18:25:45.660 I/AiAiVC  (19257): (REDACTED) Centralized allowlist: requested package %s is in the allowlist
05-11 18:25:45.660 I/AiAiVC  (19257): (REDACTED) Centralized allowlist: requested package %s is in the allowlist
05-11 18:25:45.660 I/AiAiVC  (19257): (REDACTED) Centralized allowlist: requested package %s is in the allowlist
05-11 18:25:45.660 I/AiAiVC  (19257): (REDACTED) Centralized allowlist: requested package %s is in the allowlist
05-11 18:25:45.660 I/AiAiVC  (19257): (REDACTED) Centralized allowlist: requested package %s is in the allowlist
05-11 18:25:45.660 I/AiAiVC  (19257): (REDACTED) Centralized allowlist: requested package %s is in the allowlist
05-11 18:25:45.660 I/AiAiVC  (19257): (REDACTED) Centralized allowlist: requested package %s is in the allowlist
05-11 18:25:45.660 I/AiAiVC  (19257): (REDACTED) Centralized allowlist: requested package %s is in the allowlist
05-11 18:25:45.660 I/AiAiVC  (19257): (REDACTED) Centralized allowlist: requested package %s is in the allowlist
05-11 18:25:45.660 I/AiAiVC  (19257): (REDACTED) Centralized allowlist: requested package %s is in the allowlist
05-11 18:25:45.660 I/AiAiVC  (19257): (REDACTED) Centralized allowlist: requested package %s is in the allowlist
05-11 18:25:45.660 I/AiAiVC  (19257): (REDACTED) Centralized allowlist: requested package %s is in the allowlist
05-11 18:25:45.660 I/AiAiVC  (19257): (REDACTED) Centralized allowlist: requested package %s is in the allowlist
05-11 18:25:45.660 I/AiAiVC  (19257): (REDACTED) Centralized allowlist: requested package %s is in the allowlist
05-11 18:25:45.660 I/AiAiVC  (19257): (REDACTED) Centralized allowlist: requested package %s is in the allowlist
05-11 18:25:45.660 I/AiAiVC  (19257): (REDACTED) Centralized allowlist: requested package %s is in the allowlist
05-11 18:25:45.660 I/AiAiVC  (19257): (REDACTED) Centralized allowlist: requested package %s is in the allowlist
05-11 18:25:45.660 I/AiAiVC  (19257): (REDACTED) Centralized allowlist: requested package %s is in the allowlist
05-11 18:25:45.660 I/AiAiVC  (19257): (REDACTED) Centralized allowlist: requested package %s is not in the allowlist
05-11 18:25:45.660 I/AiAiVC  (19257): (REDACTED) Centralized allowlist: requested package %s is in the allowlist
05-11 18:25:45.661 I/AiAiVC  (19257): (REDACTED) Centralized allowlist: requested package %s is in the allowlist
05-11 18:25:45.661 I/AiAiVC  (19257): (REDACTED) Centralized allowlist: requested component %s is in the allowlist
05-11 18:25:45.661 I/AiAiVC  (19257): (REDACTED) Centralized allowlist: requested component %s is in the allowlist
05-11 18:25:45.661 I/AiAiVC  (19257): (REDACTED) Centralized allowlist: requested component %s is in the allowlist
05-11 18:25:45.661 I/AiAiVC  (19257): (REDACTED) Centralized allowlist: requested component %s is in the allowlist
05-11 18:25:45.661 I/AiAiVC  (19257): (REDACTED) Centralized allowlist: requested component %s is in the allowlist
05-11 18:25:45.661 I/AiAiVC  (19257): (REDACTED) Centralized allowlist: requested component %s is in the allowlist
05-11 18:25:45.661 I/AiAiVC  (19257): (REDACTED) Centralized allowlist: requested component %s is in the allowlist
05-11 18:25:45.661 I/AiAiVC  (19257): (REDACTED) Centralized allowlist: requested package %s is in the allowlist
05-11 18:25:45.661 I/AiAiVC  (19257): (REDACTED) Centralized allowlist: requested package %s is in the allowlist
05-11 18:25:45.661 I/AiAiVC  (19257): (REDACTED) Centralized allowlist: requested package %s is in the allowlist
05-11 18:25:45.661 I/AiAiVC  (19257): (REDACTED) Centralized allowlist: requested package %s is in the allowlist
05-11 18:25:45.661 I/AiAiVC  (19257): (REDACTED) Centralized allowlist: requested package %s is in the allowlist
05-11 18:25:45.661 I/AiAiVC  (19257): (REDACTED) Centralized allowlist: requested package %s is in the allowlist
05-11 18:25:45.661 I/AiAiVC  (19257): (REDACTED) Centralized allowlist: requested package %s is in the allowlist
05-11 18:25:45.661 I/AiAiVC  (19257): (REDACTED) Centralized allowlist: requested package %s is in the allowlist
05-11 18:25:45.661 I/AiAiVC  (19257): (REDACTED) Centralized allowlist: requested package %s is in the allowlist
05-11 18:25:45.661 I/AiAiVC  (19257): (REDACTED) Centralized allowlist: requested package %s is in the allowlist
05-11 18:25:45.661 I/AiAiVC  (19257): (REDACTED) Centralized allowlist: requested package %s is in the allowlist
05-11 18:25:45.661 I/AiAiVC  (19257): (REDACTED) Centralized allowlist: requested package %s is in the allowlist
05-11 18:25:45.661 I/AiAiVC  (19257): (REDACTED) Centralized allowlist: requested package %s is in the allowlist
05-11 18:25:45.661 I/AiAiVC  (19257): (REDACTED) Centralized allowlist: requested package %s is in the allowlist
05-11 18:25:45.661 I/AiAiVC  (19257): (REDACTED) Centralized allowlist: requested package %s is in the allowlist
05-11 18:25:45.661 I/AiAiVC  (19257): (REDACTED) Centralized allowlist: requested package %s is in the allowlist
05-11 18:25:45.661 I/AiAiVC  (19257): (REDACTED) Centralized allowlist: requested package %s is in the allowlist
05-11 18:25:45.661 I/AiAiVC  (19257): (REDACTED) Centralized allowlist: requested package %s is in the allowlist
05-11 18:25:45.661 I/AiAiVC  (19257): (REDACTED) Centralized allowlist: requested package %s is in the allowlist
05-11 18:25:45.661 I/AiAiVC  (19257): (REDACTED) Centralized allowlist: requested package %s is not in the allowlist
05-11 18:25:45.661 I/AiAiVC  (19257): (REDACTED) Centralized allowlist: requested package %s is in the allowlist
05-11 18:25:45.661 I/AiAiVC  (19257): (REDACTED) Centralized allowlist: requested package %s is in the allowlist
05-11 18:25:45.661 I/AiAiVC  (19257): (REDACTED) Centralized allowlist: requested component %s is in the allowlist
05-11 18:25:45.661 I/AiAiVC  (19257): (REDACTED) Centralized allowlist: requested component %s is in the allowlist
05-11 18:25:45.661 I/AiAiVC  (19257): (REDACTED) Centralized allowlist: requested component %s is in the allowlist
05-11 18:25:45.661 I/AiAiVC  (19257): (REDACTED) Centralized allowlist: requested component %s is in the allowlist
05-11 18:25:45.661 I/AiAiVC  (19257): (REDACTED) Centralized allowlist: requested component %s is in the allowlist
05-11 18:25:45.661 I/AiAiVC  (19257): (REDACTED) Centralized allowlist: requested component %s is in the allowlist
05-11 18:25:45.661 I/AiAiVC  (19257): (REDACTED) Centralized allowlist: requested component %s is in the allowlist
05-11 18:25:45.662 I/AiAiVC  (19257): (REDACTED) Centralized allowlist: requested package %s is in the allowlist
05-11 18:25:45.662 I/AiAiVC  (19257): (REDACTED) Centralized allowlist: requested package %s is in the allowlist
05-11 18:25:45.662 I/AiAiVC  (19257): (REDACTED) Centralized allowlist: requested package %s is in the allowlist
05-11 18:25:45.662 I/AiAiVC  (19257): (REDACTED) Centralized allowlist: requested package %s is in the allowlist
05-11 18:25:45.662 I/AiAiVC  (19257): (REDACTED) Centralized allowlist: requested package %s is in the allowlist
05-11 18:25:45.662 I/AiAiVC  (19257): (REDACTED) Centralized allowlist: requested package %s is in the allowlist
05-11 18:25:45.662 I/AiAiVC  (19257): (REDACTED) Centralized allowlist: requested package %s is in the allowlist
05-11 18:25:45.662 I/AiAiVC  (19257): (REDACTED) Centralized allowlist: requested package %s is in the allowlist
05-11 18:25:45.662 I/AiAiVC  (19257): (REDACTED) Centralized allowlist: requested package %s is in the allowlist
